<?xml version="1.0" encoding="ISO-8859-1" ?>
<link_info>
   <banner>TI ARM Linker PC v20.2.5.LTS</banner>
   <copyright>Copyright (c) 1996-2018 Texas Instruments Incorporated</copyright>
   <link_time>0x6227251c</link_time>
   <link_errors>0x0</link_errors>
   <output_file>TMS570LC4357_FreeRTOS_LWIP.out</output_file>
   <entry_point>
      <name>_c_int00</name>
      <address>0x631c4</address>
   </entry_point>
   <input_file_list>
      <input_file id="fl-2">
         <path>.\example\hdk\src\</path>
         <kind>object</kind>
         <file>lwip_main.obj</file>
         <name>lwip_main.obj</name>
      </input_file>
      <input_file id="fl-3">
         <path>.\lwip-1.4.1\apps\httpserver_raw\</path>
         <kind>object</kind>
         <file>fs.obj</file>
         <name>fs.obj</name>
      </input_file>
      <input_file id="fl-4">
         <path>.\lwip-1.4.1\apps\httpserver_raw\</path>
         <kind>object</kind>
         <file>httpd.obj</file>
         <name>httpd.obj</name>
      </input_file>
      <input_file id="fl-5">
         <path>.\lwip-1.4.1\ports\hdk\</path>
         <kind>object</kind>
         <file>lwiplib.obj</file>
         <name>lwiplib.obj</name>
      </input_file>
      <input_file id="fl-6">
         <path>.\lwip-1.4.1\src\core\</path>
         <kind>object</kind>
         <file>def.obj</file>
         <name>def.obj</name>
      </input_file>
      <input_file id="fl-7">
         <path>.\lwip-1.4.1\src\core\</path>
         <kind>object</kind>
         <file>timers.obj</file>
         <name>timers.obj</name>
      </input_file>
      <input_file id="fl-8">
         <path>.\lwip-1.4.1\src\netif\</path>
         <kind>object</kind>
         <file>ethernetif.obj</file>
         <name>ethernetif.obj</name>
      </input_file>
      <input_file id="fl-9">
         <path>.\source\</path>
         <kind>object</kind>
         <file>HL_emac.obj</file>
         <name>HL_emac.obj</name>
      </input_file>
      <input_file id="fl-a">
         <path>.\source\</path>
         <kind>object</kind>
         <file>HL_epc.obj</file>
         <name>HL_epc.obj</name>
      </input_file>
      <input_file id="fl-b">
         <path>.\source\</path>
         <kind>object</kind>
         <file>HL_errata.obj</file>
         <name>HL_errata.obj</name>
      </input_file>
      <input_file id="fl-c">
         <path>.\source\</path>
         <kind>object</kind>
         <file>HL_errata_SSWF021_45.obj</file>
         <name>HL_errata_SSWF021_45.obj</name>
      </input_file>
      <input_file id="fl-d">
         <path>.\source\</path>
         <kind>object</kind>
         <file>HL_esm.obj</file>
         <name>HL_esm.obj</name>
      </input_file>
      <input_file id="fl-e">
         <path>.\source\</path>
         <kind>object</kind>
         <file>HL_gio.obj</file>
         <name>HL_gio.obj</name>
      </input_file>
      <input_file id="fl-f">
         <path>.\source\</path>
         <kind>object</kind>
         <file>HL_mdio.obj</file>
         <name>HL_mdio.obj</name>
      </input_file>
      <input_file id="fl-10">
         <path>.\source\</path>
         <kind>object</kind>
         <file>HL_nmpu.obj</file>
         <name>HL_nmpu.obj</name>
      </input_file>
      <input_file id="fl-11">
         <path>.\source\</path>
         <kind>object</kind>
         <file>HL_notification.obj</file>
         <name>HL_notification.obj</name>
      </input_file>
      <input_file id="fl-12">
         <path>.\source\</path>
         <kind>object</kind>
         <file>HL_phy_dp83640.obj</file>
         <name>HL_phy_dp83640.obj</name>
      </input_file>
      <input_file id="fl-13">
         <path>.\source\</path>
         <kind>object</kind>
         <file>HL_phy_tlk111.obj</file>
         <name>HL_phy_tlk111.obj</name>
      </input_file>
      <input_file id="fl-14">
         <path>.\source\</path>
         <kind>object</kind>
         <file>HL_pinmux.obj</file>
         <name>HL_pinmux.obj</name>
      </input_file>
      <input_file id="fl-15">
         <path>.\source\</path>
         <kind>object</kind>
         <file>HL_sci.obj</file>
         <name>HL_sci.obj</name>
      </input_file>
      <input_file id="fl-16">
         <path>.\source\</path>
         <kind>object</kind>
         <file>HL_sys_core.obj</file>
         <name>HL_sys_core.obj</name>
      </input_file>
      <input_file id="fl-17">
         <path>.\source\</path>
         <kind>object</kind>
         <file>HL_sys_dma.obj</file>
         <name>HL_sys_dma.obj</name>
      </input_file>
      <input_file id="fl-18">
         <path>.\source\</path>
         <kind>object</kind>
         <file>HL_sys_intvecs.obj</file>
         <name>HL_sys_intvecs.obj</name>
      </input_file>
      <input_file id="fl-19">
         <path>.\source\</path>
         <kind>object</kind>
         <file>HL_sys_main.obj</file>
         <name>HL_sys_main.obj</name>
      </input_file>
      <input_file id="fl-1a">
         <path>.\source\</path>
         <kind>object</kind>
         <file>HL_sys_mpu.obj</file>
         <name>HL_sys_mpu.obj</name>
      </input_file>
      <input_file id="fl-1b">
         <path>.\source\</path>
         <kind>object</kind>
         <file>HL_sys_pcr.obj</file>
         <name>HL_sys_pcr.obj</name>
      </input_file>
      <input_file id="fl-1c">
         <path>.\source\</path>
         <kind>object</kind>
         <file>HL_sys_phantom.obj</file>
         <name>HL_sys_phantom.obj</name>
      </input_file>
      <input_file id="fl-1d">
         <path>.\source\</path>
         <kind>object</kind>
         <file>HL_sys_pmm.obj</file>
         <name>HL_sys_pmm.obj</name>
      </input_file>
      <input_file id="fl-1e">
         <path>.\source\</path>
         <kind>object</kind>
         <file>HL_sys_pmu.obj</file>
         <name>HL_sys_pmu.obj</name>
      </input_file>
      <input_file id="fl-1f">
         <path>.\source\</path>
         <kind>object</kind>
         <file>HL_sys_startup.obj</file>
         <name>HL_sys_startup.obj</name>
      </input_file>
      <input_file id="fl-20">
         <path>.\source\</path>
         <kind>object</kind>
         <file>HL_sys_vim.obj</file>
         <name>HL_sys_vim.obj</name>
      </input_file>
      <input_file id="fl-21">
         <path>.\source\</path>
         <kind>object</kind>
         <file>HL_system.obj</file>
         <name>HL_system.obj</name>
      </input_file>
      <input_file id="fl-22">
         <path>.\source\</path>
         <kind>object</kind>
         <file>os_croutine.obj</file>
         <name>os_croutine.obj</name>
      </input_file>
      <input_file id="fl-23">
         <path>.\source\</path>
         <kind>object</kind>
         <file>os_event_groups.obj</file>
         <name>os_event_groups.obj</name>
      </input_file>
      <input_file id="fl-24">
         <path>.\source\</path>
         <kind>object</kind>
         <file>os_heap.obj</file>
         <name>os_heap.obj</name>
      </input_file>
      <input_file id="fl-25">
         <path>.\source\</path>
         <kind>object</kind>
         <file>os_list.obj</file>
         <name>os_list.obj</name>
      </input_file>
      <input_file id="fl-26">
         <path>.\source\</path>
         <kind>object</kind>
         <file>os_mpu_wrappers.obj</file>
         <name>os_mpu_wrappers.obj</name>
      </input_file>
      <input_file id="fl-27">
         <path>.\source\</path>
         <kind>object</kind>
         <file>os_port.obj</file>
         <name>os_port.obj</name>
      </input_file>
      <input_file id="fl-28">
         <path>.\source\</path>
         <kind>object</kind>
         <file>os_portasm.obj</file>
         <name>os_portasm.obj</name>
      </input_file>
      <input_file id="fl-29">
         <path>.\source\</path>
         <kind>object</kind>
         <file>os_queue.obj</file>
         <name>os_queue.obj</name>
      </input_file>
      <input_file id="fl-2a">
         <path>.\source\</path>
         <kind>object</kind>
         <file>os_tasks.obj</file>
         <name>os_tasks.obj</name>
      </input_file>
      <input_file id="fl-2b">
         <path>.\source\</path>
         <kind>object</kind>
         <file>os_timer.obj</file>
         <name>os_timer.obj</name>
      </input_file>
      <input_file id="fl-30">
         <kind>object</kind>
         <file>&lt;internal&gt;</file>
         <name>&lt;internal&gt;</name>
      </input_file>
      <input_file id="fl-31">
         <path>C:\ti\ccs1040\ccs\tools\compiler\ti-cgt-arm_20.2.5.LTS\lib\</path>
         <kind>archive</kind>
         <file>rtsv7R4_T_be_v3D16_eabi.lib</file>
         <name>s_floor.c.obj</name>
      </input_file>
      <input_file id="fl-32">
         <path>C:\ti\ccs1040\ccs\tools\compiler\ti-cgt-arm_20.2.5.LTS\lib\</path>
         <kind>archive</kind>
         <file>rtsv7R4_T_be_v3D16_eabi.lib</file>
         <name>memcpy_t2.asm.obj</name>
      </input_file>
      <input_file id="fl-33">
         <path>C:\ti\ccs1040\ccs\tools\compiler\ti-cgt-arm_20.2.5.LTS\lib\</path>
         <kind>archive</kind>
         <file>rtsv7R4_T_be_v3D16_eabi.lib</file>
         <name>i_div32.asm.obj</name>
      </input_file>
      <input_file id="fl-34">
         <path>C:\ti\ccs1040\ccs\tools\compiler\ti-cgt-arm_20.2.5.LTS\lib\</path>
         <kind>archive</kind>
         <file>rtsv7R4_T_be_v3D16_eabi.lib</file>
         <name>u_div32.asm.obj</name>
      </input_file>
      <input_file id="fl-35">
         <path>C:\ti\ccs1040\ccs\tools\compiler\ti-cgt-arm_20.2.5.LTS\lib\</path>
         <kind>archive</kind>
         <file>rtsv7R4_T_be_v3D16_eabi.lib</file>
         <name>memset_t2.asm.obj</name>
      </input_file>
      <input_file id="fl-36">
         <path>C:\ti\ccs1040\ccs\tools\compiler\ti-cgt-arm_20.2.5.LTS\lib\</path>
         <kind>archive</kind>
         <file>rtsv7R4_T_be_v3D16_eabi.lib</file>
         <name>autoinit.c.obj</name>
      </input_file>
      <input_file id="fl-37">
         <path>C:\ti\ccs1040\ccs\tools\compiler\ti-cgt-arm_20.2.5.LTS\lib\</path>
         <kind>archive</kind>
         <file>rtsv7R4_T_be_v3D16_eabi.lib</file>
         <name>cpy_tbl.c.obj</name>
      </input_file>
      <input_file id="fl-38">
         <path>C:\ti\ccs1040\ccs\tools\compiler\ti-cgt-arm_20.2.5.LTS\lib\</path>
         <kind>archive</kind>
         <file>rtsv7R4_T_be_v3D16_eabi.lib</file>
         <name>copy_zero_init.c.obj</name>
      </input_file>
      <input_file id="fl-39">
         <path>C:\ti\ccs1040\ccs\tools\compiler\ti-cgt-arm_20.2.5.LTS\lib\</path>
         <kind>archive</kind>
         <file>rtsv7R4_T_be_v3D16_eabi.lib</file>
         <name>copy_decompress_none.c.obj</name>
      </input_file>
      <input_file id="fl-3a">
         <path>C:\ti\ccs1040\ccs\tools\compiler\ti-cgt-arm_20.2.5.LTS\lib\</path>
         <kind>archive</kind>
         <file>rtsv7R4_T_be_v3D16_eabi.lib</file>
         <name>copy_decompress_lzss.c.obj</name>
      </input_file>
      <input_file id="fl-3b">
         <path>C:\ti\ccs1040\ccs\tools\compiler\ti-cgt-arm_20.2.5.LTS\lib\</path>
         <kind>archive</kind>
         <file>rtsv7R4_T_be_v3D16_eabi.lib</file>
         <name>exit.c.obj</name>
      </input_file>
      <input_file id="fl-3c">
         <path>C:\ti\ccs1040\ccs\tools\compiler\ti-cgt-arm_20.2.5.LTS\lib\</path>
         <kind>archive</kind>
         <file>rtsv7R4_T_be_v3D16_eabi.lib</file>
         <name>_lock.c.obj</name>
      </input_file>
      <input_file id="fl-3d">
         <path>C:\ti\ccs1040\ccs\tools\compiler\ti-cgt-arm_20.2.5.LTS\lib\</path>
         <kind>archive</kind>
         <file>rtsv7R4_T_be_v3D16_eabi.lib</file>
         <name>memcmp.c.obj</name>
      </input_file>
      <input_file id="fl-3e">
         <path>C:\ti\ccs1040\ccs\tools\compiler\ti-cgt-arm_20.2.5.LTS\lib\</path>
         <kind>archive</kind>
         <file>rtsv7R4_T_be_v3D16_eabi.lib</file>
         <name>strchr.c.obj</name>
      </input_file>
      <input_file id="fl-3f">
         <path>C:\ti\ccs1040\ccs\tools\compiler\ti-cgt-arm_20.2.5.LTS\lib\</path>
         <kind>archive</kind>
         <file>rtsv7R4_T_be_v3D16_eabi.lib</file>
         <name>strcmp.c.obj</name>
      </input_file>
      <input_file id="fl-40">
         <path>C:\ti\ccs1040\ccs\tools\compiler\ti-cgt-arm_20.2.5.LTS\lib\</path>
         <kind>archive</kind>
         <file>rtsv7R4_T_be_v3D16_eabi.lib</file>
         <name>strlen.c.obj</name>
      </input_file>
      <input_file id="fl-41">
         <path>C:\ti\ccs1040\ccs\tools\compiler\ti-cgt-arm_20.2.5.LTS\lib\</path>
         <kind>archive</kind>
         <file>rtsv7R4_T_be_v3D16_eabi.lib</file>
         <name>strncmp.c.obj</name>
      </input_file>
      <input_file id="fl-42">
         <path>C:\ti\ccs1040\ccs\tools\compiler\ti-cgt-arm_20.2.5.LTS\lib\</path>
         <kind>archive</kind>
         <file>rtsv7R4_T_be_v3D16_eabi.lib</file>
         <name>div0.asm.obj</name>
      </input_file>
   </input_file_list>
   <object_component_list>
      <object_component id="oc-33">
         <name>.intvecs</name>
         <load_address>0x0</load_address>
         <run_address>0x0</run_address>
         <size>0x20</size>
         <input_file_ref idref="fl-18"/>
      </object_component>
      <object_component id="oc-144">
         <name>.kernelTEXT</name>
         <load_address>0x20</load_address>
         <run_address>0x20</run_address>
         <size>0x2bb8</size>
         <input_file_ref idref="fl-2a"/>
      </object_component>
      <object_component id="oc-2ce">
         <name>.kernelTEXT</name>
         <load_address>0x2bd8</load_address>
         <run_address>0x2bd8</run_address>
         <size>0x11d4</size>
         <input_file_ref idref="fl-29"/>
      </object_component>
      <object_component id="oc-2d4">
         <name>.kernelTEXT</name>
         <load_address>0x3dac</load_address>
         <run_address>0x3dac</run_address>
         <size>0x818</size>
         <input_file_ref idref="fl-23"/>
      </object_component>
      <object_component id="oc-ad">
         <name>.kernelTEXT</name>
         <load_address>0x45c4</load_address>
         <run_address>0x45c4</run_address>
         <size>0x4b0</size>
         <input_file_ref idref="fl-28"/>
      </object_component>
      <object_component id="oc-301">
         <name>.kernelTEXT</name>
         <load_address>0x4a74</load_address>
         <run_address>0x4a74</run_address>
         <size>0x3dc</size>
         <input_file_ref idref="fl-27"/>
      </object_component>
      <object_component id="oc-2f5">
         <name>.kernelTEXT</name>
         <load_address>0x4e50</load_address>
         <run_address>0x4e50</run_address>
         <size>0x37c</size>
         <input_file_ref idref="fl-24"/>
      </object_component>
      <object_component id="oc-585">
         <name>.cinit..data.load</name>
         <load_address>0x51e0</load_address>
         <run_address>0x51e0</run_address>
         <size>0x13b</size>
      </object_component>
      <object_component id="oc-580">
         <name>__TI_handler_table</name>
         <load_address>0x531c</load_address>
         <run_address>0x531c</run_address>
         <size>0xc</size>
      </object_component>
      <object_component id="oc-582">
         <name>.cinit..kernelBSS.load</name>
         <load_address>0x5328</load_address>
         <run_address>0x5328</run_address>
         <size>0x9</size>
      </object_component>
      <object_component id="oc-584">
         <name>.cinit..bss.load</name>
         <load_address>0x5338</load_address>
         <run_address>0x5338</run_address>
         <size>0x8</size>
      </object_component>
      <object_component id="oc-583">
         <name>.cinit..kernelHEAP.load</name>
         <load_address>0x5340</load_address>
         <run_address>0x5340</run_address>
         <size>0x8</size>
      </object_component>
      <object_component id="oc-581">
         <name>__TI_cinit_table</name>
         <load_address>0x5348</load_address>
         <run_address>0x5348</run_address>
         <size>0x20</size>
      </object_component>
      <object_component id="oc-a3">
         <name>.text</name>
         <load_address>0x49a60</load_address>
         <run_address>0x49a60</run_address>
         <size>0x104ac</size>
         <input_file_ref idref="fl-5"/>
      </object_component>
      <object_component id="oc-1c7">
         <name>.text</name>
         <load_address>0x59f0c</load_address>
         <run_address>0x59f0c</run_address>
         <size>0x1818</size>
         <input_file_ref idref="fl-9"/>
      </object_component>
      <object_component id="oc-312">
         <name>.text</name>
         <load_address>0x5b724</load_address>
         <run_address>0x5b724</run_address>
         <size>0xf10</size>
         <input_file_ref idref="fl-4"/>
      </object_component>
      <object_component id="oc-ea">
         <name>.text</name>
         <load_address>0x5c634</load_address>
         <run_address>0x5c634</run_address>
         <size>0x9e0</size>
         <input_file_ref idref="fl-14"/>
      </object_component>
      <object_component id="oc-13e">
         <name>.text</name>
         <load_address>0x5d014</load_address>
         <run_address>0x5d014</run_address>
         <size>0x9a0</size>
         <input_file_ref idref="fl-26"/>
      </object_component>
      <object_component id="oc-72">
         <name>.text</name>
         <load_address>0x5d9b4</load_address>
         <run_address>0x5d9b4</run_address>
         <size>0x998</size>
         <input_file_ref idref="fl-21"/>
      </object_component>
      <object_component id="oc-3f">
         <name>.text</name>
         <load_address>0x5e34c</load_address>
         <run_address>0x5e34c</run_address>
         <size>0x93c</size>
         <input_file_ref idref="fl-20"/>
      </object_component>
      <object_component id="oc-30c">
         <name>.text</name>
         <load_address>0x5ec88</load_address>
         <run_address>0x5ec88</run_address>
         <size>0x870</size>
         <input_file_ref idref="fl-15"/>
      </object_component>
      <object_component id="oc-8a">
         <name>.text</name>
         <load_address>0x5f4f8</load_address>
         <run_address>0x5f4f8</run_address>
         <size>0x78c</size>
         <input_file_ref idref="fl-d"/>
      </object_component>
      <object_component id="oc-1c1">
         <name>.text</name>
         <load_address>0x5fc84</load_address>
         <run_address>0x5fc84</run_address>
         <size>0x6f0</size>
         <input_file_ref idref="fl-12"/>
      </object_component>
      <object_component id="oc-78">
         <name>.text</name>
         <load_address>0x60374</load_address>
         <run_address>0x60374</run_address>
         <size>0x664</size>
         <input_file_ref idref="fl-c"/>
      </object_component>
      <object_component id="oc-14a">
         <name>.text</name>
         <load_address>0x609d8</load_address>
         <run_address>0x609d8</run_address>
         <size>0x5e4</size>
         <input_file_ref idref="fl-2"/>
      </object_component>
      <object_component id="oc-179">
         <name>.text</name>
         <load_address>0x60fbc</load_address>
         <run_address>0x60fbc</run_address>
         <size>0x528</size>
         <input_file_ref idref="fl-7"/>
      </object_component>
      <object_component id="oc-138">
         <name>.text</name>
         <load_address>0x614e4</load_address>
         <run_address>0x614e4</run_address>
         <size>0x484</size>
         <input_file_ref idref="fl-e"/>
      </object_component>
      <object_component id="oc-6d">
         <name>.text</name>
         <load_address>0x61968</load_address>
         <run_address>0x61968</run_address>
         <size>0x3c4</size>
         <input_file_ref idref="fl-16"/>
      </object_component>
      <object_component id="oc-90">
         <name>.text</name>
         <load_address>0x61d2c</load_address>
         <run_address>0x61d2c</run_address>
         <size>0x36c</size>
         <input_file_ref idref="fl-1a"/>
      </object_component>
      <object_component id="oc-3e">
         <name>.text:retain</name>
         <load_address>0x62098</load_address>
         <run_address>0x62098</run_address>
         <size>0x33c</size>
         <input_file_ref idref="fl-20"/>
      </object_component>
      <object_component id="oc-420">
         <name>.text</name>
         <load_address>0x623d4</load_address>
         <run_address>0x623d4</run_address>
         <size>0x278</size>
         <input_file_ref idref="fl-24"/>
      </object_component>
      <object_component id="oc-2fb">
         <name>.text</name>
         <load_address>0x6264c</load_address>
         <run_address>0x6264c</run_address>
         <size>0x238</size>
         <input_file_ref idref="fl-25"/>
      </object_component>
      <object_component id="oc-1d0">
         <name>.text</name>
         <load_address>0x62884</load_address>
         <run_address>0x62884</run_address>
         <size>0x1c4</size>
         <input_file_ref idref="fl-f"/>
      </object_component>
      <object_component id="oc-96">
         <name>.text</name>
         <load_address>0x62a48</load_address>
         <run_address>0x62a48</run_address>
         <size>0x190</size>
         <input_file_ref idref="fl-19"/>
      </object_component>
      <object_component id="oc-2d">
         <name>.text:retain</name>
         <load_address>0x62bd8</load_address>
         <run_address>0x62bd8</run_address>
         <size>0x178</size>
         <input_file_ref idref="fl-d"/>
      </object_component>
      <object_component id="oc-2c8">
         <name>.text</name>
         <load_address>0x62d50</load_address>
         <run_address>0x62d50</run_address>
         <size>0x158</size>
         <input_file_ref idref="fl-2a"/>
      </object_component>
      <object_component id="oc-430">
         <name>.text</name>
         <load_address>0x62ea8</load_address>
         <run_address>0x62ea8</run_address>
         <size>0x138</size>
         <input_file_ref idref="fl-27"/>
      </object_component>
      <object_component id="oc-452">
         <name>.text</name>
         <load_address>0x62fe0</load_address>
         <run_address>0x62fe0</run_address>
         <size>0x104</size>
         <input_file_ref idref="fl-3"/>
      </object_component>
      <object_component id="oc-441">
         <name>.text:floor</name>
         <load_address>0x630e4</load_address>
         <run_address>0x630e4</run_address>
         <size>0xe0</size>
         <input_file_ref idref="fl-31"/>
      </object_component>
      <object_component id="oc-1e">
         <name>.text:retain</name>
         <load_address>0x631c4</load_address>
         <run_address>0x631c4</run_address>
         <size>0xd8</size>
         <input_file_ref idref="fl-1f"/>
      </object_component>
      <object_component id="oc-84">
         <name>.text</name>
         <load_address>0x6329c</load_address>
         <run_address>0x6329c</run_address>
         <size>0xa8</size>
         <input_file_ref idref="fl-11"/>
      </object_component>
      <object_component id="oc-24">
         <name>.text:retain</name>
         <load_address>0x63344</load_address>
         <run_address>0x63344</run_address>
         <size>0xa0</size>
         <input_file_ref idref="fl-2"/>
      </object_component>
      <object_component id="oc-55">
         <name>.text</name>
         <load_address>0x633e4</load_address>
         <run_address>0x633e4</run_address>
         <size>0x9c</size>
         <input_file_ref idref="fl-32"/>
      </object_component>
      <object_component id="oc-e3">
         <name>.text</name>
         <load_address>0x63480</load_address>
         <run_address>0x63480</run_address>
         <size>0x7a</size>
         <input_file_ref idref="fl-35"/>
      </object_component>
      <object_component id="oc-11">
         <name>.text:decompress:lzss:__TI_decompress_lzss</name>
         <load_address>0x634fa</load_address>
         <run_address>0x634fa</run_address>
         <size>0x6c</size>
         <input_file_ref idref="fl-3a"/>
      </object_component>
      <object_component id="oc-35a">
         <name>.text</name>
         <load_address>0x63566</load_address>
         <run_address>0x63566</run_address>
         <size>0x2</size>
         <input_file_ref idref="fl-42"/>
      </object_component>
      <object_component id="oc-164">
         <name>.text</name>
         <load_address>0x63568</load_address>
         <run_address>0x63568</run_address>
         <size>0x54</size>
         <input_file_ref idref="fl-33"/>
      </object_component>
      <object_component id="oc-169">
         <name>.text</name>
         <load_address>0x635bc</load_address>
         <run_address>0x635bc</run_address>
         <size>0x50</size>
         <input_file_ref idref="fl-34"/>
      </object_component>
      <object_component id="oc-108">
         <name>.text:__TI_auto_init_nobinit_nopinit:__TI_auto_init_nobinit_nopinit</name>
         <load_address>0x6360c</load_address>
         <run_address>0x6360c</run_address>
         <size>0x44</size>
         <input_file_ref idref="fl-36"/>
      </object_component>
      <object_component id="oc-44c">
         <name>.text:strncmp</name>
         <load_address>0x63650</load_address>
         <run_address>0x63650</run_address>
         <size>0x2a</size>
         <input_file_ref idref="fl-41"/>
      </object_component>
      <object_component id="oc-1bb">
         <name>.text:memcmp</name>
         <load_address>0x6367a</load_address>
         <run_address>0x6367a</run_address>
         <size>0x26</size>
         <input_file_ref idref="fl-3d"/>
      </object_component>
      <object_component id="oc-4df">
         <name>.text:strcmp</name>
         <load_address>0x636a0</load_address>
         <run_address>0x636a0</run_address>
         <size>0x18</size>
         <input_file_ref idref="fl-3f"/>
      </object_component>
      <object_component id="oc-458">
         <name>.text:strchr</name>
         <load_address>0x636b8</load_address>
         <run_address>0x636b8</run_address>
         <size>0x16</size>
         <input_file_ref idref="fl-3e"/>
      </object_component>
      <object_component id="oc-197">
         <name>.text:strlen</name>
         <load_address>0x636ce</load_address>
         <run_address>0x636ce</run_address>
         <size>0x16</size>
         <input_file_ref idref="fl-40"/>
      </object_component>
      <object_component id="oc-17">
         <name>.text:decompress:none:__TI_decompress_none</name>
         <load_address>0x636e4</load_address>
         <run_address>0x636e4</run_address>
         <size>0xe</size>
         <input_file_ref idref="fl-39"/>
      </object_component>
      <object_component id="oc-67">
         <name>.text:decompress:ZI:__TI_zero_init</name>
         <load_address>0x636f2</load_address>
         <run_address>0x636f2</run_address>
         <size>0xc</size>
         <input_file_ref idref="fl-38"/>
      </object_component>
      <object_component id="oc-7e">
         <name>.text</name>
         <load_address>0x63700</load_address>
         <run_address>0x63700</run_address>
         <size>0x4</size>
         <input_file_ref idref="fl-1f"/>
      </object_component>
      <object_component id="oc-158">
         <name>.text:abort:abort</name>
         <load_address>0x63704</load_address>
         <run_address>0x63704</run_address>
         <size>0x4</size>
         <input_file_ref idref="fl-3b"/>
      </object_component>
      <object_component id="oc-38">
         <name>.text:retain</name>
         <load_address>0x63708</load_address>
         <run_address>0x63708</run_address>
         <size>0x4</size>
         <input_file_ref idref="fl-1c"/>
      </object_component>
      <object_component id="oc-536">
         <name>.const:.string:data_img_Hercules_block_diagram_gif</name>
         <load_address>0x8020</load_address>
         <run_address>0x8020</run_address>
         <size>0x363f5</size>
         <input_file_ref idref="fl-3"/>
      </object_component>
      <object_component id="oc-522">
         <name>.const:.string:data_index_html</name>
         <load_address>0x3e415</load_address>
         <run_address>0x3e415</run_address>
         <size>0x7127</size>
         <input_file_ref idref="fl-3"/>
      </object_component>
      <object_component id="oc-516">
         <name>.const:.string:data_main_css</name>
         <load_address>0x4553c</load_address>
         <run_address>0x4553c</run_address>
         <size>0x293b</size>
         <input_file_ref idref="fl-3"/>
      </object_component>
      <object_component id="oc-52c">
         <name>.const:.string:data_img_ti_logo_gif</name>
         <load_address>0x47e77</load_address>
         <run_address>0x47e77</run_address>
         <size>0xd4b</size>
         <input_file_ref idref="fl-3"/>
      </object_component>
      <object_component id="oc-540">
         <name>.const:.string:data_IE60Fixes_css</name>
         <load_address>0x48bc2</load_address>
         <run_address>0x48bc2</run_address>
         <size>0x777</size>
         <input_file_ref idref="fl-3"/>
      </object_component>
      <object_component id="oc-551">
         <name>.const:.string:data_404_html</name>
         <load_address>0x49339</load_address>
         <run_address>0x49339</run_address>
         <size>0x289</size>
         <input_file_ref idref="fl-3"/>
      </object_component>
      <object_component id="oc-2a">
         <name>.const:s_vim_init</name>
         <load_address>0x495c4</load_address>
         <run_address>0x495c4</run_address>
         <size>0x200</size>
         <input_file_ref idref="fl-20"/>
      </object_component>
      <object_component id="oc-54a">
         <name>.const:.string:data_BreadCrumbs_css</name>
         <load_address>0x497c4</load_address>
         <run_address>0x497c4</run_address>
         <size>0xa0</size>
         <input_file_ref idref="fl-3"/>
      </object_component>
      <object_component id="oc-3a8">
         <name>.const:.string</name>
         <load_address>0x49864</load_address>
         <run_address>0x49864</run_address>
         <size>0x78</size>
         <input_file_ref idref="fl-5"/>
      </object_component>
      <object_component id="oc-4ed">
         <name>.const:.string</name>
         <load_address>0x498dc</load_address>
         <run_address>0x498dc</run_address>
         <size>0x40</size>
         <input_file_ref idref="fl-4"/>
      </object_component>
      <object_component id="oc-1ad">
         <name>.const:tcp_state_str</name>
         <load_address>0x4991c</load_address>
         <run_address>0x4991c</run_address>
         <size>0x2c</size>
         <input_file_ref idref="fl-5"/>
      </object_component>
      <object_component id="oc-461">
         <name>.const:g_psDefaultFilenames</name>
         <load_address>0x49948</load_address>
         <run_address>0x49948</run_address>
         <size>0x28</size>
         <input_file_ref idref="fl-4"/>
      </object_component>
      <object_component id="oc-547">
         <name>.const:file_404_html</name>
         <load_address>0x49970</load_address>
         <run_address>0x49970</run_address>
         <size>0x14</size>
         <input_file_ref idref="fl-3"/>
      </object_component>
      <object_component id="oc-53d">
         <name>.const:file_BreadCrumbs_css</name>
         <load_address>0x49984</load_address>
         <run_address>0x49984</run_address>
         <size>0x14</size>
         <input_file_ref idref="fl-3"/>
      </object_component>
      <object_component id="oc-533">
         <name>.const:file_IE60Fixes_css</name>
         <load_address>0x49998</load_address>
         <run_address>0x49998</run_address>
         <size>0x14</size>
         <input_file_ref idref="fl-3"/>
      </object_component>
      <object_component id="oc-529">
         <name>.const:file_img_Hercules_block_diagram_gif</name>
         <load_address>0x499ac</load_address>
         <run_address>0x499ac</run_address>
         <size>0x14</size>
         <input_file_ref idref="fl-3"/>
      </object_component>
      <object_component id="oc-51f">
         <name>.const:file_img_ti_logo_gif</name>
         <load_address>0x499c0</load_address>
         <run_address>0x499c0</run_address>
         <size>0x14</size>
         <input_file_ref idref="fl-3"/>
      </object_component>
      <object_component id="oc-513">
         <name>.const:file_index_html</name>
         <load_address>0x499d4</load_address>
         <run_address>0x499d4</run_address>
         <size>0x14</size>
         <input_file_ref idref="fl-3"/>
      </object_component>
      <object_component id="oc-4e5">
         <name>.const:file_main_css</name>
         <load_address>0x499e8</load_address>
         <run_address>0x499e8</run_address>
         <size>0x14</size>
         <input_file_ref idref="fl-3"/>
      </object_component>
      <object_component id="oc-187">
         <name>.const:memp_num</name>
         <load_address>0x499fc</load_address>
         <run_address>0x499fc</run_address>
         <size>0x10</size>
         <input_file_ref idref="fl-5"/>
      </object_component>
      <object_component id="oc-190">
         <name>.const:memp_sizes</name>
         <load_address>0x49a0c</load_address>
         <run_address>0x49a0c</run_address>
         <size>0x10</size>
         <input_file_ref idref="fl-5"/>
      </object_component>
      <object_component id="oc-1a3">
         <name>.const:tcp_pcb_lists</name>
         <load_address>0x49a1c</load_address>
         <run_address>0x49a1c</run_address>
         <size>0x10</size>
         <input_file_ref idref="fl-5"/>
      </object_component>
      <object_component id="oc-1aa">
         <name>.const:.string:tcp_backoff</name>
         <load_address>0x49a2c</load_address>
         <run_address>0x49a2c</run_address>
         <size>0xd</size>
         <input_file_ref idref="fl-5"/>
      </object_component>
      <object_component id="oc-1a7">
         <name>.const:.string:tcp_persist_backoff</name>
         <load_address>0x49a39</load_address>
         <run_address>0x49a39</run_address>
         <size>0x7</size>
         <input_file_ref idref="fl-5"/>
      </object_component>
      <object_component id="oc-1cd">
         <name>.const:ethbroadcast</name>
         <load_address>0x49a40</load_address>
         <run_address>0x49a40</run_address>
         <size>0x6</size>
         <input_file_ref idref="fl-5"/>
      </object_component>
      <object_component id="oc-1d6">
         <name>.const:ethzero</name>
         <load_address>0x49a46</load_address>
         <run_address>0x49a46</run_address>
         <size>0x6</size>
         <input_file_ref idref="fl-5"/>
      </object_component>
      <object_component id="oc-16e">
         <name>.const:ip_addr_any</name>
         <load_address>0x49a4c</load_address>
         <run_address>0x49a4c</run_address>
         <size>0x4</size>
         <input_file_ref idref="fl-5"/>
      </object_component>
      <object_component id="oc-175">
         <name>.const:ip_addr_broadcast</name>
         <load_address>0x49a50</load_address>
         <run_address>0x49a50</run_address>
         <size>0x4</size>
         <input_file_ref idref="fl-5"/>
      </object_component>
      <object_component id="oc-24a">
         <name>.kernelBSS:init</name>
         <load_address>0x8008120</load_address>
         <run_address>0x8008120</run_address>
         <size>0x34</size>
         <input_file_ref idref="fl-2a"/>
      </object_component>
      <object_component id="oc-307">
         <name>.kernelBSS:uninit</name>
         <load_address>0x8008000</load_address>
         <run_address>0x8008000</run_address>
         <size>0x120</size>
         <input_file_ref idref="fl-2a"/>
      </object_component>
      <object_component id="oc-4b4">
         <name>.kernelHEAP</name>
         <uninitialized>true</uninitialized>
         <run_address>0x801b8e0</run_address>
         <size>0x4000</size>
         <input_file_ref idref="fl-24"/>
      </object_component>
      <object_component id="oc-318">
         <name>.bss</name>
         <uninitialized>true</uninitialized>
         <run_address>0x801b898</run_address>
         <size>0x4</size>
         <input_file_ref idref="fl-2"/>
      </object_component>
      <object_component id="oc-45e">
         <name>.bss:httpd_req_buf</name>
         <uninitialized>true</uninitialized>
         <run_address>0x801b0cc</run_address>
         <size>0x400</size>
         <input_file_ref idref="fl-4"/>
      </object_component>
      <object_component id="oc-182">
         <name>.bss</name>
         <uninitialized>true</uninitialized>
         <run_address>0x801b7a4</run_address>
         <size>0x37</size>
         <input_file_ref idref="fl-5"/>
      </object_component>
      <object_component id="oc-18d">
         <name>.bss:memp_tab</name>
         <uninitialized>true</uninitialized>
         <run_address>0x801b838</run_address>
         <size>0x20</size>
         <input_file_ref idref="fl-5"/>
      </object_component>
      <object_component id="oc-18a">
         <name>.bss:memp_memory</name>
         <uninitialized>true</uninitialized>
         <run_address>0x8010014</run_address>
         <size>0x7594</size>
         <input_file_ref idref="fl-5"/>
      </object_component>
      <object_component id="oc-1b0">
         <name>.bss:inseg</name>
         <uninitialized>true</uninitialized>
         <run_address>0x801b858</run_address>
         <size>0x10</size>
         <input_file_ref idref="fl-5"/>
      </object_component>
      <object_component id="oc-1b8">
         <name>.bss:arp_table</name>
         <uninitialized>true</uninitialized>
         <run_address>0x801b5b8</run_address>
         <size>0xc8</size>
         <input_file_ref idref="fl-5"/>
      </object_component>
      <object_component id="oc-1d9">
         <name>.bss:hdkif_data</name>
         <uninitialized>true</uninitialized>
         <run_address>0x801b724</run_address>
         <size>0x44</size>
         <input_file_ref idref="fl-5"/>
      </object_component>
      <object_component id="oc-1f4">
         <name>.bss:locatorData</name>
         <uninitialized>true</uninitialized>
         <run_address>0x801b680</run_address>
         <size>0x54</size>
         <input_file_ref idref="fl-5"/>
      </object_component>
      <object_component id="oc-1f7">
         <name>.bss:hdkNetIF</name>
         <uninitialized>true</uninitialized>
         <run_address>0x801b7dc</run_address>
         <size>0x34</size>
         <input_file_ref idref="fl-5"/>
      </object_component>
      <object_component id="oc-1b7">
         <name>.bss:str$3</name>
         <uninitialized>true</uninitialized>
         <run_address>0x801b868</run_address>
         <size>0x10</size>
         <input_file_ref idref="fl-5"/>
      </object_component>
      <object_component id="oc-38f">
         <name>.bss</name>
         <uninitialized>true</uninitialized>
         <run_address>0x801b878</run_address>
         <size>0xc</size>
         <input_file_ref idref="fl-7"/>
      </object_component>
      <object_component id="oc-3b8">
         <name>.bss:pbuf_array</name>
         <uninitialized>true</uninitialized>
         <run_address>0x80175a8</run_address>
         <size>0x3b24</size>
         <input_file_ref idref="fl-9"/>
      </object_component>
      <object_component id="oc-447">
         <name>.bss:g_sciTransfer_t</name>
         <uninitialized>true</uninitialized>
         <run_address>0x801b6d4</run_address>
         <size>0x50</size>
         <input_file_ref idref="fl-15"/>
      </object_component>
      <object_component id="oc-429">
         <name>.bss:xStart</name>
         <uninitialized>true</uninitialized>
         <run_address>0x801b890</run_address>
         <size>0x8</size>
         <input_file_ref idref="fl-24"/>
      </object_component>
      <object_component id="oc-32b">
         <name>.common:txtIPAddrItoA</name>
         <uninitialized>true</uninitialized>
         <run_address>0x801b8d0</run_address>
         <size>0x4</size>
      </object_component>
      <object_component id="oc-174">
         <name>.common:dhcp_rx_options_val</name>
         <uninitialized>true</uninitialized>
         <run_address>0x801b810</run_address>
         <size>0x28</size>
      </object_component>
      <object_component id="oc-171">
         <name>.common:dhcp_rx_options_given</name>
         <uninitialized>true</uninitialized>
         <run_address>0x801b884</run_address>
         <size>0xc</size>
      </object_component>
      <object_component id="oc-185">
         <name>.common:ram_heap</name>
         <uninitialized>true</uninitialized>
         <run_address>0x8008800</run_address>
         <size>0x7814</size>
      </object_component>
      <object_component id="oc-178">
         <name>.common:netif_list</name>
         <uninitialized>true</uninitialized>
         <run_address>0x801b8b0</run_address>
         <size>0x4</size>
      </object_component>
      <object_component id="oc-193">
         <name>.common:netif_default</name>
         <uninitialized>true</uninitialized>
         <run_address>0x801b8ac</run_address>
         <size>0x4</size>
      </object_component>
      <object_component id="oc-196">
         <name>.common:pbuf_free_ooseq_pending</name>
         <uninitialized>true</uninitialized>
         <run_address>0x801b5b6</run_address>
         <size>0x1</size>
      </object_component>
      <object_component id="oc-186">
         <name>.common:lwip_stats</name>
         <uninitialized>true</uninitialized>
         <run_address>0x801b4cc</run_address>
         <size>0xea</size>
      </object_component>
      <object_component id="oc-1a6">
         <name>.common:tcp_ticks</name>
         <uninitialized>true</uninitialized>
         <run_address>0x801b8c4</run_address>
         <size>0x4</size>
      </object_component>
      <object_component id="oc-1a2">
         <name>.common:tcp_bound_pcbs</name>
         <uninitialized>true</uninitialized>
         <run_address>0x801b8b8</run_address>
         <size>0x4</size>
      </object_component>
      <object_component id="oc-195">
         <name>.common:tcp_listen_pcbs</name>
         <uninitialized>true</uninitialized>
         <run_address>0x801b8c0</run_address>
         <size>0x4</size>
      </object_component>
      <object_component id="oc-194">
         <name>.common:tcp_active_pcbs</name>
         <uninitialized>true</uninitialized>
         <run_address>0x801b8b4</run_address>
         <size>0x4</size>
      </object_component>
      <object_component id="oc-1a1">
         <name>.common:tcp_tw_pcbs</name>
         <uninitialized>true</uninitialized>
         <run_address>0x801b8cc</run_address>
         <size>0x4</size>
      </object_component>
      <object_component id="oc-19f">
         <name>.common:tcp_tmp_pcb</name>
         <uninitialized>true</uninitialized>
         <run_address>0x801b8c8</run_address>
         <size>0x4</size>
      </object_component>
      <object_component id="oc-1a0">
         <name>.common:tcp_active_pcbs_changed</name>
         <uninitialized>true</uninitialized>
         <run_address>0x801b5b7</run_address>
         <size>0x1</size>
      </object_component>
      <object_component id="oc-1b3">
         <name>.common:tcp_input_pcb</name>
         <uninitialized>true</uninitialized>
         <run_address>0x801b8bc</run_address>
         <size>0x4</size>
      </object_component>
      <object_component id="oc-1b4">
         <name>.common:udp_pcbs</name>
         <uninitialized>true</uninitialized>
         <run_address>0x801b8d4</run_address>
         <size>0x4</size>
      </object_component>
      <object_component id="oc-1b5">
         <name>.common:current_netif</name>
         <uninitialized>true</uninitialized>
         <run_address>0x801b8a8</run_address>
         <size>0x4</size>
      </object_component>
      <object_component id="oc-1b6">
         <name>.common:current_header</name>
         <uninitialized>true</uninitialized>
         <run_address>0x801b89c</run_address>
         <size>0x4</size>
      </object_component>
      <object_component id="oc-19e">
         <name>.common:current_iphdr_src</name>
         <uninitialized>true</uninitialized>
         <run_address>0x801b8a4</run_address>
         <size>0x4</size>
      </object_component>
      <object_component id="oc-19d">
         <name>.common:current_iphdr_dest</name>
         <uninitialized>true</uninitialized>
         <run_address>0x801b8a0</run_address>
         <size>0x4</size>
      </object_component>
      <object_component id="oc-3bb">
         <name>.common:hdkif_data</name>
         <uninitialized>true</uninitialized>
         <run_address>0x801b768</run_address>
         <size>0x3c</size>
      </object_component>
      <object_component id="oc-150">
         <name>.common:xTask1Handle</name>
         <uninitialized>true</uninitialized>
         <run_address>0x801b8d8</run_address>
         <size>0x4</size>
      </object_component>
      <object_component id="oc-153">
         <name>.common:xTask2Handle</name>
         <uninitialized>true</uninitialized>
         <run_address>0x801b8dc</run_address>
         <size>0x4</size>
      </object_component>
      <object_component id="oc-319">
         <name>.data:txtCRLF</name>
         <load_address>0x801fa6a</load_address>
         <run_address>0x801fa6a</run_address>
         <size>0x2</size>
         <input_file_ref idref="fl-2"/>
      </object_component>
      <object_component id="oc-31c">
         <name>.data:txtTitle</name>
         <load_address>0x801f9ca</load_address>
         <run_address>0x801f9ca</run_address>
         <size>0x1a</size>
         <input_file_ref idref="fl-2"/>
      </object_component>
      <object_component id="oc-31f">
         <name>.data:txtTI</name>
         <load_address>0x801fa0d</load_address>
         <run_address>0x801fa0d</run_address>
         <size>0x12</size>
         <input_file_ref idref="fl-2"/>
      </object_component>
      <object_component id="oc-322">
         <name>.data:txtLittleEndian</name>
         <load_address>0x801f9e4</load_address>
         <run_address>0x801f9e4</run_address>
         <size>0x15</size>
         <input_file_ref idref="fl-2"/>
      </object_component>
      <object_component id="oc-325">
         <name>.data:txtEnetInit</name>
         <load_address>0x801f976</load_address>
         <run_address>0x801f976</run_address>
         <size>0x1d</size>
         <input_file_ref idref="fl-2"/>
      </object_component>
      <object_component id="oc-32c">
         <name>.data:txtIPAddrTxt</name>
         <load_address>0x801f9f9</load_address>
         <run_address>0x801f9f9</run_address>
         <size>0x14</size>
         <input_file_ref idref="fl-2"/>
      </object_component>
      <object_component id="oc-32f">
         <name>.data:txtNote1</name>
         <load_address>0x801f957</load_address>
         <run_address>0x801f957</run_address>
         <size>0x1f</size>
         <input_file_ref idref="fl-2"/>
      </object_component>
      <object_component id="oc-328">
         <name>.data:txtErrorInit</name>
         <load_address>0x801f8e0</load_address>
         <run_address>0x801f8e0</run_address>
         <size>0x2e</size>
         <input_file_ref idref="fl-2"/>
      </object_component>
      <object_component id="oc-a9">
         <name>.data</name>
         <load_address>0x801fa4c</load_address>
         <run_address>0x801fa4c</run_address>
         <size>0x8</size>
         <input_file_ref idref="fl-2"/>
      </object_component>
      <object_component id="oc-17f">
         <name>.data</name>
         <load_address>0x801fa40</load_address>
         <run_address>0x801fa40</run_address>
         <size>0xc</size>
         <input_file_ref idref="fl-5"/>
      </object_component>
      <object_component id="oc-1dc">
         <name>.data:txtCRLF2</name>
         <load_address>0x801fa3e</load_address>
         <run_address>0x801fa3e</run_address>
         <size>0x2</size>
         <input_file_ref idref="fl-5"/>
      </object_component>
      <object_component id="oc-1e5">
         <name>.data:txtSuccess</name>
         <load_address>0x801fa5c</load_address>
         <run_address>0x801fa5c</run_address>
         <size>0x8</size>
         <input_file_ref idref="fl-5"/>
      </object_component>
      <object_component id="oc-1e2">
         <name>.data:txtProgress</name>
         <load_address>0x801fa6c</load_address>
         <run_address>0x801fa6c</run_address>
         <size>0x2</size>
         <input_file_ref idref="fl-5"/>
      </object_component>
      <object_component id="oc-1e8">
         <name>.data:txtError</name>
         <load_address>0x801fa30</load_address>
         <run_address>0x801fa30</run_address>
         <size>0xe</size>
         <input_file_ref idref="fl-5"/>
      </object_component>
      <object_component id="oc-1df">
         <name>.data:txtPhyGetId</name>
         <load_address>0x801f9af</load_address>
         <run_address>0x801f9af</run_address>
         <size>0x1b</size>
         <input_file_ref idref="fl-5"/>
      </object_component>
      <object_component id="oc-1eb">
         <name>.data:txtPhyGetAlSts</name>
         <load_address>0x801f90e</load_address>
         <run_address>0x801f90e</run_address>
         <size>0x25</size>
         <input_file_ref idref="fl-5"/>
      </object_component>
      <object_component id="oc-1ee">
         <name>.data:txtPhyGetLnkSts</name>
         <load_address>0x801f933</load_address>
         <run_address>0x801f933</run_address>
         <size>0x24</size>
         <input_file_ref idref="fl-5"/>
      </object_component>
      <object_component id="oc-1f1">
         <name>.data:txtPhySetupLink</name>
         <load_address>0x801f993</load_address>
         <run_address>0x801f993</run_address>
         <size>0x1c</size>
         <input_file_ref idref="fl-5"/>
      </object_component>
      <object_component id="oc-154">
         <name>.data:emacAddress</name>
         <load_address>0x801fa64</load_address>
         <run_address>0x801fa64</run_address>
         <size>0x6</size>
         <input_file_ref idref="fl-19"/>
      </object_component>
      <object_component id="oc-426">
         <name>.data</name>
         <load_address>0x801fa20</load_address>
         <run_address>0x801fa20</run_address>
         <size>0x10</size>
         <input_file_ref idref="fl-24"/>
      </object_component>
      <object_component id="oc-24d">
         <name>.data</name>
         <load_address>0x801fa54</load_address>
         <run_address>0x801fa54</run_address>
         <size>0x8</size>
         <input_file_ref idref="fl-27"/>
      </object_component>
      <object_component id="oc-248">
         <name>.debug_info</name>
         <load_address>0x0</load_address>
         <run_address>0x0</run_address>
         <size>0x866</size>
         <input_file_ref idref="fl-2"/>
      </object_component>
      <object_component id="oc-31a">
         <name>.debug_info</name>
         <load_address>0x866</load_address>
         <run_address>0x866</run_address>
         <size>0x15d</size>
         <input_file_ref idref="fl-2"/>
      </object_component>
      <object_component id="oc-31d">
         <name>.debug_info</name>
         <load_address>0x9c3</load_address>
         <run_address>0x9c3</run_address>
         <size>0x15f</size>
         <input_file_ref idref="fl-2"/>
      </object_component>
      <object_component id="oc-320">
         <name>.debug_info</name>
         <load_address>0xb22</load_address>
         <run_address>0xb22</run_address>
         <size>0x159</size>
         <input_file_ref idref="fl-2"/>
      </object_component>
      <object_component id="oc-323">
         <name>.debug_info</name>
         <load_address>0xc7b</load_address>
         <run_address>0xc7b</run_address>
         <size>0x16d</size>
         <input_file_ref idref="fl-2"/>
      </object_component>
      <object_component id="oc-326">
         <name>.debug_info</name>
         <load_address>0xde8</load_address>
         <run_address>0xde8</run_address>
         <size>0x165</size>
         <input_file_ref idref="fl-2"/>
      </object_component>
      <object_component id="oc-32d">
         <name>.debug_info</name>
         <load_address>0xf4d</load_address>
         <run_address>0xf4d</run_address>
         <size>0x167</size>
         <input_file_ref idref="fl-2"/>
      </object_component>
      <object_component id="oc-330">
         <name>.debug_info</name>
         <load_address>0x10b4</load_address>
         <run_address>0x10b4</run_address>
         <size>0x15f</size>
         <input_file_ref idref="fl-2"/>
      </object_component>
      <object_component id="oc-329">
         <name>.debug_info</name>
         <load_address>0x1213</load_address>
         <run_address>0x1213</run_address>
         <size>0x167</size>
         <input_file_ref idref="fl-2"/>
      </object_component>
      <object_component id="oc-aa">
         <name>.debug_info</name>
         <load_address>0x137a</load_address>
         <run_address>0x137a</run_address>
         <size>0x1ac</size>
         <input_file_ref idref="fl-2"/>
      </object_component>
      <object_component id="oc-14b">
         <name>.debug_info</name>
         <load_address>0x1526</load_address>
         <run_address>0x1526</run_address>
         <size>0x1327</size>
         <input_file_ref idref="fl-2"/>
      </object_component>
      <object_component id="oc-25">
         <name>.debug_info</name>
         <load_address>0x284d</load_address>
         <run_address>0x284d</run_address>
         <size>0x3a4</size>
         <input_file_ref idref="fl-2"/>
      </object_component>
      <object_component id="oc-9e">
         <name>.debug_info</name>
         <load_address>0x2bf1</load_address>
         <run_address>0x2bf1</run_address>
         <size>0x429</size>
         <input_file_ref idref="fl-2"/>
      </object_component>
      <object_component id="oc-228">
         <name>.debug_info</name>
         <load_address>0x301a</load_address>
         <run_address>0x301a</run_address>
         <size>0x12f</size>
         <input_file_ref idref="fl-2"/>
      </object_component>
      <object_component id="oc-21e">
         <name>.debug_info</name>
         <load_address>0x3149</load_address>
         <run_address>0x3149</run_address>
         <size>0x87</size>
         <input_file_ref idref="fl-2"/>
      </object_component>
      <object_component id="oc-253">
         <name>.debug_info</name>
         <load_address>0x31d0</load_address>
         <run_address>0x31d0</run_address>
         <size>0x26b</size>
         <input_file_ref idref="fl-2"/>
      </object_component>
      <object_component id="oc-b6">
         <name>.debug_info</name>
         <load_address>0x343b</load_address>
         <run_address>0x343b</run_address>
         <size>0x157</size>
         <input_file_ref idref="fl-2"/>
      </object_component>
      <object_component id="oc-c3">
         <name>.debug_info</name>
         <load_address>0x3592</load_address>
         <run_address>0x3592</run_address>
         <size>0x8b</size>
         <input_file_ref idref="fl-2"/>
      </object_component>
      <object_component id="oc-3e0">
         <name>.debug_info</name>
         <load_address>0x361d</load_address>
         <run_address>0x361d</run_address>
         <size>0x65a</size>
         <input_file_ref idref="fl-2"/>
      </object_component>
      <object_component id="oc-23c">
         <name>.debug_info</name>
         <load_address>0x3c77</load_address>
         <run_address>0x3c77</run_address>
         <size>0x174</size>
         <input_file_ref idref="fl-2"/>
      </object_component>
      <object_component id="oc-3db">
         <name>.debug_info</name>
         <load_address>0x3deb</load_address>
         <run_address>0x3deb</run_address>
         <size>0x1b0</size>
         <input_file_ref idref="fl-2"/>
      </object_component>
      <object_component id="oc-3e9">
         <name>.debug_info</name>
         <load_address>0x3f9b</load_address>
         <run_address>0x3f9b</run_address>
         <size>0x2a4</size>
         <input_file_ref idref="fl-2"/>
      </object_component>
      <object_component id="oc-280">
         <name>.debug_info</name>
         <load_address>0x423f</load_address>
         <run_address>0x423f</run_address>
         <size>0xbb</size>
         <input_file_ref idref="fl-2"/>
      </object_component>
      <object_component id="oc-20a">
         <name>.debug_info</name>
         <load_address>0x42fa</load_address>
         <run_address>0x42fa</run_address>
         <size>0x7a</size>
         <input_file_ref idref="fl-2"/>
      </object_component>
      <object_component id="oc-200">
         <name>.debug_info</name>
         <load_address>0x4374</load_address>
         <run_address>0x4374</run_address>
         <size>0x2c</size>
         <input_file_ref idref="fl-2"/>
      </object_component>
      <object_component id="oc-219">
         <name>.debug_info</name>
         <load_address>0x43a0</load_address>
         <run_address>0x43a0</run_address>
         <size>0x2c</size>
         <input_file_ref idref="fl-2"/>
      </object_component>
      <object_component id="oc-c8">
         <name>.debug_info</name>
         <load_address>0x43cc</load_address>
         <run_address>0x43cc</run_address>
         <size>0x86</size>
         <input_file_ref idref="fl-2"/>
      </object_component>
      <object_component id="oc-258">
         <name>.debug_info</name>
         <load_address>0x4452</load_address>
         <run_address>0x4452</run_address>
         <size>0x102</size>
         <input_file_ref idref="fl-2"/>
      </object_component>
      <object_component id="oc-2a6">
         <name>.debug_info</name>
         <load_address>0x4554</load_address>
         <run_address>0x4554</run_address>
         <size>0x515</size>
         <input_file_ref idref="fl-2"/>
      </object_component>
      <object_component id="oc-262">
         <name>.debug_info</name>
         <load_address>0x4a69</load_address>
         <run_address>0x4a69</run_address>
         <size>0x44a</size>
         <input_file_ref idref="fl-2"/>
      </object_component>
      <object_component id="oc-267">
         <name>.debug_info</name>
         <load_address>0x4eb3</load_address>
         <run_address>0x4eb3</run_address>
         <size>0x1f9</size>
         <input_file_ref idref="fl-2"/>
      </object_component>
      <object_component id="oc-214">
         <name>.debug_info</name>
         <load_address>0x50ac</load_address>
         <run_address>0x50ac</run_address>
         <size>0xf5</size>
         <input_file_ref idref="fl-2"/>
      </object_component>
      <object_component id="oc-333">
         <name>.debug_info</name>
         <load_address>0x51a1</load_address>
         <run_address>0x51a1</run_address>
         <size>0x41</size>
         <input_file_ref idref="fl-2"/>
      </object_component>
      <object_component id="oc-1fb">
         <name>.debug_info</name>
         <load_address>0x51e2</load_address>
         <run_address>0x51e2</run_address>
         <size>0x9f</size>
         <input_file_ref idref="fl-2"/>
      </object_component>
      <object_component id="oc-36f">
         <name>.debug_info</name>
         <load_address>0x5281</load_address>
         <run_address>0x5281</run_address>
         <size>0x167</size>
         <input_file_ref idref="fl-2"/>
      </object_component>
      <object_component id="oc-26c">
         <name>.debug_info</name>
         <load_address>0x53e8</load_address>
         <run_address>0x53e8</run_address>
         <size>0x152</size>
         <input_file_ref idref="fl-2"/>
      </object_component>
      <object_component id="oc-3b3">
         <name>.debug_info</name>
         <load_address>0x553a</load_address>
         <run_address>0x553a</run_address>
         <size>0x4c</size>
         <input_file_ref idref="fl-2"/>
      </object_component>
      <object_component id="oc-2b0">
         <name>.debug_info</name>
         <load_address>0x5586</load_address>
         <run_address>0x5586</run_address>
         <size>0x243</size>
         <input_file_ref idref="fl-2"/>
      </object_component>
      <object_component id="oc-4d8">
         <name>.debug_info</name>
         <load_address>0x57c9</load_address>
         <run_address>0x57c9</run_address>
         <size>0x18e</size>
         <input_file_ref idref="fl-2"/>
      </object_component>
      <object_component id="oc-37e">
         <name>.debug_info</name>
         <load_address>0x5957</load_address>
         <run_address>0x5957</run_address>
         <size>0x3f9</size>
         <input_file_ref idref="fl-2"/>
      </object_component>
      <object_component id="oc-271">
         <name>.debug_info</name>
         <load_address>0x5d50</load_address>
         <run_address>0x5d50</run_address>
         <size>0x70a</size>
         <input_file_ref idref="fl-2"/>
      </object_component>
      <object_component id="oc-476">
         <name>.debug_info</name>
         <load_address>0x645a</load_address>
         <run_address>0x645a</run_address>
         <size>0x3b8</size>
         <input_file_ref idref="fl-3"/>
      </object_component>
      <object_component id="oc-552">
         <name>.debug_info</name>
         <load_address>0x6812</load_address>
         <run_address>0x6812</run_address>
         <size>0x170</size>
         <input_file_ref idref="fl-3"/>
      </object_component>
      <object_component id="oc-54b">
         <name>.debug_info</name>
         <load_address>0x6982</load_address>
         <run_address>0x6982</run_address>
         <size>0x17e</size>
         <input_file_ref idref="fl-3"/>
      </object_component>
      <object_component id="oc-541">
         <name>.debug_info</name>
         <load_address>0x6b00</load_address>
         <run_address>0x6b00</run_address>
         <size>0x17a</size>
         <input_file_ref idref="fl-3"/>
      </object_component>
      <object_component id="oc-537">
         <name>.debug_info</name>
         <load_address>0x6c7a</load_address>
         <run_address>0x6c7a</run_address>
         <size>0x19d</size>
         <input_file_ref idref="fl-3"/>
      </object_component>
      <object_component id="oc-52d">
         <name>.debug_info</name>
         <load_address>0x6e17</load_address>
         <run_address>0x6e17</run_address>
         <size>0x17f</size>
         <input_file_ref idref="fl-3"/>
      </object_component>
      <object_component id="oc-523">
         <name>.debug_info</name>
         <load_address>0x6f96</load_address>
         <run_address>0x6f96</run_address>
         <size>0x175</size>
         <input_file_ref idref="fl-3"/>
      </object_component>
      <object_component id="oc-517">
         <name>.debug_info</name>
         <load_address>0x710b</load_address>
         <run_address>0x710b</run_address>
         <size>0x171</size>
         <input_file_ref idref="fl-3"/>
      </object_component>
      <object_component id="oc-548">
         <name>.debug_info</name>
         <load_address>0x727c</load_address>
         <run_address>0x727c</run_address>
         <size>0x172</size>
         <input_file_ref idref="fl-3"/>
      </object_component>
      <object_component id="oc-53e">
         <name>.debug_info</name>
         <load_address>0x73ee</load_address>
         <run_address>0x73ee</run_address>
         <size>0x180</size>
         <input_file_ref idref="fl-3"/>
      </object_component>
      <object_component id="oc-534">
         <name>.debug_info</name>
         <load_address>0x756e</load_address>
         <run_address>0x756e</run_address>
         <size>0x17c</size>
         <input_file_ref idref="fl-3"/>
      </object_component>
      <object_component id="oc-52a">
         <name>.debug_info</name>
         <load_address>0x76ea</load_address>
         <run_address>0x76ea</run_address>
         <size>0x19e</size>
         <input_file_ref idref="fl-3"/>
      </object_component>
      <object_component id="oc-520">
         <name>.debug_info</name>
         <load_address>0x7888</load_address>
         <run_address>0x7888</run_address>
         <size>0x180</size>
         <input_file_ref idref="fl-3"/>
      </object_component>
      <object_component id="oc-514">
         <name>.debug_info</name>
         <load_address>0x7a08</load_address>
         <run_address>0x7a08</run_address>
         <size>0x176</size>
         <input_file_ref idref="fl-3"/>
      </object_component>
      <object_component id="oc-4e6">
         <name>.debug_info</name>
         <load_address>0x7b7e</load_address>
         <run_address>0x7b7e</run_address>
         <size>0x172</size>
         <input_file_ref idref="fl-3"/>
      </object_component>
      <object_component id="oc-455">
         <name>.debug_info</name>
         <load_address>0x7cf0</load_address>
         <run_address>0x7cf0</run_address>
         <size>0x560</size>
         <input_file_ref idref="fl-3"/>
      </object_component>
      <object_component id="oc-50">
         <name>.debug_info</name>
         <load_address>0x8250</load_address>
         <run_address>0x8250</run_address>
         <size>0x84</size>
         <input_file_ref idref="fl-3"/>
      </object_component>
      <object_component id="oc-22d">
         <name>.debug_info</name>
         <load_address>0x82d4</load_address>
         <run_address>0x82d4</run_address>
         <size>0x2c</size>
         <input_file_ref idref="fl-3"/>
      </object_component>
      <object_component id="oc-33a">
         <name>.debug_info</name>
         <load_address>0x8300</load_address>
         <run_address>0x8300</run_address>
         <size>0x35</size>
         <input_file_ref idref="fl-3"/>
      </object_component>
      <object_component id="oc-4f7">
         <name>.debug_info</name>
         <load_address>0x8335</load_address>
         <run_address>0x8335</run_address>
         <size>0x91</size>
         <input_file_ref idref="fl-3"/>
      </object_component>
      <object_component id="oc-4fe">
         <name>.debug_info</name>
         <load_address>0x83c6</load_address>
         <run_address>0x83c6</run_address>
         <size>0x91</size>
         <input_file_ref idref="fl-3"/>
      </object_component>
      <object_component id="oc-465">
         <name>.debug_info</name>
         <load_address>0x8457</load_address>
         <run_address>0x8457</run_address>
         <size>0x9f0</size>
         <input_file_ref idref="fl-4"/>
      </object_component>
      <object_component id="oc-462">
         <name>.debug_info</name>
         <load_address>0x8e47</load_address>
         <run_address>0x8e47</run_address>
         <size>0x183</size>
         <input_file_ref idref="fl-4"/>
      </object_component>
      <object_component id="oc-45f">
         <name>.debug_info</name>
         <load_address>0x8fca</load_address>
         <run_address>0x8fca</run_address>
         <size>0x174</size>
         <input_file_ref idref="fl-4"/>
      </object_component>
      <object_component id="oc-313">
         <name>.debug_info</name>
         <load_address>0x913e</load_address>
         <run_address>0x913e</run_address>
         <size>0x2bed</size>
         <input_file_ref idref="fl-4"/>
      </object_component>
      <object_component id="oc-4f2">
         <name>.debug_info</name>
         <load_address>0xbd2b</load_address>
         <run_address>0xbd2b</run_address>
         <size>0x104</size>
         <input_file_ref idref="fl-4"/>
      </object_component>
      <object_component id="oc-172">
         <name>.debug_info</name>
         <load_address>0xbe2f</load_address>
         <run_address>0xbe2f</run_address>
         <size>0x141a</size>
         <input_file_ref idref="fl-5"/>
      </object_component>
      <object_component id="oc-183">
         <name>.debug_info</name>
         <load_address>0xd249</load_address>
         <run_address>0xd249</run_address>
         <size>0x353</size>
         <input_file_ref idref="fl-5"/>
      </object_component>
      <object_component id="oc-18e">
         <name>.debug_info</name>
         <load_address>0xd59c</load_address>
         <run_address>0xd59c</run_address>
         <size>0x161</size>
         <input_file_ref idref="fl-5"/>
      </object_component>
      <object_component id="oc-191">
         <name>.debug_info</name>
         <load_address>0xd6fd</load_address>
         <run_address>0xd6fd</run_address>
         <size>0x165</size>
         <input_file_ref idref="fl-5"/>
      </object_component>
      <object_component id="oc-188">
         <name>.debug_info</name>
         <load_address>0xd862</load_address>
         <run_address>0xd862</run_address>
         <size>0x161</size>
         <input_file_ref idref="fl-5"/>
      </object_component>
      <object_component id="oc-18b">
         <name>.debug_info</name>
         <load_address>0xd9c3</load_address>
         <run_address>0xd9c3</run_address>
         <size>0x167</size>
         <input_file_ref idref="fl-5"/>
      </object_component>
      <object_component id="oc-1ae">
         <name>.debug_info</name>
         <load_address>0xdb2a</load_address>
         <run_address>0xdb2a</run_address>
         <size>0x16c</size>
         <input_file_ref idref="fl-5"/>
      </object_component>
      <object_component id="oc-180">
         <name>.debug_info</name>
         <load_address>0xdc96</load_address>
         <run_address>0xdc96</run_address>
         <size>0x181</size>
         <input_file_ref idref="fl-5"/>
      </object_component>
      <object_component id="oc-1ab">
         <name>.debug_info</name>
         <load_address>0xde17</load_address>
         <run_address>0xde17</run_address>
         <size>0x168</size>
         <input_file_ref idref="fl-5"/>
      </object_component>
      <object_component id="oc-1a8">
         <name>.debug_info</name>
         <load_address>0xdf7f</load_address>
         <run_address>0xdf7f</run_address>
         <size>0x178</size>
         <input_file_ref idref="fl-5"/>
      </object_component>
      <object_component id="oc-1a4">
         <name>.debug_info</name>
         <load_address>0xe0f7</load_address>
         <run_address>0xe0f7</run_address>
         <size>0x16c</size>
         <input_file_ref idref="fl-5"/>
      </object_component>
      <object_component id="oc-1b1">
         <name>.debug_info</name>
         <load_address>0xe263</load_address>
         <run_address>0xe263</run_address>
         <size>0x15b</size>
         <input_file_ref idref="fl-5"/>
      </object_component>
      <object_component id="oc-16f">
         <name>.debug_info</name>
         <load_address>0xe3be</load_address>
         <run_address>0xe3be</run_address>
         <size>0x168</size>
         <input_file_ref idref="fl-5"/>
      </object_component>
      <object_component id="oc-176">
         <name>.debug_info</name>
         <load_address>0xe526</load_address>
         <run_address>0xe526</run_address>
         <size>0x174</size>
         <input_file_ref idref="fl-5"/>
      </object_component>
      <object_component id="oc-1ce">
         <name>.debug_info</name>
         <load_address>0xe69a</load_address>
         <run_address>0xe69a</run_address>
         <size>0x16a</size>
         <input_file_ref idref="fl-5"/>
      </object_component>
      <object_component id="oc-1d7">
         <name>.debug_info</name>
         <load_address>0xe804</load_address>
         <run_address>0xe804</run_address>
         <size>0x160</size>
         <input_file_ref idref="fl-5"/>
      </object_component>
      <object_component id="oc-1b9">
         <name>.debug_info</name>
         <load_address>0xe964</load_address>
         <run_address>0xe964</run_address>
         <size>0x163</size>
         <input_file_ref idref="fl-5"/>
      </object_component>
      <object_component id="oc-1da">
         <name>.debug_info</name>
         <load_address>0xeac7</load_address>
         <run_address>0xeac7</run_address>
         <size>0x165</size>
         <input_file_ref idref="fl-5"/>
      </object_component>
      <object_component id="oc-1dd">
         <name>.debug_info</name>
         <load_address>0xec2c</load_address>
         <run_address>0xec2c</run_address>
         <size>0x162</size>
         <input_file_ref idref="fl-5"/>
      </object_component>
      <object_component id="oc-1e6">
         <name>.debug_info</name>
         <load_address>0xed8e</load_address>
         <run_address>0xed8e</run_address>
         <size>0x166</size>
         <input_file_ref idref="fl-5"/>
      </object_component>
      <object_component id="oc-1e3">
         <name>.debug_info</name>
         <load_address>0xeef4</load_address>
         <run_address>0xeef4</run_address>
         <size>0x168</size>
         <input_file_ref idref="fl-5"/>
      </object_component>
      <object_component id="oc-1e9">
         <name>.debug_info</name>
         <load_address>0xf05c</load_address>
         <run_address>0xf05c</run_address>
         <size>0x162</size>
         <input_file_ref idref="fl-5"/>
      </object_component>
      <object_component id="oc-1e0">
         <name>.debug_info</name>
         <load_address>0xf1be</load_address>
         <run_address>0xf1be</run_address>
         <size>0x168</size>
         <input_file_ref idref="fl-5"/>
      </object_component>
      <object_component id="oc-1ec">
         <name>.debug_info</name>
         <load_address>0xf326</load_address>
         <run_address>0xf326</run_address>
         <size>0x16e</size>
         <input_file_ref idref="fl-5"/>
      </object_component>
      <object_component id="oc-1ef">
         <name>.debug_info</name>
         <load_address>0xf494</load_address>
         <run_address>0xf494</run_address>
         <size>0x170</size>
         <input_file_ref idref="fl-5"/>
      </object_component>
      <object_component id="oc-1f2">
         <name>.debug_info</name>
         <load_address>0xf604</load_address>
         <run_address>0xf604</run_address>
         <size>0x170</size>
         <input_file_ref idref="fl-5"/>
      </object_component>
      <object_component id="oc-1f5">
         <name>.debug_info</name>
         <load_address>0xf774</load_address>
         <run_address>0xf774</run_address>
         <size>0x167</size>
         <input_file_ref idref="fl-5"/>
      </object_component>
      <object_component id="oc-1f8">
         <name>.debug_info</name>
         <load_address>0xf8db</load_address>
         <run_address>0xf8db</run_address>
         <size>0x161</size>
         <input_file_ref idref="fl-5"/>
      </object_component>
      <object_component id="oc-a5">
         <name>.debug_info</name>
         <load_address>0xfa3c</load_address>
         <run_address>0xfa3c</run_address>
         <size>0x183ef</size>
         <input_file_ref idref="fl-5"/>
      </object_component>
      <object_component id="oc-383">
         <name>.debug_info</name>
         <load_address>0x27e2b</load_address>
         <run_address>0x27e2b</run_address>
         <size>0x8a</size>
         <input_file_ref idref="fl-5"/>
      </object_component>
      <object_component id="oc-237">
         <name>.debug_info</name>
         <load_address>0x27eb5</load_address>
         <run_address>0x27eb5</run_address>
         <size>0x651</size>
         <input_file_ref idref="fl-5"/>
      </object_component>
      <object_component id="oc-223">
         <name>.debug_info</name>
         <load_address>0x28506</load_address>
         <run_address>0x28506</run_address>
         <size>0x1a7</size>
         <input_file_ref idref="fl-5"/>
      </object_component>
      <object_component id="oc-232">
         <name>.debug_info</name>
         <load_address>0x286ad</load_address>
         <run_address>0x286ad</run_address>
         <size>0xee</size>
         <input_file_ref idref="fl-5"/>
      </object_component>
      <object_component id="oc-205">
         <name>.debug_info</name>
         <load_address>0x2879b</load_address>
         <run_address>0x2879b</run_address>
         <size>0x2c</size>
         <input_file_ref idref="fl-5"/>
      </object_component>
      <object_component id="oc-20f">
         <name>.debug_info</name>
         <load_address>0x287c7</load_address>
         <run_address>0x287c7</run_address>
         <size>0x2fa</size>
         <input_file_ref idref="fl-5"/>
      </object_component>
      <object_component id="oc-365">
         <name>.debug_info</name>
         <load_address>0x28ac1</load_address>
         <run_address>0x28ac1</run_address>
         <size>0x295</size>
         <input_file_ref idref="fl-5"/>
      </object_component>
      <object_component id="oc-241">
         <name>.debug_info</name>
         <load_address>0x28d56</load_address>
         <run_address>0x28d56</run_address>
         <size>0x14d</size>
         <input_file_ref idref="fl-5"/>
      </object_component>
      <object_component id="oc-36a">
         <name>.debug_info</name>
         <load_address>0x28ea3</load_address>
         <run_address>0x28ea3</run_address>
         <size>0xd7</size>
         <input_file_ref idref="fl-5"/>
      </object_component>
      <object_component id="oc-374">
         <name>.debug_info</name>
         <load_address>0x28f7a</load_address>
         <run_address>0x28f7a</run_address>
         <size>0x69</size>
         <input_file_ref idref="fl-5"/>
      </object_component>
      <object_component id="oc-379">
         <name>.debug_info</name>
         <load_address>0x28fe3</load_address>
         <run_address>0x28fe3</run_address>
         <size>0x41</size>
         <input_file_ref idref="fl-5"/>
      </object_component>
      <object_component id="oc-388">
         <name>.debug_info</name>
         <load_address>0x29024</load_address>
         <run_address>0x29024</run_address>
         <size>0x17e</size>
         <input_file_ref idref="fl-5"/>
      </object_component>
      <object_component id="oc-393">
         <name>.debug_info</name>
         <load_address>0x291a2</load_address>
         <run_address>0x291a2</run_address>
         <size>0x68c</size>
         <input_file_ref idref="fl-7"/>
      </object_component>
      <object_component id="oc-390">
         <name>.debug_info</name>
         <load_address>0x2982e</load_address>
         <run_address>0x2982e</run_address>
         <size>0x1d7</size>
         <input_file_ref idref="fl-7"/>
      </object_component>
      <object_component id="oc-17b">
         <name>.debug_info</name>
         <load_address>0x29a05</load_address>
         <run_address>0x29a05</run_address>
         <size>0xfec</size>
         <input_file_ref idref="fl-7"/>
      </object_component>
      <object_component id="oc-285">
         <name>.debug_info</name>
         <load_address>0x2a9f1</load_address>
         <run_address>0x2a9f1</run_address>
         <size>0x60d</size>
         <input_file_ref idref="fl-9"/>
      </object_component>
      <object_component id="oc-3b9">
         <name>.debug_info</name>
         <load_address>0x2affe</load_address>
         <run_address>0x2affe</run_address>
         <size>0x106</size>
         <input_file_ref idref="fl-9"/>
      </object_component>
      <object_component id="oc-1c9">
         <name>.debug_info</name>
         <load_address>0x2b104</load_address>
         <run_address>0x2b104</run_address>
         <size>0x356c</size>
         <input_file_ref idref="fl-9"/>
      </object_component>
      <object_component id="oc-be">
         <name>.debug_info</name>
         <load_address>0x2e670</load_address>
         <run_address>0x2e670</run_address>
         <size>0x18c</size>
         <input_file_ref idref="fl-9"/>
      </object_component>
      <object_component id="oc-276">
         <name>.debug_info</name>
         <load_address>0x2e7fc</load_address>
[...]
         <name>MPU_vTaskDelete</name>
         <value>0x5d0f0</value>
         <object_component_ref idref="oc-13e"/>
      </symbol>
      <symbol id="sm-12bb">
         <name>MPU_xTaskResumeAll</name>
         <value>0x5d2c8</value>
         <object_component_ref idref="oc-13e"/>
      </symbol>
      <symbol id="sm-12bc">
         <name>MPU_xEventGroupCreate</name>
         <value>0x5d824</value>
         <object_component_ref idref="oc-13e"/>
      </symbol>
      <symbol id="sm-12bd">
         <name>MPU_vTaskDelay</name>
         <value>0x5d11c</value>
         <object_component_ref idref="oc-13e"/>
      </symbol>
      <symbol id="sm-12be">
         <name>MPU_xTaskNotifyStateClear</name>
         <value>0x5d588</value>
         <object_component_ref idref="oc-13e"/>
      </symbol>
      <symbol id="sm-12bf">
         <name>MPU_ulTaskNotifyTake</name>
         <value>0x5d544</value>
         <object_component_ref idref="oc-13e"/>
      </symbol>
      <symbol id="sm-12c0">
         <name>MPU_xQueueGenericCreate</name>
         <value>0x5d794</value>
         <object_component_ref idref="oc-13e"/>
      </symbol>
      <symbol id="sm-12c1">
         <name>MPU_xTaskCheckForTimeOut</name>
         <value>0x5d5e8</value>
         <object_component_ref idref="oc-13e"/>
      </symbol>
      <symbol id="sm-12c2">
         <name>MPU_eTaskGetState</name>
         <value>0x5d1e4</value>
         <object_component_ref idref="oc-13e"/>
      </symbol>
      <symbol id="sm-12c3">
         <name>MPU_vTaskSuspendAll</name>
         <value>0x5d2a4</value>
         <object_component_ref idref="oc-13e"/>
      </symbol>
      <symbol id="sm-12c4">
         <name>MPU_xTaskGetIdleTaskHandle</name>
         <value>0x5d470</value>
         <object_component_ref idref="oc-13e"/>
      </symbol>
      <symbol id="sm-12c5">
         <name>MPU_vTaskSetThreadLocalStoragePointer</name>
         <value>0x5d3e8</value>
         <object_component_ref idref="oc-13e"/>
      </symbol>
      <symbol id="sm-1306">
         <name>vPortStoreTaskMPUSettings</name>
         <value>0x4b88</value>
         <object_component_ref idref="oc-301"/>
      </symbol>
      <symbol id="sm-1307">
         <name>ulTaskHasFPUContext</name>
         <value>0x801fa58</value>
         <object_component_ref idref="oc-24d"/>
      </symbol>
      <symbol id="sm-1308">
         <name>vPortEndScheduler</name>
         <value>0x4e1c</value>
         <object_component_ref idref="oc-301"/>
      </symbol>
      <symbol id="sm-1309">
         <name>ulCriticalNesting</name>
         <value>0x801fa54</value>
         <object_component_ref idref="oc-24d"/>
      </symbol>
      <symbol id="sm-130a">
         <name>pxPortInitialiseStack</name>
         <value>0x4a74</value>
         <object_component_ref idref="oc-301"/>
      </symbol>
      <symbol id="sm-130b">
         <name>xPortStartScheduler</name>
         <value>0x4dfc</value>
         <object_component_ref idref="oc-301"/>
      </symbol>
      <symbol id="sm-1326">
         <name>prvMpuSetRegion</name>
         <value>0x4a1c</value>
         <object_component_ref idref="oc-ad"/>
      </symbol>
      <symbol id="sm-1327">
         <name>vPortStartFirstTask</name>
         <value>0x45c8</value>
         <object_component_ref idref="oc-ad"/>
      </symbol>
      <symbol id="sm-1328">
         <name>vPortYeildWithinAPI</name>
         <value>0x4744</value>
         <object_component_ref idref="oc-ad"/>
      </symbol>
      <symbol id="sm-1329">
         <name>vPortPreemptiveTick</name>
         <value>0x4838</value>
         <object_component_ref idref="oc-ad"/>
      </symbol>
      <symbol id="sm-132a">
         <name>prvMpuDisable</name>
         <value>0x4a4c</value>
         <object_component_ref idref="oc-ad"/>
      </symbol>
      <symbol id="sm-132b">
         <name>prvMpuEnable</name>
         <value>0x4a34</value>
         <object_component_ref idref="oc-ad"/>
      </symbol>
      <symbol id="sm-132c">
         <name>vPortInitialiseFPSCR</name>
         <value>0x4938</value>
         <object_component_ref idref="oc-ad"/>
      </symbol>
      <symbol id="sm-132d">
         <name>ulPortCountLeadingZeros</name>
         <value>0x4944</value>
         <object_component_ref idref="oc-ad"/>
      </symbol>
      <symbol id="sm-132e">
         <name>vPortYieldProcessor</name>
         <value>0x4658</value>
         <object_component_ref idref="oc-ad"/>
      </symbol>
      <symbol id="sm-132f">
         <name>vPortSWI</name>
         <value>0x494c</value>
         <object_component_ref idref="oc-ad"/>
      </symbol>
      <symbol id="sm-13ed">
         <name>xQueuePeekFromISR</name>
         <value>0x37f4</value>
         <object_component_ref idref="oc-2ce"/>
      </symbol>
      <symbol id="sm-13ee">
         <name>xQueueIsQueueEmptyFromISR</name>
         <value>0x3cd0</value>
         <object_component_ref idref="oc-2ce"/>
      </symbol>
      <symbol id="sm-13ef">
         <name>xQueueGenericSendFromISR</name>
         <value>0x30dc</value>
         <object_component_ref idref="oc-2ce"/>
      </symbol>
      <symbol id="sm-13f0">
         <name>uxQueueMessagesWaiting</name>
         <value>0x38e8</value>
         <object_component_ref idref="oc-2ce"/>
      </symbol>
      <symbol id="sm-13f1">
         <name>xQueueIsQueueFullFromISR</name>
         <value>0x3d5c</value>
         <object_component_ref idref="oc-2ce"/>
      </symbol>
      <symbol id="sm-13f2">
         <name>xQueueGenericCreate</name>
         <value>0x2d00</value>
         <object_component_ref idref="oc-2ce"/>
      </symbol>
      <symbol id="sm-13f3">
         <name>xQueueGenericSend</name>
         <value>0x2e1c</value>
         <object_component_ref idref="oc-2ce"/>
      </symbol>
      <symbol id="sm-13f4">
         <name>xQueueGenericReset</name>
         <value>0x2bd8</value>
         <object_component_ref idref="oc-2ce"/>
      </symbol>
      <symbol id="sm-13f5">
         <name>xQueueReceiveFromISR</name>
         <value>0x36ac</value>
         <object_component_ref idref="oc-2ce"/>
      </symbol>
      <symbol id="sm-13f6">
         <name>uxQueueSpacesAvailable</name>
         <value>0x3920</value>
         <object_component_ref idref="oc-2ce"/>
      </symbol>
      <symbol id="sm-13f7">
         <name>xQueueGiveFromISR</name>
         <value>0x326c</value>
         <object_component_ref idref="oc-2ce"/>
      </symbol>
      <symbol id="sm-13f8">
         <name>uxQueueMessagesWaitingFromISR</name>
         <value>0x396c</value>
         <object_component_ref idref="oc-2ce"/>
      </symbol>
      <symbol id="sm-13f9">
         <name>xQueueGenericReceive</name>
         <value>0x33d8</value>
         <object_component_ref idref="oc-2ce"/>
      </symbol>
      <symbol id="sm-13fa">
         <name>vQueueDelete</name>
         <value>0x399c</value>
         <object_component_ref idref="oc-2ce"/>
      </symbol>
      <symbol id="sm-15e1">
         <name>xTaskCreateRestricted</name>
         <value>0x20</value>
         <object_component_ref idref="oc-144"/>
      </symbol>
      <symbol id="sm-15e2">
         <name>vTaskDelay</name>
         <value>0x804</value>
         <object_component_ref idref="oc-144"/>
      </symbol>
      <symbol id="sm-15e3">
         <name>vTaskSuspendAll</name>
         <value>0x1090</value>
         <object_component_ref idref="oc-144"/>
      </symbol>
      <symbol id="sm-15e4">
         <name>vTaskPlaceOnEventList</name>
         <value>0x1ab8</value>
         <object_component_ref idref="oc-144"/>
      </symbol>
      <symbol id="sm-15e5">
         <name>pvTaskGetThreadLocalStoragePointer</name>
         <value>0x1fe0</value>
         <object_component_ref idref="oc-144"/>
      </symbol>
      <symbol id="sm-15e6">
         <name>uxTaskPriorityGetFromISR</name>
         <value>0x9d0</value>
         <object_component_ref idref="oc-144"/>
      </symbol>
      <symbol id="sm-15e7">
         <name>ulTaskNotifyTake</name>
         <value>0x2378</value>
         <object_component_ref idref="oc-144"/>
      </symbol>
      <symbol id="sm-15e8">
         <name>pcTaskGetName</name>
         <value>0x1344</value>
         <object_component_ref idref="oc-144"/>
      </symbol>
      <symbol id="sm-15e9">
         <name>xTaskCheckForTimeOut</name>
         <value>0x1db8</value>
         <object_component_ref idref="oc-144"/>
      </symbol>
      <symbol id="sm-15ea">
         <name>xTaskRemoveFromUnorderedEventList</name>
         <value>0x1c70</value>
         <object_component_ref idref="oc-144"/>
      </symbol>
      <symbol id="sm-15eb">
         <name>vTaskPrioritySet</name>
         <value>0xa18</value>
         <object_component_ref idref="oc-144"/>
      </symbol>
      <symbol id="sm-15ec">
         <name>vTaskAllocateMPURegions</name>
         <value>0x204c</value>
         <object_component_ref idref="oc-144"/>
      </symbol>
      <symbol id="sm-15ed">
         <name>xTaskAbortDelay</name>
         <value>0x16b4</value>
         <object_component_ref idref="oc-144"/>
      </symbol>
      <symbol id="sm-15ee">
         <name>vTaskStartScheduler</name>
         <value>0xfdc</value>
         <object_component_ref idref="oc-144"/>
      </symbol>
      <symbol id="sm-15ef">
         <name>xTaskNotifyStateClear</name>
         <value>0x62e2c</value>
         <object_component_ref idref="oc-2c8"/>
      </symbol>
      <symbol id="sm-15f0">
         <name>uxTaskGetStackHighWaterMark</name>
         <value>0x2224</value>
         <object_component_ref idref="oc-144"/>
      </symbol>
      <symbol id="sm-15f1">
         <name>vTaskSetThreadLocalStoragePointer</name>
         <value>0x1f7c</value>
         <object_component_ref idref="oc-144"/>
      </symbol>
      <symbol id="sm-15f2">
         <name>xTaskGenericNotify</name>
         <value>0x2560</value>
         <object_component_ref idref="oc-144"/>
      </symbol>
      <symbol id="sm-15f3">
         <name>xTaskCreate</name>
         <value>0xfc</value>
         <object_component_ref idref="oc-144"/>
      </symbol>
      <symbol id="sm-15f4">
         <name>vTaskDelayUntil</name>
         <value>0x698</value>
         <object_component_ref idref="oc-144"/>
      </symbol>
      <symbol id="sm-15f5">
         <name>vTaskEndScheduler</name>
         <value>0x1074</value>
         <object_component_ref idref="oc-144"/>
      </symbol>
      <symbol id="sm-15f6">
         <name>xTaskNotifyWait</name>
         <value>0x244c</value>
         <object_component_ref idref="oc-144"/>
      </symbol>
      <symbol id="sm-15f7">
         <name>vTaskMissedYield</name>
         <value>0x1ef0</value>
         <object_component_ref idref="oc-144"/>
      </symbol>
      <symbol id="sm-15f8">
         <name>uxTaskGetNumberOfTasks</name>
         <value>0x1338</value>
         <object_component_ref idref="oc-144"/>
      </symbol>
      <symbol id="sm-15f9">
         <name>xTaskGenericNotifyFromISR</name>
         <value>0x2730</value>
         <object_component_ref idref="oc-144"/>
      </symbol>
      <symbol id="sm-15fa">
         <name>uxTaskPriorityGet</name>
         <value>0x98c</value>
         <object_component_ref idref="oc-144"/>
      </symbol>
      <symbol id="sm-15fb">
         <name>vTaskStepTick</name>
         <value>0x1658</value>
         <object_component_ref idref="oc-144"/>
      </symbol>
      <symbol id="sm-15fc">
         <name>xTaskResumeAll</name>
         <value>0x1148</value>
         <object_component_ref idref="oc-144"/>
      </symbol>
      <symbol id="sm-15fd">
         <name>xTaskGetHandle</name>
         <value>0x1518</value>
         <object_component_ref idref="oc-144"/>
      </symbol>
      <symbol id="sm-15fe">
         <name>xTaskGetTickCount</name>
         <value>0x12f8</value>
         <object_component_ref idref="oc-144"/>
      </symbol>
      <symbol id="sm-15ff">
         <name>vTaskDelete</name>
         <value>0x530</value>
         <object_component_ref idref="oc-144"/>
      </symbol>
      <symbol id="sm-1600">
         <name>pxCurrentTCB</name>
         <value>0x8008120</value>
         <object_component_ref idref="oc-24a"/>
      </symbol>
      <symbol id="sm-1601">
         <name>vTaskNotifyGiveFromISR</name>
         <value>0x2930</value>
         <object_component_ref idref="oc-144"/>
      </symbol>
      <symbol id="sm-1602">
         <name>eTaskGetState</name>
         <value>0x888</value>
         <object_component_ref idref="oc-144"/>
      </symbol>
      <symbol id="sm-1603">
         <name>vTaskSuspend</name>
         <value>0xc10</value>
         <object_component_ref idref="oc-144"/>
      </symbol>
      <symbol id="sm-1604">
         <name>xTaskGetIdleTaskHandle</name>
         <value>0x1620</value>
         <object_component_ref idref="oc-144"/>
      </symbol>
      <symbol id="sm-1605">
         <name>xTaskGetTickCountFromISR</name>
         <value>0x1314</value>
         <object_component_ref idref="oc-144"/>
      </symbol>
      <symbol id="sm-1606">
         <name>vTaskResume</name>
         <value>0xe14</value>
         <object_component_ref idref="oc-144"/>
      </symbol>
      <symbol id="sm-1607">
         <name>vTaskSetTimeOutState</name>
         <value>0x1d74</value>
         <object_component_ref idref="oc-144"/>
      </symbol>
      <symbol id="sm-1608">
         <name>xTaskIncrementTick</name>
         <value>0x17b0</value>
         <object_component_ref idref="oc-144"/>
      </symbol>
      <symbol id="sm-1609">
         <name>vTaskSwitchContext</name>
         <value>0x19d8</value>
         <object_component_ref idref="oc-144"/>
      </symbol>
      <symbol id="sm-160a">
         <name>uxTaskResetEventItemValue</name>
         <value>0x233c</value>
         <object_component_ref idref="oc-144"/>
      </symbol>
      <symbol id="sm-160b">
         <name>xTaskGetSchedulerState</name>
         <value>0x22ec</value>
         <object_component_ref idref="oc-144"/>
      </symbol>
      <symbol id="sm-160c">
         <name>xTaskResumeFromISR</name>
         <value>0xef4</value>
         <object_component_ref idref="oc-144"/>
      </symbol>
      <symbol id="sm-160d">
         <name>vTaskPlaceOnUnorderedEventList</name>
         <value>0x1afc</value>
         <object_component_ref idref="oc-144"/>
      </symbol>
      <symbol id="sm-160e">
         <name>xTaskRemoveFromEventList</name>
         <value>0x1b80</value>
         <object_component_ref idref="oc-144"/>
      </symbol>
      <symbol id="sm-160f">
         <name>eTaskConfirmSleepModeStatus</name>
         <value>0x1f00</value>
         <object_component_ref idref="oc-144"/>
      </symbol>
      <symbol id="sm-1637">
         <name>floorl</name>
         <value>0x630e5</value>
         <object_component_ref idref="oc-441"/>
      </symbol>
      <symbol id="sm-1638">
         <name>floor</name>
         <value>0x630e5</value>
         <object_component_ref idref="oc-441"/>
      </symbol>
      <symbol id="sm-1653">
         <name>memcpy</name>
         <value>0x633e5</value>
         <object_component_ref idref="oc-55"/>
      </symbol>
      <symbol id="sm-1654">
         <name>__aeabi_memcpy</name>
         <value>0x633e5</value>
         <object_component_ref idref="oc-55"/>
      </symbol>
      <symbol id="sm-1655">
         <name>__aeabi_memcpy8</name>
         <value>0x633e5</value>
         <object_component_ref idref="oc-55"/>
      </symbol>
      <symbol id="sm-1656">
         <name>__aeabi_memcpy4</name>
         <value>0x633e5</value>
         <object_component_ref idref="oc-55"/>
      </symbol>
      <symbol id="sm-1662">
         <name>__aeabi_idivmod</name>
         <value>0x63568</value>
         <object_component_ref idref="oc-164"/>
      </symbol>
      <symbol id="sm-1663">
         <name>__aeabi_idiv</name>
         <value>0x63568</value>
         <object_component_ref idref="oc-164"/>
      </symbol>
      <symbol id="sm-166f">
         <name>__aeabi_uidivmod</name>
         <value>0x635bc</value>
         <object_component_ref idref="oc-169"/>
      </symbol>
      <symbol id="sm-1670">
         <name>__aeabi_uidiv</name>
         <value>0x635bc</value>
         <object_component_ref idref="oc-169"/>
      </symbol>
      <symbol id="sm-167f">
         <name>__aeabi_memset</name>
         <value>0x63483</value>
         <object_component_ref idref="oc-e3"/>
      </symbol>
      <symbol id="sm-1680">
         <name>memset</name>
         <value>0x63489</value>
         <object_component_ref idref="oc-e3"/>
      </symbol>
      <symbol id="sm-1681">
         <name>__aeabi_memset8</name>
         <value>0x63483</value>
         <object_component_ref idref="oc-e3"/>
      </symbol>
      <symbol id="sm-1682">
         <name>__aeabi_memset4</name>
         <value>0x63483</value>
         <object_component_ref idref="oc-e3"/>
      </symbol>
      <symbol id="sm-1683">
         <name>__aeabi_memclr8</name>
         <value>0x63481</value>
         <object_component_ref idref="oc-e3"/>
      </symbol>
      <symbol id="sm-1684">
         <name>__aeabi_memclr4</name>
         <value>0x63481</value>
         <object_component_ref idref="oc-e3"/>
      </symbol>
      <symbol id="sm-1685">
         <name>__aeabi_memclr</name>
         <value>0x63481</value>
         <object_component_ref idref="oc-e3"/>
      </symbol>
      <symbol id="sm-16ad">
         <name>__TI_auto_init_nobinit_nopinit</name>
         <value>0x6360d</value>
         <object_component_ref idref="oc-108"/>
      </symbol>
      <symbol id="sm-16c0">
         <name>__TI_zero_init</name>
         <value>0x636f3</value>
         <object_component_ref idref="oc-67"/>
      </symbol>
      <symbol id="sm-16d7">
         <name>__TI_decompress_none</name>
         <value>0x636e5</value>
         <object_component_ref idref="oc-17"/>
      </symbol>
      <symbol id="sm-16fa">
         <name>__TI_decompress_lzss</name>
         <value>0x634fb</value>
         <object_component_ref idref="oc-11"/>
      </symbol>
      <symbol id="sm-1705">
         <name>C$$EXIT</name>
         <value>0x63705</value>
         <object_component_ref idref="oc-158"/>
      </symbol>
      <symbol id="sm-1706">
         <name>abort</name>
         <value>0x63705</value>
         <object_component_ref idref="oc-158"/>
      </symbol>
      <symbol id="sm-1717">
         <name>memcmp</name>
         <value>0x6367b</value>
         <object_component_ref idref="oc-1bb"/>
      </symbol>
      <symbol id="sm-1727">
         <name>strchr</name>
         <value>0x636b9</value>
         <object_component_ref idref="oc-458"/>
      </symbol>
      <symbol id="sm-1736">
         <name>strcmp</name>
         <value>0x636a1</value>
         <object_component_ref idref="oc-4df"/>
      </symbol>
      <symbol id="sm-1744">
         <name>strlen</name>
         <value>0x636cf</value>
         <object_component_ref idref="oc-197"/>
      </symbol>
      <symbol id="sm-1754">
         <name>strncmp</name>
         <value>0x63651</value>
         <object_component_ref idref="oc-44c"/>
      </symbol>
      <symbol id="sm-175e">
         <name>__aeabi_idiv0</name>
         <value>0x63567</value>
         <object_component_ref idref="oc-35a"/>
      </symbol>
      <symbol id="sm-175f">
         <name>__aeabi_ldiv0</name>
         <value>0x63567</value>
         <object_component_ref idref="oc-35a"/>
      </symbol>
      <symbol id="sm-1760">
         <name>__TI_static_base__</name>
         <value>0x0</value>
      </symbol>
      <symbol id="sm-1764">
         <name>SHT$$INIT_ARRAY$$Base</name>
         <value>0x0</value>
      </symbol>
      <symbol id="sm-1765">
         <name>SHT$$INIT_ARRAY$$Limit</name>
         <value>0x0</value>
      </symbol>
      <symbol id="sm-1766">
         <name>_system_post_cinit</name>
         <value>0x0</value>
      </symbol>
   </symbol_table>
   <title>Link successful</title>
</link_info>
