<?xml version="1.0" encoding="ISO-8859-1" ?>
<link_info>
   <banner>TI ARM Linker Unix v20.2.5.LTS</banner>
   <copyright>Copyright (c) 1996-2018 Texas Instruments Incorporated</copyright>
   <link_time>0x61e229db</link_time>
   <link_errors>0x0</link_errors>
   <output_file>noos_rti_led.out</output_file>
   <entry_point>
      <name>_c_int00</name>
      <address>0x41b8</address>
   </entry_point>
   <input_file_list>
      <input_file id="fl-2">
         <path>./source/</path>
         <kind>object</kind>
         <file>HL_epc.obj</file>
         <name>HL_epc.obj</name>
      </input_file>
      <input_file id="fl-3">
         <path>./source/</path>
         <kind>object</kind>
         <file>HL_errata.obj</file>
         <name>HL_errata.obj</name>
      </input_file>
      <input_file id="fl-4">
         <path>./source/</path>
         <kind>object</kind>
         <file>HL_errata_SSWF021_45.obj</file>
         <name>HL_errata_SSWF021_45.obj</name>
      </input_file>
      <input_file id="fl-5">
         <path>./source/</path>
         <kind>object</kind>
         <file>HL_esm.obj</file>
         <name>HL_esm.obj</name>
      </input_file>
      <input_file id="fl-6">
         <path>./source/</path>
         <kind>object</kind>
         <file>HL_gio.obj</file>
         <name>HL_gio.obj</name>
      </input_file>
      <input_file id="fl-7">
         <path>./source/</path>
         <kind>object</kind>
         <file>HL_nmpu.obj</file>
         <name>HL_nmpu.obj</name>
      </input_file>
      <input_file id="fl-8">
         <path>./source/</path>
         <kind>object</kind>
         <file>HL_notification.obj</file>
         <name>HL_notification.obj</name>
      </input_file>
      <input_file id="fl-9">
         <path>./source/</path>
         <kind>object</kind>
         <file>HL_pinmux.obj</file>
         <name>HL_pinmux.obj</name>
      </input_file>
      <input_file id="fl-a">
         <path>./source/</path>
         <kind>object</kind>
         <file>HL_rti.obj</file>
         <name>HL_rti.obj</name>
      </input_file>
      <input_file id="fl-b">
         <path>./source/</path>
         <kind>object</kind>
         <file>HL_sys_core.obj</file>
         <name>HL_sys_core.obj</name>
      </input_file>
      <input_file id="fl-c">
         <path>./source/</path>
         <kind>object</kind>
         <file>HL_sys_dma.obj</file>
         <name>HL_sys_dma.obj</name>
      </input_file>
      <input_file id="fl-d">
         <path>./source/</path>
         <kind>object</kind>
         <file>HL_sys_intvecs.obj</file>
         <name>HL_sys_intvecs.obj</name>
      </input_file>
      <input_file id="fl-e">
         <path>./source/</path>
         <kind>object</kind>
         <file>HL_sys_main.obj</file>
         <name>HL_sys_main.obj</name>
      </input_file>
      <input_file id="fl-f">
         <path>./source/</path>
         <kind>object</kind>
         <file>HL_sys_mpu.obj</file>
         <name>HL_sys_mpu.obj</name>
      </input_file>
      <input_file id="fl-10">
         <path>./source/</path>
         <kind>object</kind>
         <file>HL_sys_pcr.obj</file>
         <name>HL_sys_pcr.obj</name>
      </input_file>
      <input_file id="fl-11">
         <path>./source/</path>
         <kind>object</kind>
         <file>HL_sys_phantom.obj</file>
         <name>HL_sys_phantom.obj</name>
      </input_file>
      <input_file id="fl-12">
         <path>./source/</path>
         <kind>object</kind>
         <file>HL_sys_pmm.obj</file>
         <name>HL_sys_pmm.obj</name>
      </input_file>
      <input_file id="fl-13">
         <path>./source/</path>
         <kind>object</kind>
         <file>HL_sys_pmu.obj</file>
         <name>HL_sys_pmu.obj</name>
      </input_file>
      <input_file id="fl-14">
         <path>./source/</path>
         <kind>object</kind>
         <file>HL_sys_startup.obj</file>
         <name>HL_sys_startup.obj</name>
      </input_file>
      <input_file id="fl-15">
         <path>./source/</path>
         <kind>object</kind>
         <file>HL_sys_vim.obj</file>
         <name>HL_sys_vim.obj</name>
      </input_file>
      <input_file id="fl-16">
         <path>./source/</path>
         <kind>object</kind>
         <file>HL_system.obj</file>
         <name>HL_system.obj</name>
      </input_file>
      <input_file id="fl-1a">
         <kind>object</kind>
         <file>&lt;internal&gt;</file>
         <name>&lt;internal&gt;</name>
      </input_file>
      <input_file id="fl-d0">
         <path>/home/son/ti/ccs1110/ccs/tools/compiler/ti-cgt-arm_20.2.5.LTS/lib/</path>
         <kind>archive</kind>
         <file>rtsv7R4_A_be_v3D16_eabi.lib</file>
         <name>autoinit.c.obj</name>
      </input_file>
      <input_file id="fl-d1">
         <path>/home/son/ti/ccs1110/ccs/tools/compiler/ti-cgt-arm_20.2.5.LTS/lib/</path>
         <kind>archive</kind>
         <file>rtsv7R4_A_be_v3D16_eabi.lib</file>
         <name>cpy_tbl.c.obj</name>
      </input_file>
      <input_file id="fl-d2">
         <path>/home/son/ti/ccs1110/ccs/tools/compiler/ti-cgt-arm_20.2.5.LTS/lib/</path>
         <kind>archive</kind>
         <file>rtsv7R4_A_be_v3D16_eabi.lib</file>
         <name>copy_zero_init.c.obj</name>
      </input_file>
      <input_file id="fl-d3">
         <path>/home/son/ti/ccs1110/ccs/tools/compiler/ti-cgt-arm_20.2.5.LTS/lib/</path>
         <kind>archive</kind>
         <file>rtsv7R4_A_be_v3D16_eabi.lib</file>
         <name>copy_decompress_none.c.obj</name>
      </input_file>
      <input_file id="fl-d4">
         <path>/home/son/ti/ccs1110/ccs/tools/compiler/ti-cgt-arm_20.2.5.LTS/lib/</path>
         <kind>archive</kind>
         <file>rtsv7R4_A_be_v3D16_eabi.lib</file>
         <name>copy_decompress_lzss.c.obj</name>
      </input_file>
      <input_file id="fl-d5">
         <path>/home/son/ti/ccs1110/ccs/tools/compiler/ti-cgt-arm_20.2.5.LTS/lib/</path>
         <kind>archive</kind>
         <file>rtsv7R4_A_be_v3D16_eabi.lib</file>
         <name>exit.c.obj</name>
      </input_file>
      <input_file id="fl-d6">
         <path>/home/son/ti/ccs1110/ccs/tools/compiler/ti-cgt-arm_20.2.5.LTS/lib/</path>
         <kind>archive</kind>
         <file>rtsv7R4_A_be_v3D16_eabi.lib</file>
         <name>_lock.c.obj</name>
      </input_file>
      <input_file id="fl-d7">
         <path>/home/son/ti/ccs1110/ccs/tools/compiler/ti-cgt-arm_20.2.5.LTS/lib/</path>
         <kind>archive</kind>
         <file>rtsv7R4_A_be_v3D16_eabi.lib</file>
         <name>memset32.asm.obj</name>
      </input_file>
      <input_file id="fl-d8">
         <path>/home/son/ti/ccs1110/ccs/tools/compiler/ti-cgt-arm_20.2.5.LTS/lib/</path>
         <kind>archive</kind>
         <file>rtsv7R4_A_be_v3D16_eabi.lib</file>
         <name>memcpy32.asm.obj</name>
      </input_file>
   </input_file_list>
   <object_component_list>
      <object_component id="oc-31">
         <name>.intvecs</name>
         <load_address>0x0</load_address>
         <run_address>0x0</run_address>
         <size>0x20</size>
         <input_file_ref idref="fl-d"/>
      </object_component>
      <object_component id="oc-da">
         <name>.text</name>
         <load_address>0x20</load_address>
         <run_address>0x20</run_address>
         <size>0x9c0</size>
         <input_file_ref idref="fl-9"/>
      </object_component>
      <object_component id="oc-70">
         <name>.text</name>
         <load_address>0x9e0</load_address>
         <run_address>0x9e0</run_address>
         <size>0x9ac</size>
         <input_file_ref idref="fl-16"/>
      </object_component>
      <object_component id="oc-3d">
         <name>.text</name>
         <load_address>0x138c</load_address>
         <run_address>0x138c</run_address>
         <size>0x938</size>
         <input_file_ref idref="fl-15"/>
      </object_component>
      <object_component id="oc-88">
         <name>.text</name>
         <load_address>0x1cc4</load_address>
         <run_address>0x1cc4</run_address>
         <size>0x78c</size>
         <input_file_ref idref="fl-5"/>
      </object_component>
      <object_component id="oc-12e">
         <name>.text</name>
         <load_address>0x2450</load_address>
         <run_address>0x2450</run_address>
         <size>0x69c</size>
         <input_file_ref idref="fl-a"/>
      </object_component>
      <object_component id="oc-76">
         <name>.text</name>
         <load_address>0x2aec</load_address>
         <run_address>0x2aec</run_address>
         <size>0x664</size>
         <input_file_ref idref="fl-4"/>
      </object_component>
      <object_component id="oc-128">
         <name>.text</name>
         <load_address>0x3150</load_address>
         <run_address>0x3150</run_address>
         <size>0x484</size>
         <input_file_ref idref="fl-6"/>
      </object_component>
      <object_component id="oc-6b">
         <name>.text</name>
         <load_address>0x35d4</load_address>
         <run_address>0x35d4</run_address>
         <size>0x3c4</size>
         <input_file_ref idref="fl-b"/>
      </object_component>
      <object_component id="oc-8e">
         <name>.text</name>
         <load_address>0x3998</load_address>
         <run_address>0x3998</run_address>
         <size>0x36c</size>
         <input_file_ref idref="fl-f"/>
      </object_component>
      <object_component id="oc-3c">
         <name>.text:retain</name>
         <load_address>0x3d04</load_address>
         <run_address>0x3d04</run_address>
         <size>0x33c</size>
         <input_file_ref idref="fl-15"/>
      </object_component>
      <object_component id="oc-22">
         <name>.text:retain</name>
         <load_address>0x4040</load_address>
         <run_address>0x4040</run_address>
         <size>0x178</size>
         <input_file_ref idref="fl-5"/>
      </object_component>
      <object_component id="oc-1c">
         <name>.text:retain</name>
         <load_address>0x41b8</load_address>
         <run_address>0x41b8</run_address>
         <size>0xd8</size>
         <input_file_ref idref="fl-14"/>
      </object_component>
      <object_component id="oc-82">
         <name>.text</name>
         <load_address>0x4290</load_address>
         <run_address>0x4290</run_address>
         <size>0x88</size>
         <input_file_ref idref="fl-8"/>
      </object_component>
      <object_component id="oc-f8">
         <name>.text:__TI_auto_init_nobinit_nopinit:__TI_auto_init_nobinit_nopinit</name>
         <load_address>0x4318</load_address>
         <run_address>0x4318</run_address>
         <size>0x68</size>
         <input_file_ref idref="fl-d0"/>
      </object_component>
      <object_component id="oc-2b">
         <name>.text:retain</name>
         <load_address>0x4380</load_address>
         <run_address>0x4380</run_address>
         <size>0x54</size>
         <input_file_ref idref="fl-a"/>
      </object_component>
      <object_component id="oc-94">
         <name>.text</name>
         <load_address>0x43d4</load_address>
         <run_address>0x43d4</run_address>
         <size>0x50</size>
         <input_file_ref idref="fl-e"/>
      </object_component>
      <object_component id="oc-13b">
         <name>.text:abort:abort</name>
         <load_address>0x4424</load_address>
         <run_address>0x4424</run_address>
         <size>0x8</size>
         <input_file_ref idref="fl-d5"/>
      </object_component>
      <object_component id="oc-7c">
         <name>.text</name>
         <load_address>0x442c</load_address>
         <run_address>0x442c</run_address>
         <size>0x4</size>
         <input_file_ref idref="fl-14"/>
      </object_component>
      <object_component id="oc-36">
         <name>.text:retain</name>
         <load_address>0x4430</load_address>
         <run_address>0x4430</run_address>
         <size>0x4</size>
         <input_file_ref idref="fl-11"/>
      </object_component>
      <object_component id="oc-28">
         <name>.const:s_vim_init</name>
         <load_address>0x4440</load_address>
         <run_address>0x4440</run_address>
         <size>0x200</size>
         <input_file_ref idref="fl-15"/>
      </object_component>
      <object_component id="oc-176">
         <name>.debug_info</name>
         <load_address>0x0</load_address>
         <run_address>0x0</run_address>
         <size>0x37c</size>
         <input_file_ref idref="fl-2"/>
      </object_component>
      <object_component id="oc-9c">
         <name>.debug_info</name>
         <load_address>0x37c</load_address>
         <run_address>0x37c</run_address>
         <size>0x429</size>
         <input_file_ref idref="fl-2"/>
      </object_component>
      <object_component id="oc-149">
         <name>.debug_info</name>
         <load_address>0x7a5</load_address>
         <run_address>0x7a5</run_address>
         <size>0x26b</size>
         <input_file_ref idref="fl-2"/>
      </object_component>
      <object_component id="oc-a2">
         <name>.debug_info</name>
         <load_address>0xa10</load_address>
         <run_address>0xa10</run_address>
         <size>0x157</size>
         <input_file_ref idref="fl-2"/>
      </object_component>
      <object_component id="oc-b3">
         <name>.debug_info</name>
         <load_address>0xb67</load_address>
         <run_address>0xb67</run_address>
         <size>0x8b</size>
         <input_file_ref idref="fl-2"/>
      </object_component>
      <object_component id="oc-ae">
         <name>.debug_info</name>
         <load_address>0xbf2</load_address>
         <run_address>0xbf2</run_address>
         <size>0x18c</size>
         <input_file_ref idref="fl-2"/>
      </object_component>
      <object_component id="oc-1c1">
         <name>.debug_info</name>
         <load_address>0xd7e</load_address>
         <run_address>0xd7e</run_address>
         <size>0x2a4</size>
         <input_file_ref idref="fl-2"/>
      </object_component>
      <object_component id="oc-136">
         <name>.debug_info</name>
         <load_address>0x1022</load_address>
         <run_address>0x1022</run_address>
         <size>0xbb</size>
         <input_file_ref idref="fl-2"/>
      </object_component>
      <object_component id="oc-b8">
         <name>.debug_info</name>
         <load_address>0x10dd</load_address>
         <run_address>0x10dd</run_address>
         <size>0x86</size>
         <input_file_ref idref="fl-2"/>
      </object_component>
      <object_component id="oc-14e">
         <name>.debug_info</name>
         <load_address>0x1163</load_address>
         <run_address>0x1163</run_address>
         <size>0x102</size>
         <input_file_ref idref="fl-2"/>
      </object_component>
      <object_component id="oc-1a0">
         <name>.debug_info</name>
         <load_address>0x1265</load_address>
         <run_address>0x1265</run_address>
         <size>0x142</size>
         <input_file_ref idref="fl-2"/>
      </object_component>
      <object_component id="oc-153">
         <name>.debug_info</name>
         <load_address>0x13a7</load_address>
         <run_address>0x13a7</run_address>
         <size>0x285</size>
         <input_file_ref idref="fl-2"/>
      </object_component>
      <object_component id="oc-158">
         <name>.debug_info</name>
         <load_address>0x162c</load_address>
         <run_address>0x162c</run_address>
         <size>0x44a</size>
         <input_file_ref idref="fl-2"/>
      </object_component>
      <object_component id="oc-15d">
         <name>.debug_info</name>
         <load_address>0x1a76</load_address>
         <run_address>0x1a76</run_address>
         <size>0x1f9</size>
         <input_file_ref idref="fl-2"/>
      </object_component>
      <object_component id="oc-162">
         <name>.debug_info</name>
         <load_address>0x1c6f</load_address>
         <run_address>0x1c6f</run_address>
         <size>0x152</size>
         <input_file_ref idref="fl-2"/>
      </object_component>
      <object_component id="oc-167">
         <name>.debug_info</name>
         <load_address>0x1dc1</load_address>
         <run_address>0x1dc1</run_address>
         <size>0x70a</size>
         <input_file_ref idref="fl-2"/>
      </object_component>
      <object_component id="oc-16c">
         <name>.debug_info</name>
         <load_address>0x24cb</load_address>
         <run_address>0x24cb</run_address>
         <size>0x36d</size>
         <input_file_ref idref="fl-2"/>
      </object_component>
      <object_component id="oc-193">
         <name>.debug_info</name>
         <load_address>0x2838</load_address>
         <run_address>0x2838</run_address>
         <size>0x2b6</size>
         <input_file_ref idref="fl-4"/>
      </object_component>
      <object_component id="oc-77">
         <name>.debug_info</name>
         <load_address>0x2aee</load_address>
         <run_address>0x2aee</run_address>
         <size>0x655</size>
         <input_file_ref idref="fl-4"/>
      </object_component>
      <object_component id="oc-4e">
         <name>.debug_info</name>
         <load_address>0x3143</load_address>
         <run_address>0x3143</run_address>
         <size>0x84</size>
         <input_file_ref idref="fl-4"/>
      </object_component>
      <object_component id="oc-e3">
         <name>.debug_info</name>
         <load_address>0x31c7</load_address>
         <run_address>0x31c7</run_address>
         <size>0x9e7</size>
         <input_file_ref idref="fl-4"/>
      </object_component>
      <object_component id="oc-f6">
         <name>.debug_info</name>
         <load_address>0x3bae</load_address>
         <run_address>0x3bae</run_address>
         <size>0x348</size>
         <input_file_ref idref="fl-5"/>
      </object_component>
      <object_component id="oc-89">
         <name>.debug_info</name>
         <load_address>0x3ef6</load_address>
         <run_address>0x3ef6</run_address>
         <size>0x10bd</size>
         <input_file_ref idref="fl-5"/>
      </object_component>
      <object_component id="oc-23">
         <name>.debug_info</name>
         <load_address>0x4fb3</load_address>
         <run_address>0x4fb3</run_address>
         <size>0x1a5</size>
         <input_file_ref idref="fl-5"/>
      </object_component>
      <object_component id="oc-f1">
         <name>.debug_info</name>
         <load_address>0x5158</load_address>
         <run_address>0x5158</run_address>
         <size>0x168</size>
         <input_file_ref idref="fl-5"/>
      </object_component>
      <object_component id="oc-1b7">
         <name>.debug_info</name>
         <load_address>0x52c0</load_address>
         <run_address>0x52c0</run_address>
         <size>0x2ad</size>
         <input_file_ref idref="fl-6"/>
      </object_component>
      <object_component id="oc-129">
         <name>.debug_info</name>
         <load_address>0x556d</load_address>
         <run_address>0x556d</run_address>
         <size>0x717</size>
         <input_file_ref idref="fl-6"/>
      </object_component>
      <object_component id="oc-1eb">
         <name>.debug_info</name>
         <load_address>0x5c84</load_address>
         <run_address>0x5c84</run_address>
         <size>0x12a</size>
         <input_file_ref idref="fl-6"/>
      </object_component>
      <object_component id="oc-ea">
         <name>.debug_info</name>
         <load_address>0x5dae</load_address>
         <run_address>0x5dae</run_address>
         <size>0x38f</size>
         <input_file_ref idref="fl-8"/>
      </object_component>
      <object_component id="oc-83">
         <name>.debug_info</name>
         <load_address>0x613d</load_address>
         <run_address>0x613d</run_address>
         <size>0x6f4</size>
         <input_file_ref idref="fl-8"/>
      </object_component>
      <object_component id="oc-196">
         <name>.debug_info</name>
         <load_address>0x6831</load_address>
         <run_address>0x6831</run_address>
         <size>0x306</size>
         <input_file_ref idref="fl-8"/>
      </object_component>
      <object_component id="oc-19b">
         <name>.debug_info</name>
         <load_address>0x6b37</load_address>
         <run_address>0x6b37</run_address>
         <size>0xadd</size>
         <input_file_ref idref="fl-8"/>
      </object_component>
      <object_component id="oc-eb">
         <name>.debug_info</name>
         <load_address>0x7614</load_address>
         <run_address>0x7614</run_address>
         <size>0x6eb</size>
         <input_file_ref idref="fl-8"/>
      </object_component>
      <object_component id="oc-1ba">
         <name>.debug_info</name>
         <load_address>0x7cff</load_address>
         <run_address>0x7cff</run_address>
         <size>0x1d4</size>
         <input_file_ref idref="fl-8"/>
      </object_component>
      <object_component id="oc-1d3">
         <name>.debug_info</name>
         <load_address>0x7ed3</load_address>
         <run_address>0x7ed3</run_address>
         <size>0x2af</size>
         <input_file_ref idref="fl-9"/>
      </object_component>
      <object_component id="oc-db">
         <name>.debug_info</name>
         <load_address>0x8182</load_address>
         <run_address>0x8182</run_address>
         <size>0x119</size>
         <input_file_ref idref="fl-9"/>
      </object_component>
      <object_component id="oc-18e">
         <name>.debug_info</name>
         <load_address>0x829b</load_address>
         <run_address>0x829b</run_address>
         <size>0x199</size>
         <input_file_ref idref="fl-9"/>
      </object_component>
      <object_component id="oc-1b9">
         <name>.debug_info</name>
         <load_address>0x8434</load_address>
         <run_address>0x8434</run_address>
         <size>0x308</size>
         <input_file_ref idref="fl-a"/>
      </object_component>
      <object_component id="oc-12f">
         <name>.debug_info</name>
         <load_address>0x873c</load_address>
         <run_address>0x873c</run_address>
         <size>0x10cd</size>
         <input_file_ref idref="fl-a"/>
      </object_component>
      <object_component id="oc-2c">
         <name>.debug_info</name>
         <load_address>0x9809</load_address>
         <run_address>0x9809</run_address>
         <size>0x143</size>
         <input_file_ref idref="fl-a"/>
      </object_component>
      <object_component id="oc-6c">
         <name>.debug_info</name>
         <load_address>0x994c</load_address>
         <run_address>0x994c</run_address>
         <size>0x80c</size>
         <input_file_ref idref="fl-b"/>
      </object_component>
      <object_component id="oc-32">
         <name>.debug_info</name>
         <load_address>0xa158</load_address>
         <run_address>0xa158</run_address>
         <size>0x102</size>
         <input_file_ref idref="fl-d"/>
      </object_component>
      <object_component id="oc-135">
         <name>.debug_info</name>
         <load_address>0xa25a</load_address>
         <run_address>0xa25a</run_address>
         <size>0x3b6</size>
         <input_file_ref idref="fl-e"/>
      </object_component>
      <object_component id="oc-95">
         <name>.debug_info</name>
         <load_address>0xa610</load_address>
         <run_address>0xa610</run_address>
         <size>0x26f</size>
         <input_file_ref idref="fl-e"/>
      </object_component>
      <object_component id="oc-8f">
         <name>.debug_info</name>
         <load_address>0xa87f</load_address>
         <run_address>0xa87f</run_address>
         <size>0x439</size>
         <input_file_ref idref="fl-f"/>
      </object_component>
      <object_component id="oc-1d2">
         <name>.debug_info</name>
         <load_address>0xacb8</load_address>
         <run_address>0xacb8</run_address>
         <size>0x2f0</size>
         <input_file_ref idref="fl-10"/>
      </object_component>
      <object_component id="oc-189">
         <name>.debug_info</name>
         <load_address>0xafa8</load_address>
         <run_address>0xafa8</run_address>
         <size>0x457</size>
         <input_file_ref idref="fl-10"/>
      </object_component>
      <object_component id="oc-37">
         <name>.debug_info</name>
         <load_address>0xb3ff</load_address>
         <run_address>0xb3ff</run_address>
         <size>0x13a</size>
         <input_file_ref idref="fl-11"/>
      </object_component>
      <object_component id="oc-1d">
         <name>.debug_info</name>
         <load_address>0xb539</load_address>
         <run_address>0xb539</run_address>
         <size>0x2da</size>
         <input_file_ref idref="fl-14"/>
      </object_component>
      <object_component id="oc-7d">
         <name>.debug_info</name>
         <load_address>0xb813</load_address>
         <run_address>0xb813</run_address>
         <size>0x133</size>
         <input_file_ref idref="fl-14"/>
      </object_component>
      <object_component id="oc-a9">
         <name>.debug_info</name>
         <load_address>0xb946</load_address>
         <run_address>0xb946</run_address>
         <size>0x47b</size>
         <input_file_ref idref="fl-15"/>
      </object_component>
      <object_component id="oc-29">
         <name>.debug_info</name>
         <load_address>0xbdc1</load_address>
         <run_address>0xbdc1</run_address>
         <size>0xdc</size>
         <input_file_ref idref="fl-15"/>
      </object_component>
      <object_component id="oc-3e">
         <name>.debug_info</name>
         <load_address>0xbe9d</load_address>
         <run_address>0xbe9d</run_address>
         <size>0x48c</size>
         <input_file_ref idref="fl-15"/>
      </object_component>
      <object_component id="oc-43">
         <name>.debug_info</name>
         <load_address>0xc329</load_address>
         <run_address>0xc329</run_address>
         <size>0x1f7</size>
         <input_file_ref idref="fl-15"/>
      </object_component>
      <object_component id="oc-171">
         <name>.debug_info</name>
         <load_address>0xc520</load_address>
         <run_address>0xc520</run_address>
         <size>0x4f</size>
         <input_file_ref idref="fl-15"/>
      </object_component>
      <object_component id="oc-e1">
         <name>.debug_info</name>
         <load_address>0xc56f</load_address>
         <run_address>0xc56f</run_address>
         <size>0x3de</size>
         <input_file_ref idref="fl-16"/>
      </object_component>
      <object_component id="oc-71">
         <name>.debug_info</name>
         <load_address>0xc94d</load_address>
         <run_address>0xc94d</run_address>
         <size>0x639</size>
         <input_file_ref idref="fl-16"/>
      </object_component>
      <object_component id="oc-1a8">
         <name>.debug_info</name>
         <load_address>0xcf86</load_address>
         <run_address>0xcf86</run_address>
         <size>0x493</size>
         <input_file_ref idref="fl-d0"/>
      </object_component>
      <object_component id="oc-f9">
         <name>.debug_info</name>
         <load_address>0xd419</load_address>
         <run_address>0xd419</run_address>
         <size>0x186</size>
         <input_file_ref idref="fl-d0"/>
      </object_component>
      <object_component id="oc-1d8">
         <name>.debug_info</name>
         <load_address>0xd59f</load_address>
         <run_address>0xd59f</run_address>
         <size>0x39</size>
         <input_file_ref idref="fl-d0"/>
      </object_component>
      <object_component id="oc-204">
         <name>.debug_info</name>
         <load_address>0xd5d8</load_address>
         <run_address>0xd5d8</run_address>
         <size>0x39</size>
         <input_file_ref idref="fl-d0"/>
      </object_component>
      <object_component id="oc-1dd">
         <name>.debug_info</name>
         <load_address>0xd611</load_address>
         <run_address>0xd611</run_address>
         <size>0x39</size>
         <input_file_ref idref="fl-d0"/>
      </object_component>
      <object_component id="oc-1e2">
         <name>.debug_info</name>
         <load_address>0xd64a</load_address>
         <run_address>0xd64a</run_address>
         <size>0xcd</size>
         <input_file_ref idref="fl-d0"/>
      </object_component>
      <object_component id="oc-13c">
         <name>.debug_info</name>
         <load_address>0xd717</load_address>
         <run_address>0xd717</run_address>
         <size>0x102</size>
         <input_file_ref idref="fl-d5"/>
      </object_component>
      <object_component id="oc-239">
         <name>.debug_info</name>
         <load_address>0xd819</load_address>
         <run_address>0xd819</run_address>
         <size>0x9b</size>
      </object_component>
      <object_component id="oc-1d1">
         <name>.debug_line</name>
         <load_address>0x0</load_address>
         <run_address>0x0</run_address>
         <size>0x20</size>
         <input_file_ref idref="fl-2"/>
      </object_component>
      <object_component id="oc-9f">
         <name>.debug_line</name>
         <load_address>0x20</load_address>
         <run_address>0x20</run_address>
         <size>0x5c</size>
         <input_file_ref idref="fl-2"/>
      </object_component>
      <object_component id="oc-14c">
         <name>.debug_line</name>
         <load_address>0x7c</load_address>
         <run_address>0x7c</run_address>
         <size>0x76</size>
         <input_file_ref idref="fl-2"/>
      </object_component>
      <object_component id="oc-a5">
         <name>.debug_line</name>
         <load_address>0xf2</load_address>
         <run_address>0xf2</run_address>
         <size>0x62</size>
         <input_file_ref idref="fl-2"/>
      </object_component>
      <object_component id="oc-b6">
         <name>.debug_line</name>
         <load_address>0x154</load_address>
         <run_address>0x154</run_address>
         <size>0x20</size>
         <input_file_ref idref="fl-2"/>
      </object_component>
      <object_component id="oc-b1">
         <name>.debug_line</name>
         <load_address>0x174</load_address>
         <run_address>0x174</run_address>
         <size>0x5d</size>
         <input_file_ref idref="fl-2"/>
      </object_component>
      <object_component id="oc-1c4">
         <name>.debug_line</name>
         <load_address>0x1d1</load_address>
         <run_address>0x1d1</run_address>
         <size>0x7a</size>
         <input_file_ref idref="fl-2"/>
      </object_component>
      <object_component id="oc-139">
         <name>.debug_line</name>
         <load_address>0x24b</load_address>
         <run_address>0x24b</run_address>
         <size>0x77</size>
         <input_file_ref idref="fl-2"/>
      </object_component>
      <object_component id="oc-bb">
         <name>.debug_line</name>
         <load_address>0x2c2</load_address>
         <run_address>0x2c2</run_address>
         <size>0x60</size>
         <input_file_ref idref="fl-2"/>
      </object_component>
      <object_component id="oc-151">
         <name>.debug_line</name>
         <load_address>0x322</load_address>
         <run_address>0x322</run_address>
         <size>0x5f</size>
         <input_file_ref idref="fl-2"/>
      </object_component>
      <object_component id="oc-1a3">
         <name>.debug_line</name>
         <load_address>0x381</load_address>
         <run_address>0x381</run_address>
         <size>0x5d</size>
         <input_file_ref idref="fl-2"/>
      </object_component>
      <object_component id="oc-156">
         <name>.debug_line</name>
         <load_address>0x3de</load_address>
         <run_address>0x3de</run_address>
         <size>0x5d</size>
         <input_file_ref idref="fl-2"/>
      </object_component>
      <object_component id="oc-15b">
         <name>.debug_line</name>
         <load_address>0x43b</load_address>
         <run_address>0x43b</run_address>
         <size>0x5f</size>
         <input_file_ref idref="fl-2"/>
      </object_component>
      <object_component id="oc-160">
         <name>.debug_line</name>
         <load_address>0x49a</load_address>
         <run_address>0x49a</run_address>
         <size>0x5d</size>
         <input_file_ref idref="fl-2"/>
      </object_component>
      <object_component id="oc-165">
         <name>.debug_line</name>
         <load_address>0x4f7</load_address>
         <run_address>0x4f7</run_address>
         <size>0x60</size>
         <input_file_ref idref="fl-2"/>
      </object_component>
      <object_component id="oc-16a">
         <name>.debug_line</name>
         <load_address>0x557</load_address>
         <run_address>0x557</run_address>
         <size>0x60</size>
         <input_file_ref idref="fl-2"/>
      </object_component>
      <object_component id="oc-16f">
         <name>.debug_line</name>
         <load_address>0x5b7</load_address>
         <run_address>0x5b7</run_address>
         <size>0x5d</size>
         <input_file_ref idref="fl-2"/>
      </object_component>
      <object_component id="oc-1d5">
         <name>.debug_line</name>
         <load_address>0x614</load_address>
         <run_address>0x614</run_address>
         <size>0x20</size>
         <input_file_ref idref="fl-4"/>
      </object_component>
      <object_component id="oc-7a">
         <name>.debug_line</name>
         <load_address>0x634</load_address>
         <run_address>0x634</run_address>
         <size>0x1ed</size>
         <input_file_ref idref="fl-4"/>
      </object_component>
      <object_component id="oc-51">
         <name>.debug_line</name>
         <load_address>0x821</load_address>
         <run_address>0x821</run_address>
         <size>0x20</size>
         <input_file_ref idref="fl-4"/>
      </object_component>
      <object_component id="oc-e6">
         <name>.debug_line</name>
         <load_address>0x841</load_address>
         <run_address>0x841</run_address>
         <size>0x6c</size>
         <input_file_ref idref="fl-4"/>
      </object_component>
      <object_component id="oc-1a6">
         <name>.debug_line</name>
         <load_address>0x8ad</load_address>
         <run_address>0x8ad</run_address>
         <size>0x59</size>
         <input_file_ref idref="fl-5"/>
      </object_component>
      <object_component id="oc-8c">
         <name>.debug_line</name>
         <load_address>0x906</load_address>
         <run_address>0x906</run_address>
         <size>0x347</size>
         <input_file_ref idref="fl-5"/>
      </object_component>
      <object_component id="oc-26">
         <name>.debug_line</name>
         <load_address>0xc4d</load_address>
         <run_address>0xc4d</run_address>
         <size>0x6e</size>
         <input_file_ref idref="fl-5"/>
      </object_component>
      <object_component id="oc-f4">
         <name>.debug_line</name>
         <load_address>0xcbb</load_address>
         <run_address>0xcbb</run_address>
         <size>0x59</size>
         <input_file_ref idref="fl-5"/>
      </object_component>
      <object_component id="oc-1ea">
         <name>.debug_line</name>
         <load_address>0xd14</load_address>
         <run_address>0xd14</run_address>
         <size>0x20</size>
         <input_file_ref idref="fl-6"/>
      </object_component>
      <object_component id="oc-12c">
         <name>.debug_line</name>
         <load_address>0xd34</load_address>
         <run_address>0xd34</run_address>
         <size>0x17e</size>
         <input_file_ref idref="fl-6"/>
      </object_component>
      <object_component id="oc-1ee">
         <name>.debug_line</name>
         <load_address>0xeb2</load_address>
         <run_address>0xeb2</run_address>
         <size>0x59</size>
         <input_file_ref idref="fl-6"/>
      </object_component>
      <object_component id="oc-195">
         <name>.debug_line</name>
         <load_address>0xf0b</load_address>
         <run_address>0xf0b</run_address>
         <size>0x20</size>
         <input_file_ref idref="fl-8"/>
      </object_component>
      <object_component id="oc-86">
         <name>.debug_line</name>
         <load_address>0xf2b</load_address>
         <run_address>0xf2b</run_address>
         <size>0xed</size>
         <input_file_ref idref="fl-8"/>
      </object_component>
      <object_component id="oc-199">
         <name>.debug_line</name>
         <load_address>0x1018</load_address>
         <run_address>0x1018</run_address>
         <size>0x5d</size>
         <input_file_ref idref="fl-8"/>
      </object_component>
      <object_component id="oc-19e">
         <name>.debug_line</name>
         <load_address>0x1075</load_address>
         <run_address>0x1075</run_address>
         <size>0x5d</size>
         <input_file_ref idref="fl-8"/>
      </object_component>
      <object_component id="oc-ee">
         <name>.debug_line</name>
         <load_address>0x10d2</load_address>
         <run_address>0x10d2</run_address>
         <size>0x5d</size>
         <input_file_ref idref="fl-8"/>
      </object_component>
      <object_component id="oc-1bd">
         <name>.debug_line</name>
         <load_address>0x112f</load_address>
         <run_address>0x112f</run_address>
         <size>0x59</size>
         <input_file_ref idref="fl-8"/>
      </object_component>
      <object_component id="oc-203">
         <name>.debug_line</name>
         <load_address>0x1188</load_address>
         <run_address>0x1188</run_address>
         <size>0x20</size>
         <input_file_ref idref="fl-9"/>
      </object_component>
      <object_component id="oc-de">
         <name>.debug_line</name>
         <load_address>0x11a8</load_address>
         <run_address>0x11a8</run_address>
         <size>0xdc</size>
         <input_file_ref idref="fl-9"/>
      </object_component>
      <object_component id="oc-191">
         <name>.debug_line</name>
         <load_address>0x1284</load_address>
         <run_address>0x1284</run_address>
         <size>0x60</size>
         <input_file_ref idref="fl-9"/>
      </object_component>
      <object_component id="oc-1f1">
         <name>.debug_line</name>
         <load_address>0x12e4</load_address>
         <run_address>0x12e4</run_address>
         <size>0x59</size>
         <input_file_ref idref="fl-a"/>
      </object_component>
      <object_component id="oc-132">
         <name>.debug_line</name>
         <load_address>0x133d</load_address>
         <run_address>0x133d</run_address>
         <size>0x2d8</size>
         <input_file_ref idref="fl-a"/>
      </object_component>
      <object_component id="oc-2f">
         <name>.debug_line</name>
         <load_address>0x1615</load_address>
         <run_address>0x1615</run_address>
         <size>0x4f</size>
         <input_file_ref idref="fl-a"/>
      </object_component>
      <object_component id="oc-6f">
         <name>.debug_line</name>
         <load_address>0x1664</load_address>
         <run_address>0x1664</run_address>
         <size>0x2f2</size>
         <input_file_ref idref="fl-b"/>
      </object_component>
      <object_component id="oc-35">
         <name>.debug_line</name>
         <load_address>0x1956</load_address>
         <run_address>0x1956</run_address>
         <size>0x52</size>
         <input_file_ref idref="fl-d"/>
      </object_component>
      <object_component id="oc-1c0">
         <name>.debug_line</name>
         <load_address>0x19a8</load_address>
         <run_address>0x19a8</run_address>
         <size>0xad</size>
         <input_file_ref idref="fl-e"/>
      </object_component>
      <object_component id="oc-98">
         <name>.debug_line</name>
         <load_address>0x1a55</load_address>
         <run_address>0x1a55</run_address>
         <size>0x70</size>
         <input_file_ref idref="fl-e"/>
      </object_component>
      <object_component id="oc-92">
         <name>.debug_line</name>
         <load_address>0x1ac5</load_address>
         <run_address>0x1ac5</run_address>
         <size>0x1f3</size>
         <input_file_ref idref="fl-f"/>
      </object_component>
      <object_component id="oc-201">
         <name>.debug_line</name>
         <load_address>0x1cb8</load_address>
         <run_address>0x1cb8</run_address>
         <size>0x20</size>
         <input_file_ref idref="fl-10"/>
      </object_component>
      <object_component id="oc-18c">
         <name>.debug_line</name>
         <load_address>0x1cd8</load_address>
         <run_address>0x1cd8</run_address>
         <size>0x5d</size>
         <input_file_ref idref="fl-10"/>
      </object_component>
      <object_component id="oc-3a">
         <name>.debug_line</name>
         <load_address>0x1d35</load_address>
         <run_address>0x1d35</run_address>
         <size>0x4e</size>
         <input_file_ref idref="fl-11"/>
      </object_component>
      <object_component id="oc-20">
         <name>.debug_line</name>
         <load_address>0x1d83</load_address>
         <run_address>0x1d83</run_address>
         <size>0x94</size>
         <input_file_ref idref="fl-14"/>
      </object_component>
      <object_component id="oc-80">
         <name>.debug_line</name>
         <load_address>0x1e17</load_address>
         <run_address>0x1e17</run_address>
         <size>0x53</size>
         <input_file_ref idref="fl-14"/>
      </object_component>
      <object_component id="oc-148">
         <name>.debug_line</name>
         <load_address>0x1e6a</load_address>
         <run_address>0x1e6a</run_address>
         <size>0x96</size>
         <input_file_ref idref="fl-15"/>
      </object_component>
      <object_component id="oc-a8">
         <name>.debug_line</name>
         <load_address>0x1f00</load_address>
         <run_address>0x1f00</run_address>
         <size>0x3a</size>
         <input_file_ref idref="fl-15"/>
      </object_component>
      <object_component id="oc-41">
         <name>.debug_line</name>
         <load_address>0x1f3a</load_address>
         <run_address>0x1f3a</run_address>
         <size>0x187</size>
         <input_file_ref idref="fl-15"/>
      </object_component>
      <object_component id="oc-46">
         <name>.debug_line</name>
         <load_address>0x20c1</load_address>
         <run_address>0x20c1</run_address>
         <size>0x9b</size>
         <input_file_ref idref="fl-15"/>
      </object_component>
      <object_component id="oc-174">
         <name>.debug_line</name>
         <load_address>0x215c</load_address>
         <run_address>0x215c</run_address>
         <size>0x3a</size>
         <input_file_ref idref="fl-15"/>
      </object_component>
      <object_component id="oc-188">
         <name>.debug_line</name>
         <load_address>0x2196</load_address>
         <run_address>0x2196</run_address>
         <size>0x9a</size>
         <input_file_ref idref="fl-16"/>
      </object_component>
      <object_component id="oc-74">
         <name>.debug_line</name>
         <load_address>0x2230</load_address>
         <run_address>0x2230</run_address>
         <size>0x213</size>
         <input_file_ref idref="fl-16"/>
      </object_component>
      <object_component id="oc-1d7">
         <name>.debug_line</name>
         <load_address>0x2443</load_address>
         <run_address>0x2443</run_address>
         <size>0x9f</size>
         <input_file_ref idref="fl-d0"/>
      </object_component>
      <object_component id="oc-fc">
         <name>.debug_line</name>
         <load_address>0x24e2</load_address>
         <run_address>0x24e2</run_address>
         <size>0x7b</size>
         <input_file_ref idref="fl-d0"/>
      </object_component>
      <object_component id="oc-1db">
         <name>.debug_line</name>
         <load_address>0x255d</load_address>
         <run_address>0x255d</run_address>
         <size>0x2e</size>
         <input_file_ref idref="fl-d0"/>
      </object_component>
      <object_component id="oc-207">
         <name>.debug_line</name>
         <load_address>0x258b</load_address>
         <run_address>0x258b</run_address>
         <size>0x7a</size>
         <input_file_ref idref="fl-d0"/>
      </object_component>
      <object_component id="oc-1e0">
         <name>.debug_line</name>
         <load_address>0x2605</load_address>
         <run_address>0x2605</run_address>
         <size>0x77</size>
         <input_file_ref idref="fl-d0"/>
      </object_component>
      <object_component id="oc-1e5">
         <name>.debug_line</name>
         <load_address>0x267c</load_address>
         <run_address>0x267c</run_address>
         <size>0x73</size>
         <input_file_ref idref="fl-d0"/>
      </object_component>
      <object_component id="oc-13f">
         <name>.debug_line</name>
         <load_address>0x26ef</load_address>
         <run_address>0x26ef</run_address>
         <size>0x3c</size>
         <input_file_ref idref="fl-d5"/>
      </object_component>
      <object_component id="oc-1d0">
         <name>.debug_abbrev</name>
         <load_address>0x0</load_address>
         <run_address>0x0</run_address>
         <size>0x5f</size>
         <input_file_ref idref="fl-2"/>
      </object_component>
      <object_component id="oc-9e">
         <name>.debug_abbrev</name>
         <load_address>0x5f</load_address>
         <run_address>0x5f</run_address>
         <size>0xba</size>
         <input_file_ref idref="fl-2"/>
      </object_component>
      <object_component id="oc-14b">
         <name>.debug_abbrev</name>
         <load_address>0x119</load_address>
         <run_address>0x119</run_address>
         <size>0x69</size>
         <input_file_ref idref="fl-2"/>
      </object_component>
      <object_component id="oc-a4">
         <name>.debug_abbrev</name>
         <load_address>0x182</load_address>
         <run_address>0x182</run_address>
         <size>0x5a</size>
         <input_file_ref idref="fl-2"/>
      </object_component>
      <object_component id="oc-b5">
         <name>.debug_abbrev</name>
         <load_address>0x1dc</load_address>
         <run_address>0x1dc</run_address>
         <size>0x1f</size>
         <input_file_ref idref="fl-2"/>
      </object_component>
      <object_component id="oc-b0">
         <name>.debug_abbrev</name>
         <load_address>0x1fb</load_address>
         <run_address>0x1fb</run_address>
         <size>0x7c</size>
         <input_file_ref idref="fl-2"/>
      </object_component>
      <object_component id="oc-1c3">
         <name>.debug_abbrev</name>
         <load_address>0x277</load_address>
         <run_address>0x277</run_address>
         <size>0x5c</size>
         <input_file_ref idref="fl-2"/>
      </object_component>
      <object_component id="oc-138">
         <name>.debug_abbrev</name>
         <load_address>0x2d3</load_address>
         <run_address>0x2d3</run_address>
         <size>0x24</size>
         <input_file_ref idref="fl-2"/>
      </object_component>
      <object_component id="oc-ba">
         <name>.debug_abbrev</name>
         <load_address>0x2f7</load_address>
         <run_address>0x2f7</run_address>
         <size>0x55</size>
         <input_file_ref idref="fl-2"/>
      </object_component>
      <object_component id="oc-150">
         <name>.debug_abbrev</name>
         <load_address>0x34c</load_address>
         <run_address>0x34c</run_address>
         <size>0x4b</size>
         <input_file_ref idref="fl-2"/>
      </object_component>
      <object_component id="oc-1a2">
         <name>.debug_abbrev</name>
         <load_address>0x397</load_address>
         <run_address>0x397</run_address>
         <size>0x4b</size>
         <input_file_ref idref="fl-2"/>
      </object_component>
      <object_component id="oc-155">
         <name>.debug_abbrev</name>
         <load_address>0x3e2</load_address>
         <run_address>0x3e2</run_address>
         <size>0x4b</size>
         <input_file_ref idref="fl-2"/>
      </object_component>
      <object_component id="oc-15a">
         <name>.debug_abbrev</name>
         <load_address>0x42d</load_address>
         <run_address>0x42d</run_address>
         <size>0x4b</size>
         <input_file_ref idref="fl-2"/>
      </object_component>
      <object_component id="oc-15f">
         <name>.debug_abbrev</name>
         <load_address>0x478</load_address>
         <run_address>0x478</run_address>
         <size>0x4b</size>
         <input_file_ref idref="fl-2"/>
      </object_component>
      <object_component id="oc-164">
         <name>.debug_abbrev</name>
         <load_address>0x4c3</load_address>
         <run_address>0x4c3</run_address>
         <size>0x4b</size>
         <input_file_ref idref="fl-2"/>
      </object_component>
      <object_component id="oc-169">
         <name>.debug_abbrev</name>
         <load_address>0x50e</load_address>
         <run_address>0x50e</run_address>
         <size>0x5c</size>
         <input_file_ref idref="fl-2"/>
      </object_component>
      <object_component id="oc-16e">
         <name>.debug_abbrev</name>
         <load_address>0x56a</load_address>
         <run_address>0x56a</run_address>
         <size>0x4b</size>
         <input_file_ref idref="fl-2"/>
      </object_component>
      <object_component id="oc-1d4">
         <name>.debug_abbrev</name>
         <load_address>0x5b5</load_address>
         <run_address>0x5b5</run_address>
         <size>0x39</size>
         <input_file_ref idref="fl-4"/>
      </object_component>
      <object_component id="oc-e2">
         <name>.debug_abbrev</name>
         <load_address>0x5ee</load_address>
         <run_address>0x5ee</run_address>
         <size>0xd8</size>
         <input_file_ref idref="fl-4"/>
      </object_component>
      <object_component id="oc-50">
         <name>.debug_abbrev</name>
         <load_address>0x6c6</load_address>
         <run_address>0x6c6</run_address>
         <size>0x1f</size>
         <input_file_ref idref="fl-4"/>
      </object_component>
      <object_component id="oc-e5">
         <name>.debug_abbrev</name>
         <load_address>0x6e5</load_address>
         <run_address>0x6e5</run_address>
         <size>0xa3</size>
         <input_file_ref idref="fl-4"/>
      </object_component>
      <object_component id="oc-1a5">
         <name>.debug_abbrev</name>
         <load_address>0x788</load_address>
         <run_address>0x788</run_address>
         <size>0x76</size>
         <input_file_ref idref="fl-5"/>
      </object_component>
      <object_component id="oc-f0">
         <name>.debug_abbrev</name>
         <load_address>0x7fe</load_address>
         <run_address>0x7fe</run_address>
         <size>0xc8</size>
         <input_file_ref idref="fl-5"/>
      </object_component>
      <object_component id="oc-a1">
         <name>.debug_abbrev</name>
         <load_address>0x8c6</load_address>
         <run_address>0x8c6</run_address>
         <size>0x6f</size>
         <input_file_ref idref="fl-5"/>
      </object_component>
      <object_component id="oc-f3">
         <name>.debug_abbrev</name>
         <load_address>0x935</load_address>
         <run_address>0x935</run_address>
         <size>0x6b</size>
         <input_file_ref idref="fl-5"/>
      </object_component>
      <object_component id="oc-1e9">
         <name>.debug_abbrev</name>
         <load_address>0x9a0</load_address>
         <run_address>0x9a0</run_address>
         <size>0x52</size>
         <input_file_ref idref="fl-6"/>
      </object_component>
      <object_component id="oc-1b6">
         <name>.debug_abbrev</name>
         <load_address>0x9f2</load_address>
         <run_address>0x9f2</run_address>
         <size>0xc8</size>
         <input_file_ref idref="fl-6"/>
      </object_component>
      <object_component id="oc-1ed">
         <name>.debug_abbrev</name>
         <load_address>0xaba</load_address>
         <run_address>0xaba</run_address>
         <size>0x4b</size>
         <input_file_ref idref="fl-6"/>
      </object_component>
      <object_component id="oc-194">
         <name>.debug_abbrev</name>
         <load_address>0xb05</load_address>
         <run_address>0xb05</run_address>
         <size>0x4f</size>
         <input_file_ref idref="fl-8"/>
      </object_component>
      <object_component id="oc-e9">
         <name>.debug_abbrev</name>
         <load_address>0xb54</load_address>
         <run_address>0xb54</run_address>
         <size>0x6c</size>
         <input_file_ref idref="fl-8"/>
      </object_component>
      <object_component id="oc-198">
         <name>.debug_abbrev</name>
         <load_address>0xbc0</load_address>
         <run_address>0xbc0</run_address>
         <size>0x5a</size>
         <input_file_ref idref="fl-8"/>
      </object_component>
      <object_component id="oc-19d">
         <name>.debug_abbrev</name>
         <load_address>0xc1a</load_address>
         <run_address>0xc1a</run_address>
         <size>0x7f</size>
         <input_file_ref idref="fl-8"/>
      </object_component>
      <object_component id="oc-ed">
         <name>.debug_abbrev</name>
         <load_address>0xc99</load_address>
         <run_address>0xc99</run_address>
         <size>0x6b</size>
         <input_file_ref idref="fl-8"/>
      </object_component>
      <object_component id="oc-1bc">
         <name>.debug_abbrev</name>
         <load_address>0xd04</load_address>
         <run_address>0xd04</run_address>
         <size>0x89</size>
         <input_file_ref idref="fl-8"/>
      </object_component>
      <object_component id="oc-202">
         <name>.debug_abbrev</name>
         <load_address>0xd8d</load_address>
         <run_address>0xd8d</run_address>
         <size>0x4f</size>
         <input_file_ref idref="fl-9"/>
      </object_component>
      <object_component id="oc-186">
         <name>.debug_abbrev</name>
         <load_address>0xddc</load_address>
         <run_address>0xddc</run_address>
         <size>0x50</size>
         <input_file_ref idref="fl-9"/>
      </object_component>
      <object_component id="oc-190">
         <name>.debug_abbrev</name>
         <load_address>0xe2c</load_address>
         <run_address>0xe2c</run_address>
         <size>0x4b</size>
         <input_file_ref idref="fl-9"/>
      </object_component>
      <object_component id="oc-1f0">
         <name>.debug_abbrev</name>
         <load_address>0xe77</load_address>
         <run_address>0xe77</run_address>
         <size>0x76</size>
         <input_file_ref idref="fl-a"/>
      </object_component>
      <object_component id="oc-1b8">
         <name>.debug_abbrev</name>
         <load_address>0xeed</load_address>
         <run_address>0xeed</run_address>
         <size>0xf7</size>
         <input_file_ref idref="fl-a"/>
      </object_component>
      <object_component id="oc-aa">
         <name>.debug_abbrev</name>
         <load_address>0xfe4</load_address>
         <run_address>0xfe4</run_address>
         <size>0x61</size>
         <input_file_ref idref="fl-a"/>
      </object_component>
      <object_component id="oc-d9">
         <name>.debug_abbrev</name>
         <load_address>0x1045</load_address>
         <run_address>0x1045</run_address>
         <size>0x44</size>
         <input_file_ref idref="fl-b"/>
      </object_component>
      <object_component id="oc-ab">
         <name>.debug_abbrev</name>
         <load_address>0x1089</load_address>
         <run_address>0x1089</run_address>
         <size>0x38</size>
         <input_file_ref idref="fl-d"/>
      </object_component>
      <object_component id="oc-1bf">
         <name>.debug_abbrev</name>
         <load_address>0x10c1</load_address>
         <run_address>0x10c1</run_address>
         <size>0xba</size>
         <input_file_ref idref="fl-e"/>
      </object_component>
      <object_component id="oc-134">
         <name>.debug_abbrev</name>
         <load_address>0x117b</load_address>
         <run_address>0x117b</run_address>
         <size>0xa9</size>
         <input_file_ref idref="fl-e"/>
      </object_component>
      <object_component id="oc-f7">
         <name>.debug_abbrev</name>
         <load_address>0x1224</load_address>
         <run_address>0x1224</run_address>
         <size>0x36</size>
         <input_file_ref idref="fl-f"/>
      </object_component>
      <object_component id="oc-200">
         <name>.debug_abbrev</name>
         <load_address>0x125a</load_address>
         <run_address>0x125a</run_address>
         <size>0x4f</size>
         <input_file_ref idref="fl-10"/>
      </object_component>
      <object_component id="oc-18b">
         <name>.debug_abbrev</name>
         <load_address>0x12a9</load_address>
         <run_address>0x12a9</run_address>
         <size>0x5a</size>
         <input_file_ref idref="fl-10"/>
      </object_component>
      <object_component id="oc-ac">
         <name>.debug_abbrev</name>
         <load_address>0x1303</load_address>
         <run_address>0x1303</run_address>
         <size>0x53</size>
         <input_file_ref idref="fl-11"/>
      </object_component>
      <object_component id="oc-9b">
         <name>.debug_abbrev</name>
         <load_address>0x1356</load_address>
         <run_address>0x1356</run_address>
         <size>0x63</size>
         <input_file_ref idref="fl-14"/>
      </object_component>
      <object_component id="oc-e8">
         <name>.debug_abbrev</name>
         <load_address>0x13b9</load_address>
         <run_address>0x13b9</run_address>
         <size>0x42</size>
         <input_file_ref idref="fl-14"/>
      </object_component>
      <object_component id="oc-147">
         <name>.debug_abbrev</name>
         <load_address>0x13fb</load_address>
         <run_address>0x13fb</run_address>
         <size>0xab</size>
         <input_file_ref idref="fl-15"/>
      </object_component>
      <object_component id="oc-a7">
         <name>.debug_abbrev</name>
         <load_address>0x14a6</load_address>
         <run_address>0x14a6</run_address>
         <size>0x27</size>
         <input_file_ref idref="fl-15"/>
      </object_component>
      <object_component id="oc-ad">
         <name>.debug_abbrev</name>
         <load_address>0x14cd</load_address>
         <run_address>0x14cd</run_address>
         <size>0xa4</size>
         <input_file_ref idref="fl-15"/>
      </object_component>
      <object_component id="oc-bd">
         <name>.debug_abbrev</name>
         <load_address>0x1571</load_address>
         <run_address>0x1571</run_address>
         <size>0x6f</size>
         <input_file_ref idref="fl-15"/>
      </object_component>
      <object_component id="oc-173">
         <name>.debug_abbrev</name>
         <load_address>0x15e0</load_address>
         <run_address>0x15e0</run_address>
         <size>0x4b</size>
         <input_file_ref idref="fl-15"/>
      </object_component>
      <object_component id="oc-187">
         <name>.debug_abbrev</name>
         <load_address>0x162b</load_address>
         <run_address>0x162b</run_address>
         <size>0x77</size>
         <input_file_ref idref="fl-16"/>
      </object_component>
      <object_component id="oc-e0">
         <name>.debug_abbrev</name>
         <load_address>0x16a2</load_address>
         <run_address>0x16a2</run_address>
         <size>0x103</size>
         <input_file_ref idref="fl-16"/>
      </object_component>
      <object_component id="oc-1d6">
         <name>.debug_abbrev</name>
         <load_address>0x17a5</load_address>
         <run_address>0x17a5</run_address>
         <size>0xc0</size>
         <input_file_ref idref="fl-d0"/>
      </object_component>
      <object_component id="oc-1a7">
         <name>.debug_abbrev</name>
         <load_address>0x1865</load_address>
         <run_address>0x1865</run_address>
         <size>0x7e</size>
         <input_file_ref idref="fl-d0"/>
      </object_component>
      <object_component id="oc-1da">
         <name>.debug_abbrev</name>
         <load_address>0x18e3</load_address>
         <run_address>0x18e3</run_address>
         <size>0x24</size>
         <input_file_ref idref="fl-d0"/>
      </object_component>
      <object_component id="oc-206">
         <name>.debug_abbrev</name>
         <load_address>0x1907</load_address>
         <run_address>0x1907</run_address>
         <size>0x24</size>
         <input_file_ref idref="fl-d0"/>
      </object_component>
      <object_component id="oc-1df">
         <name>.debug_abbrev</name>
         <load_address>0x192b</load_address>
         <run_address>0x192b</run_address>
         <size>0x24</size>
         <input_file_ref idref="fl-d0"/>
      </object_component>
      <object_component id="oc-1e4">
         <name>.debug_abbrev</name>
         <load_address>0x194f</load_address>
         <run_address>0x194f</run_address>
         <size>0x4b</size>
         <input_file_ref idref="fl-d0"/>
      </object_component>
      <object_component id="oc-1c6">
         <name>.debug_abbrev</name>
         <load_address>0x199a</load_address>
         <run_address>0x199a</run_address>
         <size>0x45</size>
         <input_file_ref idref="fl-d5"/>
      </object_component>
      <object_component id="oc-23a">
         <name>.debug_abbrev</name>
         <load_address>0x19df</load_address>
         <run_address>0x19df</run_address>
         <size>0xf</size>
      </object_component>
      <object_component id="oc-a0">
         <name>.debug_str</name>
         <load_address>0x0</load_address>
         <run_address>0x0</run_address>
         <size>0x453</size>
         <input_file_ref idref="fl-2"/>
      </object_component>
      <object_component id="oc-14d">
         <name>.debug_str</name>
         <load_address>0x453</load_address>
         <run_address>0x453</run_address>
         <size>0x2b3</size>
         <input_file_ref idref="fl-2"/>
      </object_component>
      <object_component id="oc-a6">
         <name>.debug_str</name>
         <load_address>0x706</load_address>
         <run_address>0x706</run_address>
         <size>0x19a</size>
         <input_file_ref idref="fl-2"/>
      </object_component>
      <object_component id="oc-b7">
         <name>.debug_str</name>
         <load_address>0x8a0</load_address>
         <run_address>0x8a0</run_address>
         <size>0xff</size>
         <input_file_ref idref="fl-2"/>
      </object_component>
      <object_component id="oc-b2">
         <name>.debug_str</name>
         <load_address>0x99f</load_address>
         <run_address>0x99f</run_address>
         <size>0x21e</size>
         <input_file_ref idref="fl-2"/>
      </object_component>
      <object_component id="oc-1c5">
         <name>.debug_str</name>
         <load_address>0xbbd</load_address>
         <run_address>0xbbd</run_address>
         <size>0x349</size>
         <input_file_ref idref="fl-2"/>
      </object_component>
      <object_component id="oc-13a">
         <name>.debug_str</name>
         <load_address>0xf06</load_address>
         <run_address>0xf06</run_address>
         <size>0x14b</size>
         <input_file_ref idref="fl-2"/>
      </object_component>
      <object_component id="oc-bc">
         <name>.debug_str</name>
         <load_address>0x1051</load_address>
         <run_address>0x1051</run_address>
         <size>0x148</size>
         <input_file_ref idref="fl-2"/>
      </object_component>
      <object_component id="oc-152">
         <name>.debug_str</name>
         <load_address>0x1199</load_address>
         <run_address>0x1199</run_address>
         <size>0x138</size>
         <input_file_ref idref="fl-2"/>
      </object_component>
      <object_component id="oc-1a4">
         <name>.debug_str</name>
         <load_address>0x12d1</load_address>
         <run_address>0x12d1</run_address>
         <size>0x157</size>
         <input_file_ref idref="fl-2"/>
      </object_component>
      <object_component id="oc-157">
         <name>.debug_str</name>
         <load_address>0x1428</load_address>
         <run_address>0x1428</run_address>
         <size>0x188</size>
         <input_file_ref idref="fl-2"/>
      </object_component>
      <object_component id="oc-15c">
         <name>.debug_str</name>
         <load_address>0x15b0</load_address>
         <run_address>0x15b0</run_address>
         <size>0x2a9</size>
         <input_file_ref idref="fl-2"/>
      </object_component>
      <object_component id="oc-161">
         <name>.debug_str</name>
         <load_address>0x1859</load_address>
         <run_address>0x1859</run_address>
         <size>0x15c</size>
         <input_file_ref idref="fl-2"/>
      </object_component>
      <object_component id="oc-166">
         <name>.debug_str</name>
         <load_address>0x19b5</load_address>
         <run_address>0x19b5</run_address>
         <size>0x17f</size>
         <input_file_ref idref="fl-2"/>
      </object_component>
      <object_component id="oc-16b">
         <name>.debug_str</name>
         <load_address>0x1b34</load_address>
         <run_address>0x1b34</run_address>
         <size>0x359</size>
         <input_file_ref idref="fl-2"/>
      </object_component>
      <object_component id="oc-170">
         <name>.debug_str</name>
         <load_address>0x1e8d</load_address>
         <run_address>0x1e8d</run_address>
         <size>0x25d</size>
         <input_file_ref idref="fl-2"/>
      </object_component>
      <object_component id="oc-52">
         <name>.debug_str</name>
         <load_address>0x20ea</load_address>
         <run_address>0x20ea</run_address>
         <size>0xff</size>
         <input_file_ref idref="fl-4"/>
      </object_component>
      <object_component id="oc-e7">
         <name>.debug_str</name>
         <load_address>0x21e9</load_address>
         <run_address>0x21e9</run_address>
         <size>0x540</size>
         <input_file_ref idref="fl-4"/>
      </object_component>
      <object_component id="oc-f5">
         <name>.debug_str</name>
         <load_address>0x2729</load_address>
         <run_address>0x2729</run_address>
         <size>0x1e8</size>
         <input_file_ref idref="fl-5"/>
      </object_component>
      <object_component id="oc-1ef">
         <name>.debug_str</name>
         <load_address>0x2911</load_address>
         <run_address>0x2911</run_address>
         <size>0x1a3</size>
         <input_file_ref idref="fl-6"/>
      </object_component>
      <object_component id="oc-19a">
         <name>.debug_str</name>
         <load_address>0x2ab4</load_address>
         <run_address>0x2ab4</run_address>
         <size>0x1de</size>
         <input_file_ref idref="fl-8"/>
      </object_component>
      <object_component id="oc-19f">
         <name>.debug_str</name>
         <load_address>0x2c92</load_address>
         <run_address>0x2c92</run_address>
         <size>0x4c3</size>
         <input_file_ref idref="fl-8"/>
      </object_component>
      <object_component id="oc-ef">
         <name>.debug_str</name>
         <load_address>0x3155</load_address>
         <run_address>0x3155</run_address>
         <size>0x77e</size>
         <input_file_ref idref="fl-8"/>
      </object_component>
      <object_component id="oc-1be">
         <name>.debug_str</name>
         <load_address>0x38d3</load_address>
         <run_address>0x38d3</run_address>
         <size>0x2eb</size>
         <input_file_ref idref="fl-8"/>
      </object_component>
      <object_component id="oc-192">
         <name>.debug_str</name>
         <load_address>0x3bbe</load_address>
         <run_address>0x3bbe</run_address>
         <size>0x1ae</size>
         <input_file_ref idref="fl-9"/>
      </object_component>
      <object_component id="oc-18d">
         <name>.debug_str</name>
         <load_address>0x3d6c</load_address>
         <run_address>0x3d6c</run_address>
         <size>0x2e9</size>
         <input_file_ref idref="fl-10"/>
      </object_component>
      <object_component id="oc-175">
         <name>.debug_str</name>
         <load_address>0x4055</load_address>
         <run_address>0x4055</run_address>
         <size>0xba</size>
         <input_file_ref idref="fl-15"/>
      </object_component>
      <object_component id="oc-1dc">
         <name>.debug_str</name>
         <load_address>0x410f</load_address>
         <run_address>0x410f</run_address>
         <size>0xcd</size>
         <input_file_ref idref="fl-d0"/>
      </object_component>
      <object_component id="oc-208">
         <name>.debug_str</name>
         <load_address>0x41dc</load_address>
         <run_address>0x41dc</run_address>
         <size>0x117</size>
         <input_file_ref idref="fl-d0"/>
      </object_component>
      <object_component id="oc-1e1">
         <name>.debug_str</name>
         <load_address>0x42f3</load_address>
         <run_address>0x42f3</run_address>
         <size>0x110</size>
         <input_file_ref idref="fl-d0"/>
      </object_component>
      <object_component id="oc-1e6">
         <name>.debug_str</name>
         <load_address>0x4403</load_address>
         <run_address>0x4403</run_address>
         <size>0x157</size>
         <input_file_ref idref="fl-d0"/>
      </object_component>
      <object_component id="oc-9d">
         <name>.debug_pubtypes</name>
         <load_address>0x0</load_address>
         <run_address>0x0</run_address>
         <size>0x7d</size>
         <input_file_ref idref="fl-2"/>
      </object_component>
      <object_component id="oc-14a">
         <name>.debug_pubtypes</name>
         <load_address>0x7d</load_address>
         <run_address>0x7d</run_address>
         <size>0x25c</size>
         <input_file_ref idref="fl-2"/>
      </object_component>
      <object_component id="oc-a3">
         <name>.debug_pubtypes</name>
         <load_address>0x2d9</load_address>
         <run_address>0x2d9</run_address>
         <size>0xc6</size>
         <input_file_ref idref="fl-2"/>
      </object_component>
      <object_component id="oc-b4">
         <name>.debug_pubtypes</name>
         <load_address>0x39f</load_address>
         <run_address>0x39f</run_address>
         <size>0xff</size>
         <input_file_ref idref="fl-2"/>
      </object_component>
      <object_component id="oc-af">
         <name>.debug_pubtypes</name>
         <load_address>0x49e</load_address>
         <run_address>0x49e</run_address>
         <size>0x75</size>
         <input_file_ref idref="fl-2"/>
      </object_component>
      <object_component id="oc-1c2">
         <name>.debug_pubtypes</name>
         <load_address>0x513</load_address>
         <run_address>0x513</run_address>
         <size>0x330</size>
         <input_file_ref idref="fl-2"/>
      </object_component>
      <object_component id="oc-137">
         <name>.debug_pubtypes</name>
         <load_address>0x843</load_address>
         <run_address>0x843</run_address>
         <size>0xaa</size>
         <input_file_ref idref="fl-2"/>
      </object_component>
      <object_component id="oc-b9">
         <name>.debug_pubtypes</name>
         <load_address>0x8ed</load_address>
         <run_address>0x8ed</run_address>
         <size>0x71</size>
         <input_file_ref idref="fl-2"/>
      </object_component>
      <object_component id="oc-14f">
         <name>.debug_pubtypes</name>
         <load_address>0x95e</load_address>
         <run_address>0x95e</run_address>
         <size>0x30</size>
         <input_file_ref idref="fl-2"/>
      </object_component>
      <object_component id="oc-1a1">
         <name>.debug_pubtypes</name>
         <load_address>0x98e</load_address>
         <run_address>0x98e</run_address>
         <size>0x2c</size>
         <input_file_ref idref="fl-2"/>
      </object_component>
      <object_component id="oc-154">
         <name>.debug_pubtypes</name>
         <load_address>0x9ba</load_address>
         <run_address>0x9ba</run_address>
         <size>0x2c</size>
         <input_file_ref idref="fl-2"/>
      </object_component>
      <object_component id="oc-159">
         <name>.debug_pubtypes</name>
         <load_address>0x9e6</load_address>
         <run_address>0x9e6</run_address>
         <size>0x32</size>
         <input_file_ref idref="fl-2"/>
      </object_component>
      <object_component id="oc-15e">
         <name>.debug_pubtypes</name>
         <load_address>0xa18</load_address>
         <run_address>0xa18</run_address>
         <size>0x46</size>
         <input_file_ref idref="fl-2"/>
      </object_component>
      <object_component id="oc-163">
         <name>.debug_pubtypes</name>
         <load_address>0xa5e</load_address>
         <run_address>0xa5e</run_address>
         <size>0x32</size>
         <input_file_ref idref="fl-2"/>
      </object_component>
      <object_component id="oc-168">
         <name>.debug_pubtypes</name>
         <load_address>0xa90</load_address>
         <run_address>0xa90</run_address>
         <size>0x56</size>
         <input_file_ref idref="fl-2"/>
      </object_component>
      <object_component id="oc-16d">
         <name>.debug_pubtypes</name>
         <load_address>0xae6</load_address>
         <run_address>0xae6</run_address>
         <size>0x2c</size>
         <input_file_ref idref="fl-2"/>
      </object_component>
      <object_component id="oc-4f">
         <name>.debug_pubtypes</name>
         <load_address>0xb12</load_address>
         <run_address>0xb12</run_address>
         <size>0xed</size>
         <input_file_ref idref="fl-4"/>
      </object_component>
      <object_component id="oc-e4">
         <name>.debug_pubtypes</name>
         <load_address>0xbff</load_address>
         <run_address>0xbff</run_address>
         <size>0xb6</size>
         <input_file_ref idref="fl-4"/>
      </object_component>
      <object_component id="oc-f2">
         <name>.debug_pubtypes</name>
         <load_address>0xcb5</load_address>
         <run_address>0xcb5</run_address>
         <size>0x64</size>
         <input_file_ref idref="fl-5"/>
      </object_component>
      <object_component id="oc-1ec">
         <name>.debug_pubtypes</name>
         <load_address>0xd19</load_address>
         <run_address>0xd19</run_address>
         <size>0x3a</size>
         <input_file_ref idref="fl-6"/>
      </object_component>
      <object_component id="oc-197">
         <name>.debug_pubtypes</name>
         <load_address>0xd53</load_address>
         <run_address>0xd53</run_address>
         <size>0x2c</size>
         <input_file_ref idref="fl-8"/>
      </object_component>
      <object_component id="oc-19c">
         <name>.debug_pubtypes</name>
         <load_address>0xd7f</load_address>
         <run_address>0xd7f</run_address>
         <size>0x3d</size>
         <input_file_ref idref="fl-8"/>
      </object_component>
      <object_component id="oc-ec">
         <name>.debug_pubtypes</name>
         <load_address>0xdbc</load_address>
         <run_address>0xdbc</run_address>
         <size>0x1cf</size>
         <input_file_ref idref="fl-8"/>
      </object_component>
      <object_component id="oc-1bb">
         <name>.debug_pubtypes</name>
         <load_address>0xf8b</load_address>
         <run_address>0xf8b</run_address>
         <size>0xde</size>
         <input_file_ref idref="fl-8"/>
      </object_component>
      <object_component id="oc-18f">
         <name>.debug_pubtypes</name>
         <load_address>0x1069</load_address>
         <run_address>0x1069</run_address>
         <size>0x32</size>
         <input_file_ref idref="fl-9"/>
      </object_component>
      <object_component id="oc-18a">
         <name>.debug_pubtypes</name>
         <load_address>0x109b</load_address>
         <run_address>0x109b</run_address>
         <size>0x2c</size>
         <input_file_ref idref="fl-10"/>
      </object_component>
      <object_component id="oc-172">
         <name>.debug_pubtypes</name>
         <load_address>0x10c7</load_address>
         <run_address>0x10c7</run_address>
         <size>0x2a</size>
         <input_file_ref idref="fl-15"/>
      </object_component>
      <object_component id="oc-1d9">
         <name>.debug_pubtypes</name>
         <load_address>0x10f1</load_address>
         <run_address>0x10f1</run_address>
         <size>0x32</size>
         <input_file_ref idref="fl-d0"/>
      </object_component>
      <object_component id="oc-205">
         <name>.debug_pubtypes</name>
         <load_address>0x1123</load_address>
         <run_address>0x1123</run_address>
         <size>0x30</size>
         <input_file_ref idref="fl-d0"/>
      </object_component>
      <object_component id="oc-1de">
         <name>.debug_pubtypes</name>
         <load_address>0x1153</load_address>
         <run_address>0x1153</run_address>
         <size>0x2c</size>
         <input_file_ref idref="fl-d0"/>
      </object_component>
      <object_component id="oc-1e3">
         <name>.debug_pubtypes</name>
         <load_address>0x117f</load_address>
         <run_address>0x117f</run_address>
         <size>0x50</size>
         <input_file_ref idref="fl-d0"/>
      </object_component>
      <object_component id="oc-7b">
         <name>.debug_frame</name>
         <load_address>0x0</load_address>
         <run_address>0x0</run_address>
         <size>0xd0</size>
         <input_file_ref idref="fl-4"/>
      </object_component>
      <object_component id="oc-8d">
         <name>.debug_frame</name>
         <load_address>0xd0</load_address>
         <run_address>0xd0</run_address>
         <size>0x274</size>
         <input_file_ref idref="fl-5"/>
      </object_component>
      <object_component id="oc-27">
         <name>.debug_frame</name>
         <load_address>0x344</load_address>
         <run_address>0x344</run_address>
         <size>0xb0</size>
         <input_file_ref idref="fl-5"/>
      </object_component>
      <object_component id="oc-12d">
         <name>.debug_frame</name>
         <load_address>0x3f4</load_address>
         <run_address>0x3f4</run_address>
         <size>0x12c</size>
         <input_file_ref idref="fl-6"/>
      </object_component>
      <object_component id="oc-87">
         <name>.debug_frame</name>
         <load_address>0x520</load_address>
         <run_address>0x520</run_address>
         <size>0xf8</size>
         <input_file_ref idref="fl-8"/>
      </object_component>
      <object_component id="oc-df">
         <name>.debug_frame</name>
         <load_address>0x618</load_address>
         <run_address>0x618</run_address>
         <size>0x58</size>
         <input_file_ref idref="fl-9"/>
      </object_component>
      <object_component id="oc-133">
         <name>.debug_frame</name>
         <load_address>0x670</load_address>
         <run_address>0x670</run_address>
         <size>0x234</size>
         <input_file_ref idref="fl-a"/>
      </object_component>
      <object_component id="oc-30">
         <name>.debug_frame</name>
         <load_address>0x8a4</load_address>
         <run_address>0x8a4</run_address>
         <size>0xac</size>
         <input_file_ref idref="fl-a"/>
      </object_component>
      <object_component id="oc-99">
         <name>.debug_frame</name>
         <load_address>0x950</load_address>
         <run_address>0x950</run_address>
         <size>0x74</size>
         <input_file_ref idref="fl-e"/>
      </object_component>
      <object_component id="oc-3b">
         <name>.debug_frame</name>
         <load_address>0x9c4</load_address>
         <run_address>0x9c4</run_address>
         <size>0x54</size>
         <input_file_ref idref="fl-11"/>
      </object_component>
      <object_component id="oc-21">
         <name>.debug_frame</name>
         <load_address>0xa18</load_address>
         <run_address>0xa18</run_address>
         <size>0x50</size>
         <input_file_ref idref="fl-14"/>
      </object_component>
      <object_component id="oc-81">
         <name>.debug_frame</name>
         <load_address>0xa68</load_address>
         <run_address>0xa68</run_address>
         <size>0x54</size>
         <input_file_ref idref="fl-14"/>
      </object_component>
      <object_component id="oc-42">
         <name>.debug_frame</name>
         <load_address>0xabc</load_address>
         <run_address>0xabc</run_address>
         <size>0xbc</size>
         <input_file_ref idref="fl-15"/>
      </object_component>
      <object_component id="oc-47">
         <name>.debug_frame</name>
         <load_address>0xb78</load_address>
[...]
         <object_component_ref idref="oc-88"/>
      </symbol>
      <symbol id="sm-139">
         <name>esmEnableInterrupt</name>
         <value>0x1ee4</value>
         <object_component_ref idref="oc-88"/>
      </symbol>
      <symbol id="sm-13a">
         <name>esmActivateNormalOperation</name>
         <value>0x1ed4</value>
         <object_component_ref idref="oc-88"/>
      </symbol>
      <symbol id="sm-13b">
         <name>esmEnableError</name>
         <value>0x1e3c</value>
         <object_component_ref idref="oc-88"/>
      </symbol>
      <symbol id="sm-13c">
         <name>esmTriggerErrorPinReset</name>
         <value>0x1ec4</value>
         <object_component_ref idref="oc-88"/>
      </symbol>
      <symbol id="sm-13d">
         <name>esmDisableInterrupt</name>
         <value>0x1f28</value>
         <object_component_ref idref="oc-88"/>
      </symbol>
      <symbol id="sm-13e">
         <name>esmGetConfigValue</name>
         <value>0x228c</value>
         <object_component_ref idref="oc-88"/>
      </symbol>
      <symbol id="sm-176">
         <name>gioInit</name>
         <value>0x3150</value>
         <object_component_ref idref="oc-128"/>
      </symbol>
      <symbol id="sm-177">
         <name>gioSetDirection</name>
         <value>0x3220</value>
         <object_component_ref idref="oc-128"/>
      </symbol>
      <symbol id="sm-178">
         <name>gioDisableNotification</name>
         <value>0x33b0</value>
         <object_component_ref idref="oc-128"/>
      </symbol>
      <symbol id="sm-179">
         <name>gioSetPort</name>
         <value>0x3290</value>
         <object_component_ref idref="oc-128"/>
      </symbol>
      <symbol id="sm-17a">
         <name>gioGetConfigValue</name>
         <value>0x3418</value>
         <object_component_ref idref="oc-128"/>
      </symbol>
      <symbol id="sm-17b">
         <name>gioEnableNotification</name>
         <value>0x3348</value>
         <object_component_ref idref="oc-128"/>
      </symbol>
      <symbol id="sm-17c">
         <name>gioToggleBit</name>
         <value>0x32f0</value>
         <object_component_ref idref="oc-128"/>
      </symbol>
      <symbol id="sm-17d">
         <name>gioGetBit</name>
         <value>0x32b0</value>
         <object_component_ref idref="oc-128"/>
      </symbol>
      <symbol id="sm-17e">
         <name>gioSetBit</name>
         <value>0x3240</value>
         <object_component_ref idref="oc-128"/>
      </symbol>
      <symbol id="sm-17f">
         <name>gioGetPort</name>
         <value>0x32d8</value>
         <object_component_ref idref="oc-128"/>
      </symbol>
      <symbol id="sm-1a9">
         <name>epcFIFOFullNotification</name>
         <value>0x4308</value>
         <object_component_ref idref="oc-82"/>
      </symbol>
      <symbol id="sm-1aa">
         <name>esmGroup2Notification</name>
         <value>0x42a4</value>
         <object_component_ref idref="oc-82"/>
      </symbol>
      <symbol id="sm-1ab">
         <name>epcCAMFullNotification</name>
         <value>0x4304</value>
         <object_component_ref idref="oc-82"/>
      </symbol>
      <symbol id="sm-1ac">
         <name>esmGroup1Notification</name>
         <value>0x4290</value>
         <object_component_ref idref="oc-82"/>
      </symbol>
      <symbol id="sm-1ad">
         <name>esmGroup3Notification</name>
         <value>0x42b8</value>
         <object_component_ref idref="oc-82"/>
      </symbol>
      <symbol id="sm-1ae">
         <name>dmaGroupANotification</name>
         <value>0x42c8</value>
         <object_component_ref idref="oc-82"/>
      </symbol>
      <symbol id="sm-1af">
         <name>gioNotification</name>
         <value>0x42f0</value>
         <object_component_ref idref="oc-82"/>
      </symbol>
      <symbol id="sm-21d">
         <name>muxInit</name>
         <value>0x20</value>
         <object_component_ref idref="oc-da"/>
      </symbol>
      <symbol id="sm-272">
         <name>rtiEnableNotification</name>
         <value>0x2934</value>
         <object_component_ref idref="oc-12e"/>
      </symbol>
      <symbol id="sm-273">
         <name>rtiSetPeriod</name>
         <value>0x2610</value>
         <object_component_ref idref="oc-12e"/>
      </symbol>
      <symbol id="sm-274">
         <name>dwdCounterEnable</name>
         <value>0x2790</value>
         <object_component_ref idref="oc-12e"/>
      </symbol>
      <symbol id="sm-275">
         <name>dwdInit</name>
         <value>0x2700</value>
         <object_component_ref idref="oc-12e"/>
      </symbol>
      <symbol id="sm-276">
         <name>rtiInit</name>
         <value>0x2450</value>
         <object_component_ref idref="oc-12e"/>
      </symbol>
      <symbol id="sm-277">
         <name>rtiGetCurrentTick</name>
         <value>0x2668</value>
         <object_component_ref idref="oc-12e"/>
      </symbol>
      <symbol id="sm-278">
         <name>IsdwdKeySequenceCorrect</name>
         <value>0x281c</value>
         <object_component_ref idref="oc-12e"/>
      </symbol>
      <symbol id="sm-279">
         <name>dwwdGetCurrentDownCounter</name>
         <value>0x2778</value>
         <object_component_ref idref="oc-12e"/>
      </symbol>
      <symbol id="sm-27a">
         <name>dwwdInit</name>
         <value>0x272c</value>
         <object_component_ref idref="oc-12e"/>
      </symbol>
      <symbol id="sm-27b">
         <name>dwdReset</name>
         <value>0x27cc</value>
         <object_component_ref idref="oc-12e"/>
      </symbol>
      <symbol id="sm-27c">
         <name>rtiCompare0Interrupt</name>
         <value>0x4380</value>
         <object_component_ref idref="oc-2b"/>
      </symbol>
      <symbol id="sm-27d">
         <name>dwdGetViolationStatus</name>
         <value>0x28a8</value>
         <object_component_ref idref="oc-12e"/>
      </symbol>
      <symbol id="sm-27e">
         <name>rtiStopCounter</name>
         <value>0x2574</value>
         <object_component_ref idref="oc-12e"/>
      </symbol>
      <symbol id="sm-27f">
         <name>rtiDisableNotification</name>
         <value>0x2960</value>
         <object_component_ref idref="oc-12e"/>
      </symbol>
      <symbol id="sm-280">
         <name>dwdSetPreload</name>
         <value>0x27ac</value>
         <object_component_ref idref="oc-12e"/>
      </symbol>
      <symbol id="sm-281">
         <name>dwdGenerateSysReset</name>
         <value>0x27f4</value>
         <object_component_ref idref="oc-12e"/>
      </symbol>
      <symbol id="sm-282">
         <name>dwdGetStatus</name>
         <value>0x2854</value>
         <object_component_ref idref="oc-12e"/>
      </symbol>
      <symbol id="sm-283">
         <name>rtiStartCounter</name>
         <value>0x2544</value>
         <object_component_ref idref="oc-12e"/>
      </symbol>
      <symbol id="sm-284">
         <name>dwdClearFlag</name>
         <value>0x288c</value>
         <object_component_ref idref="oc-12e"/>
      </symbol>
      <symbol id="sm-285">
         <name>rtiGetPeriod</name>
         <value>0x263c</value>
         <object_component_ref idref="oc-12e"/>
      </symbol>
      <symbol id="sm-286">
         <name>rtiGetConfigValue</name>
         <value>0x2980</value>
         <object_component_ref idref="oc-12e"/>
      </symbol>
      <symbol id="sm-287">
         <name>rtiResetCounter</name>
         <value>0x25a4</value>
         <object_component_ref idref="oc-12e"/>
      </symbol>
      <symbol id="sm-2b3">
         <name>_iCacheInvalidate_</name>
         <value>0x397c</value>
         <object_component_ref idref="oc-6b"/>
      </symbol>
      <symbol id="sm-2b4">
         <name>_disable_IRQ_interrupt_</name>
         <value>0x380c</value>
         <object_component_ref idref="oc-6b"/>
      </symbol>
      <symbol id="sm-2b5">
         <name>_coreGetInstructionFaultAddress_</name>
         <value>0x37d0</value>
         <object_component_ref idref="oc-6b"/>
      </symbol>
      <symbol id="sm-2b6">
         <name>_coreGetDataFault_</name>
         <value>0x3794</value>
         <object_component_ref idref="oc-6b"/>
      </symbol>
      <symbol id="sm-2b7">
         <name>_coreDisableEventBusExport_</name>
         <value>0x3774</value>
         <object_component_ref idref="oc-6b"/>
      </symbol>
      <symbol id="sm-2b8">
         <name>_coreClearDataFaultAddress_</name>
         <value>0x37c4</value>
         <object_component_ref idref="oc-6b"/>
      </symbol>
      <symbol id="sm-2b9">
         <name>__TI_PINIT_Base</name>
         <value>0x3990</value>
         <object_component_ref idref="oc-6b"/>
      </symbol>
      <symbol id="sm-2ba">
         <name>_coreInitRegisters_</name>
         <value>0x35d4</value>
         <object_component_ref idref="oc-6b"/>
      </symbol>
      <symbol id="sm-2bb">
         <name>_coreClearInstructionFaultAddress_</name>
         <value>0x37d8</value>
         <object_component_ref idref="oc-6b"/>
      </symbol>
      <symbol id="sm-2bc">
         <name>_coreClearDataFault_</name>
         <value>0x379c</value>
         <object_component_ref idref="oc-6b"/>
      </symbol>
      <symbol id="sm-2bd">
         <name>_coreGetAuxiliaryDataFault_</name>
         <value>0x37e4</value>
         <object_component_ref idref="oc-6b"/>
      </symbol>
      <symbol id="sm-2be">
         <name>_enable_interrupt_</name>
         <value>0x381c</value>
         <object_component_ref idref="oc-6b"/>
      </symbol>
      <symbol id="sm-2bf">
         <name>_coreClearAuxiliaryInstructionFault_</name>
         <value>0x3800</value>
         <object_component_ref idref="oc-6b"/>
      </symbol>
      <symbol id="sm-2c0">
         <name>_memInit_</name>
         <value>0x38ac</value>
         <object_component_ref idref="oc-6b"/>
      </symbol>
      <symbol id="sm-2c1">
         <name>_dCacheInvalidate_</name>
         <value>0x3968</value>
         <object_component_ref idref="oc-6b"/>
      </symbol>
      <symbol id="sm-2c2">
         <name>_coreGetDataFaultAddress_</name>
         <value>0x37bc</value>
         <object_component_ref idref="oc-6b"/>
      </symbol>
      <symbol id="sm-2c3">
         <name>_coreClearInstructionFault_</name>
         <value>0x37b0</value>
         <object_component_ref idref="oc-6b"/>
      </symbol>
      <symbol id="sm-2c4">
         <name>_getCPSRValue_</name>
         <value>0x372c</value>
         <object_component_ref idref="oc-6b"/>
      </symbol>
      <symbol id="sm-2c5">
         <name>_cacheDisable_</name>
         <value>0x3944</value>
         <object_component_ref idref="oc-6b"/>
      </symbol>
      <symbol id="sm-2c6">
         <name>_enable_IRQ_interrupt_</name>
         <value>0x3814</value>
         <object_component_ref idref="oc-6b"/>
      </symbol>
      <symbol id="sm-2c7">
         <name>__TI_PINIT_Limit</name>
         <value>0x3994</value>
         <object_component_ref idref="oc-6b"/>
      </symbol>
      <symbol id="sm-2c8">
         <name>_coreGetAuxiliaryInstructionFault_</name>
         <value>0x37f8</value>
         <object_component_ref idref="oc-6b"/>
      </symbol>
      <symbol id="sm-2c9">
         <name>_coreInitStackPointer_</name>
         <value>0x36e0</value>
         <object_component_ref idref="oc-6b"/>
      </symbol>
      <symbol id="sm-2ca">
         <name>_esmCcmErrorsClear_</name>
         <value>0x3824</value>
         <object_component_ref idref="oc-6b"/>
      </symbol>
      <symbol id="sm-2cb">
         <name>_gotoCPUIdle_</name>
         <value>0x3734</value>
         <object_component_ref idref="oc-6b"/>
      </symbol>
      <symbol id="sm-2cc">
         <name>_coreEnableIrqVicOffset_</name>
         <value>0x3784</value>
         <object_component_ref idref="oc-6b"/>
      </symbol>
      <symbol id="sm-2cd">
         <name>_coreGetInstructionFault_</name>
         <value>0x37a8</value>
         <object_component_ref idref="oc-6b"/>
      </symbol>
      <symbol id="sm-2ce">
         <name>_cacheEnable_</name>
         <value>0x3900</value>
         <object_component_ref idref="oc-6b"/>
      </symbol>
      <symbol id="sm-2cf">
         <name>_coreEnableVfp_</name>
         <value>0x374c</value>
         <object_component_ref idref="oc-6b"/>
      </symbol>
      <symbol id="sm-2d0">
         <name>_coreClearAuxiliaryDataFault_</name>
         <value>0x37ec</value>
         <object_component_ref idref="oc-6b"/>
      </symbol>
      <symbol id="sm-2d1">
         <name>_coreEnableEventBusExport_</name>
         <value>0x3764</value>
         <object_component_ref idref="oc-6b"/>
      </symbol>
      <symbol id="sm-2d2">
         <name>_checkMemInitOn_</name>
         <value>0x38e0</value>
         <object_component_ref idref="oc-6b"/>
      </symbol>
      <symbol id="sm-2e0">
         <name>resetEntry</name>
         <value>0x0</value>
         <object_component_ref idref="oc-31"/>
      </symbol>
      <symbol id="sm-2f2">
         <name>rtiNotification</name>
         <value>0x4400</value>
         <object_component_ref idref="oc-94"/>
      </symbol>
      <symbol id="sm-2f3">
         <name>main</name>
         <value>0x43d4</value>
         <object_component_ref idref="oc-94"/>
      </symbol>
      <symbol id="sm-30e">
         <name>_mpuSetRegionBaseAddress_</name>
         <value>0x3cc8</value>
         <object_component_ref idref="oc-8e"/>
      </symbol>
      <symbol id="sm-30f">
         <name>_mpuInit_</name>
         <value>0x3998</value>
         <object_component_ref idref="oc-8e"/>
      </symbol>
      <symbol id="sm-310">
         <name>_mpuSetRegionSizeRegister_</name>
         <value>0x3cfc</value>
         <object_component_ref idref="oc-8e"/>
      </symbol>
      <symbol id="sm-311">
         <name>_mpuDisableBackgroundRegion_</name>
         <value>0x3c90</value>
         <object_component_ref idref="oc-8e"/>
      </symbol>
      <symbol id="sm-312">
         <name>_mpuSetRegionTypeAndPermission_</name>
         <value>0x3cd8</value>
         <object_component_ref idref="oc-8e"/>
      </symbol>
      <symbol id="sm-313">
         <name>_mpuGetRegionPermission_</name>
         <value>0x3cf0</value>
         <object_component_ref idref="oc-8e"/>
      </symbol>
      <symbol id="sm-314">
         <name>_mpuEnable_</name>
         <value>0x3c50</value>
         <object_component_ref idref="oc-8e"/>
      </symbol>
      <symbol id="sm-315">
         <name>_mpuGetNumberOfRegions_</name>
         <value>0x3ca0</value>
         <object_component_ref idref="oc-8e"/>
      </symbol>
      <symbol id="sm-316">
         <name>_mpuAreRegionsSeparate_</name>
         <value>0x3cac</value>
         <object_component_ref idref="oc-8e"/>
      </symbol>
      <symbol id="sm-317">
         <name>_mpuEnableBackgroundRegion_</name>
         <value>0x3c80</value>
         <object_component_ref idref="oc-8e"/>
      </symbol>
      <symbol id="sm-318">
         <name>_mpuGetRegionType_</name>
         <value>0x3ce4</value>
         <object_component_ref idref="oc-8e"/>
      </symbol>
      <symbol id="sm-319">
         <name>_mpuDisable_</name>
         <value>0x3c68</value>
         <object_component_ref idref="oc-8e"/>
      </symbol>
      <symbol id="sm-31a">
         <name>_mpuGetRegionBaseAddress_</name>
         <value>0x3cd0</value>
         <object_component_ref idref="oc-8e"/>
      </symbol>
      <symbol id="sm-31b">
         <name>_mpuSetRegion_</name>
         <value>0x3cb8</value>
         <object_component_ref idref="oc-8e"/>
      </symbol>
      <symbol id="sm-31c">
         <name>_mpuGetRegion_</name>
         <value>0x3cc0</value>
         <object_component_ref idref="oc-8e"/>
      </symbol>
      <symbol id="sm-32f">
         <name>phantomInterrupt</name>
         <value>0x4430</value>
         <object_component_ref idref="oc-36"/>
      </symbol>
      <symbol id="sm-34e">
         <name>_c_int00</name>
         <value>0x41b8</value>
         <object_component_ref idref="oc-1c"/>
      </symbol>
      <symbol id="sm-34f">
         <name>handlePLLLockFail</name>
         <value>0x442c</value>
         <object_component_ref idref="oc-7c"/>
      </symbol>
      <symbol id="sm-3f2">
         <name>vimChannelMap</name>
         <value>0x1460</value>
         <object_component_ref idref="oc-3d"/>
      </symbol>
      <symbol id="sm-3f3">
         <name>vimInit</name>
         <value>0x138c</value>
         <object_component_ref idref="oc-3d"/>
      </symbol>
      <symbol id="sm-3f4">
         <name>vimEnableInterrupt</name>
         <value>0x1504</value>
         <object_component_ref idref="oc-3d"/>
      </symbol>
      <symbol id="sm-3f5">
         <name>vimDisableInterrupt</name>
         <value>0x16cc</value>
         <object_component_ref idref="oc-3d"/>
      </symbol>
      <symbol id="sm-3f6">
         <name>vimGetConfigValue</name>
         <value>0x1778</value>
         <object_component_ref idref="oc-3d"/>
      </symbol>
      <symbol id="sm-3f7">
         <name>vimECCErrorHandler</name>
         <value>0x3d04</value>
         <object_component_ref idref="oc-3c"/>
      </symbol>
      <symbol id="sm-447">
         <name>systemGetConfigValue</name>
         <value>0xea8</value>
         <object_component_ref idref="oc-70"/>
      </symbol>
      <symbol id="sm-448">
         <name>trimLPO</name>
         <value>0xa40</value>
         <object_component_ref idref="oc-70"/>
      </symbol>
      <symbol id="sm-449">
         <name>systemInit</name>
         <value>0xcdc</value>
         <object_component_ref idref="oc-70"/>
      </symbol>
      <symbol id="sm-44a">
         <name>customTrimLPO</name>
         <value>0x12e0</value>
         <object_component_ref idref="oc-70"/>
      </symbol>
      <symbol id="sm-44b">
         <name>periphInit</name>
         <value>0xafc</value>
         <object_component_ref idref="oc-70"/>
      </symbol>
      <symbol id="sm-44c">
         <name>setupFlash</name>
         <value>0xabc</value>
         <object_component_ref idref="oc-70"/>
      </symbol>
      <symbol id="sm-44d">
         <name>setupPLL</name>
         <value>0x9e0</value>
         <object_component_ref idref="oc-70"/>
      </symbol>
      <symbol id="sm-44e">
         <name>getResetSource</name>
         <value>0xd80</value>
         <object_component_ref idref="oc-70"/>
      </symbol>
      <symbol id="sm-44f">
         <name>mapClocks</name>
         <value>0xbb0</value>
         <object_component_ref idref="oc-70"/>
      </symbol>
      <symbol id="sm-450">
         <name>systemPowerDown</name>
         <value>0xd50</value>
         <object_component_ref idref="oc-70"/>
      </symbol>
      <symbol id="sm-479">
         <name>__TI_auto_init_nobinit_nopinit</name>
         <value>0x4318</value>
         <object_component_ref idref="oc-f8"/>
      </symbol>
      <symbol id="sm-488">
         <name>C$$EXIT</name>
         <value>0x4424</value>
         <object_component_ref idref="oc-13b"/>
      </symbol>
      <symbol id="sm-489">
         <name>abort</name>
         <value>0x4424</value>
         <object_component_ref idref="oc-13b"/>
      </symbol>
      <symbol id="sm-48d">
         <name>SHT$$INIT_ARRAY$$Base</name>
         <value>0x0</value>
      </symbol>
      <symbol id="sm-48e">
         <name>SHT$$INIT_ARRAY$$Limit</name>
         <value>0x0</value>
      </symbol>
      <symbol id="sm-48f">
         <name>_system_post_cinit</name>
         <value>0x0</value>
      </symbol>
      <symbol id="sm-490">
         <name>__TI_Handler_Table_Base</name>
         <value>0x0</value>
      </symbol>
      <symbol id="sm-491">
         <name>__TI_Handler_Table_Limit</name>
         <value>0x0</value>
      </symbol>
      <symbol id="sm-492">
         <name>__TI_CINIT_Limit</name>
         <value>0x0</value>
      </symbol>
      <symbol id="sm-493">
         <name>__TI_CINIT_Base</name>
         <value>0x0</value>
      </symbol>
   </symbol_table>
   <title>Link successful</title>
</link_info>
