<?xml version="1.0" encoding="ISO-8859-1" ?>
<link_info>
   <banner>TI ARM Linker PC v18.1.1.LTS</banner>
   <copyright>Copyright (c) 1996-2017 Texas Instruments Incorporated</copyright>
   <link_time>0x5b7e3411</link_time>
   <link_errors>0x0</link_errors>
   <output_file>eCAP.out</output_file>
   <entry_point>
      <name>_c_int00</name>
      <address>0x888c</address>
   </entry_point>
   <input_file_list>
      <input_file id="fl-2">
         <path>.\source\</path>
         <kind>object</kind>
         <file>HL_ecap.obj</file>
         <name>HL_ecap.obj</name>
      </input_file>
      <input_file id="fl-3">
         <path>.\source\</path>
         <kind>object</kind>
         <file>HL_epc.obj</file>
         <name>HL_epc.obj</name>
      </input_file>
      <input_file id="fl-4">
         <path>.\source\</path>
         <kind>object</kind>
         <file>HL_errata.obj</file>
         <name>HL_errata.obj</name>
      </input_file>
      <input_file id="fl-5">
         <path>.\source\</path>
         <kind>object</kind>
         <file>HL_esm.obj</file>
         <name>HL_esm.obj</name>
      </input_file>
      <input_file id="fl-6">
         <path>.\source\</path>
         <kind>object</kind>
         <file>HL_etpwm.obj</file>
         <name>HL_etpwm.obj</name>
      </input_file>
      <input_file id="fl-7">
         <path>.\source\</path>
         <kind>object</kind>
         <file>HL_nmpu.obj</file>
         <name>HL_nmpu.obj</name>
      </input_file>
      <input_file id="fl-8">
         <path>.\source\</path>
         <kind>object</kind>
         <file>HL_notification.obj</file>
         <name>HL_notification.obj</name>
      </input_file>
      <input_file id="fl-9">
         <path>.\source\</path>
         <kind>object</kind>
         <file>HL_pinmux.obj</file>
         <name>HL_pinmux.obj</name>
      </input_file>
      <input_file id="fl-a">
         <path>.\source\</path>
         <kind>object</kind>
         <file>HL_rti.obj</file>
         <name>HL_rti.obj</name>
      </input_file>
      <input_file id="fl-b">
         <path>.\source\</path>
         <kind>object</kind>
         <file>HL_sci.obj</file>
         <name>HL_sci.obj</name>
      </input_file>
      <input_file id="fl-c">
         <path>.\source\</path>
         <kind>object</kind>
         <file>HL_sys_core.obj</file>
         <name>HL_sys_core.obj</name>
      </input_file>
      <input_file id="fl-d">
         <path>.\source\</path>
         <kind>object</kind>
         <file>HL_sys_dma.obj</file>
         <name>HL_sys_dma.obj</name>
      </input_file>
      <input_file id="fl-e">
         <path>.\source\</path>
         <kind>object</kind>
         <file>HL_sys_intvecs.obj</file>
         <name>HL_sys_intvecs.obj</name>
      </input_file>
      <input_file id="fl-f">
         <path>.\source\</path>
         <kind>object</kind>
         <file>HL_sys_main.obj</file>
         <name>HL_sys_main.obj</name>
      </input_file>
      <input_file id="fl-10">
         <path>.\source\</path>
         <kind>object</kind>
         <file>HL_sys_mpu.obj</file>
         <name>HL_sys_mpu.obj</name>
      </input_file>
      <input_file id="fl-11">
         <path>.\source\</path>
         <kind>object</kind>
         <file>HL_sys_pcr.obj</file>
         <name>HL_sys_pcr.obj</name>
      </input_file>
      <input_file id="fl-12">
         <path>.\source\</path>
         <kind>object</kind>
         <file>HL_sys_phantom.obj</file>
         <name>HL_sys_phantom.obj</name>
      </input_file>
      <input_file id="fl-13">
         <path>.\source\</path>
         <kind>object</kind>
         <file>HL_sys_pmm.obj</file>
         <name>HL_sys_pmm.obj</name>
      </input_file>
      <input_file id="fl-14">
         <path>.\source\</path>
         <kind>object</kind>
         <file>HL_sys_pmu.obj</file>
         <name>HL_sys_pmu.obj</name>
      </input_file>
      <input_file id="fl-15">
         <path>.\source\</path>
         <kind>object</kind>
         <file>HL_sys_startup.obj</file>
         <name>HL_sys_startup.obj</name>
      </input_file>
      <input_file id="fl-16">
         <path>.\source\</path>
         <kind>object</kind>
         <file>HL_sys_vim.obj</file>
         <name>HL_sys_vim.obj</name>
      </input_file>
      <input_file id="fl-17">
         <path>.\source\</path>
         <kind>object</kind>
         <file>HL_system.obj</file>
         <name>HL_system.obj</name>
      </input_file>
      <input_file id="fl-1b">
         <kind>object</kind>
         <file>&lt;internal&gt;</file>
         <name>&lt;internal&gt;</name>
      </input_file>
      <input_file id="fl-d1">
         <path>C:\ti\ccsv8\tools\compiler\ti-cgt-arm_18.1.1.LTS\lib\</path>
         <kind>archive</kind>
         <file>rtsv7R4_A_be_v3D16_eabi.lib</file>
         <name>s_floor.c.obj</name>
      </input_file>
      <input_file id="fl-d2">
         <path>C:\ti\ccsv8\tools\compiler\ti-cgt-arm_18.1.1.LTS\lib\</path>
         <kind>archive</kind>
         <file>rtsv7R4_A_be_v3D16_eabi.lib</file>
         <name>autoinit.c.obj</name>
      </input_file>
      <input_file id="fl-d3">
         <path>C:\ti\ccsv8\tools\compiler\ti-cgt-arm_18.1.1.LTS\lib\</path>
         <kind>archive</kind>
         <file>rtsv7R4_A_be_v3D16_eabi.lib</file>
         <name>cpy_tbl.c.obj</name>
      </input_file>
      <input_file id="fl-d4">
         <path>C:\ti\ccsv8\tools\compiler\ti-cgt-arm_18.1.1.LTS\lib\</path>
         <kind>archive</kind>
         <file>rtsv7R4_A_be_v3D16_eabi.lib</file>
         <name>copy_zero_init.c.obj</name>
      </input_file>
      <input_file id="fl-d5">
         <path>C:\ti\ccsv8\tools\compiler\ti-cgt-arm_18.1.1.LTS\lib\</path>
         <kind>archive</kind>
         <file>rtsv7R4_A_be_v3D16_eabi.lib</file>
         <name>copy_decompress_none.c.obj</name>
      </input_file>
      <input_file id="fl-d6">
         <path>C:\ti\ccsv8\tools\compiler\ti-cgt-arm_18.1.1.LTS\lib\</path>
         <kind>archive</kind>
         <file>rtsv7R4_A_be_v3D16_eabi.lib</file>
         <name>copy_decompress_lzss.c.obj</name>
      </input_file>
      <input_file id="fl-d7">
         <path>C:\ti\ccsv8\tools\compiler\ti-cgt-arm_18.1.1.LTS\lib\</path>
         <kind>archive</kind>
         <file>rtsv7R4_A_be_v3D16_eabi.lib</file>
         <name>exit.c.obj</name>
      </input_file>
      <input_file id="fl-d8">
         <path>C:\ti\ccsv8\tools\compiler\ti-cgt-arm_18.1.1.LTS\lib\</path>
         <kind>archive</kind>
         <file>rtsv7R4_A_be_v3D16_eabi.lib</file>
         <name>_lock.c.obj</name>
      </input_file>
      <input_file id="fl-d9">
         <path>C:\ti\ccsv8\tools\compiler\ti-cgt-arm_18.1.1.LTS\lib\</path>
         <kind>archive</kind>
         <file>rtsv7R4_A_be_v3D16_eabi.lib</file>
         <name>sprintf.c.obj</name>
      </input_file>
      <input_file id="fl-da">
         <path>C:\ti\ccsv8\tools\compiler\ti-cgt-arm_18.1.1.LTS\lib\</path>
         <kind>archive</kind>
         <file>rtsv7R4_A_be_v3D16_eabi.lib</file>
         <name>strlen.c.obj</name>
      </input_file>
      <input_file id="fl-db">
         <path>C:\ti\ccsv8\tools\compiler\ti-cgt-arm_18.1.1.LTS\lib\</path>
         <kind>archive</kind>
         <file>rtsv7R4_A_be_v3D16_eabi.lib</file>
         <name>memcpy32.asm.obj</name>
      </input_file>
      <input_file id="fl-dc">
         <path>C:\ti\ccsv8\tools\compiler\ti-cgt-arm_18.1.1.LTS\lib\</path>
         <kind>archive</kind>
         <file>rtsv7R4_A_be_v3D16_eabi.lib</file>
         <name>memset32.asm.obj</name>
      </input_file>
      <input_file id="fl-dd">
         <path>C:\ti\ccsv8\tools\compiler\ti-cgt-arm_18.1.1.LTS\lib\</path>
         <kind>archive</kind>
         <file>rtsv7R4_A_be_v3D16_eabi.lib</file>
         <name>_printfi.c.obj</name>
      </input_file>
      <input_file id="fl-de">
         <path>C:\ti\ccsv8\tools\compiler\ti-cgt-arm_18.1.1.LTS\lib\</path>
         <kind>archive</kind>
         <file>rtsv7R4_A_be_v3D16_eabi.lib</file>
         <name>atoi.c.obj</name>
      </input_file>
      <input_file id="fl-df">
         <path>C:\ti\ccsv8\tools\compiler\ti-cgt-arm_18.1.1.LTS\lib\</path>
         <kind>archive</kind>
         <file>rtsv7R4_A_be_v3D16_eabi.lib</file>
         <name>ctype.c.obj</name>
      </input_file>
      <input_file id="fl-e0">
         <path>C:\ti\ccsv8\tools\compiler\ti-cgt-arm_18.1.1.LTS\lib\</path>
         <kind>archive</kind>
         <file>rtsv7R4_A_be_v3D16_eabi.lib</file>
         <name>ltoa.c.obj</name>
      </input_file>
      <input_file id="fl-e1">
         <path>C:\ti\ccsv8\tools\compiler\ti-cgt-arm_18.1.1.LTS\lib\</path>
         <kind>archive</kind>
         <file>rtsv7R4_A_be_v3D16_eabi.lib</file>
         <name>memccpy.c.obj</name>
      </input_file>
      <input_file id="fl-e2">
         <path>C:\ti\ccsv8\tools\compiler\ti-cgt-arm_18.1.1.LTS\lib\</path>
         <kind>archive</kind>
         <file>rtsv7R4_A_be_v3D16_eabi.lib</file>
         <name>strchr.c.obj</name>
      </input_file>
      <input_file id="fl-e3">
         <path>C:\ti\ccsv8\tools\compiler\ti-cgt-arm_18.1.1.LTS\lib\</path>
         <kind>archive</kind>
         <file>rtsv7R4_A_be_v3D16_eabi.lib</file>
         <name>errno.c.obj</name>
      </input_file>
      <input_file id="fl-e4">
         <path>C:\ti\ccsv8\tools\compiler\ti-cgt-arm_18.1.1.LTS\lib\</path>
         <kind>archive</kind>
         <file>rtsv7R4_A_be_v3D16_eabi.lib</file>
         <name>s_frexp.c.obj</name>
      </input_file>
      <input_file id="fl-e5">
         <path>C:\ti\ccsv8\tools\compiler\ti-cgt-arm_18.1.1.LTS\lib\</path>
         <kind>archive</kind>
         <file>rtsv7R4_A_be_v3D16_eabi.lib</file>
         <name>s_scalbn.c.obj</name>
      </input_file>
      <input_file id="fl-e6">
         <path>C:\ti\ccsv8\tools\compiler\ti-cgt-arm_18.1.1.LTS\lib\</path>
         <kind>archive</kind>
         <file>rtsv7R4_A_be_v3D16_eabi.lib</file>
         <name>wcslen.c.obj</name>
      </input_file>
      <input_file id="fl-e7">
         <path>C:\ti\ccsv8\tools\compiler\ti-cgt-arm_18.1.1.LTS\lib\</path>
         <kind>archive</kind>
         <file>rtsv7R4_A_be_v3D16_eabi.lib</file>
         <name>i_div32.asm.obj</name>
      </input_file>
      <input_file id="fl-e8">
         <path>C:\ti\ccsv8\tools\compiler\ti-cgt-arm_18.1.1.LTS\lib\</path>
         <kind>archive</kind>
         <file>rtsv7R4_A_be_v3D16_eabi.lib</file>
         <name>u_div32.asm.obj</name>
      </input_file>
      <input_file id="fl-e9">
         <path>C:\ti\ccsv8\tools\compiler\ti-cgt-arm_18.1.1.LTS\lib\</path>
         <kind>archive</kind>
         <file>rtsv7R4_A_be_v3D16_eabi.lib</file>
         <name>ull_div32.asm.obj</name>
      </input_file>
      <input_file id="fl-ea">
         <path>C:\ti\ccsv8\tools\compiler\ti-cgt-arm_18.1.1.LTS\lib\</path>
         <kind>archive</kind>
         <file>rtsv7R4_A_be_v3D16_eabi.lib</file>
         <name>s_copysign.c.obj</name>
      </input_file>
      <input_file id="fl-eb">
         <path>C:\ti\ccsv8\tools\compiler\ti-cgt-arm_18.1.1.LTS\lib\</path>
         <kind>archive</kind>
         <file>rtsv7R4_A_be_v3D16_eabi.lib</file>
         <name>div0.asm.obj</name>
      </input_file>
   </input_file_list>
   <object_component_list>
      <object_component id="oc-2e">
         <name>.intvecs</name>
         <load_address>0x0</load_address>
         <run_address>0x0</run_address>
         <size>0x20</size>
         <input_file_ref idref="fl-e"/>
      </object_component>
      <object_component id="oc-113">
         <name>.text</name>
         <load_address>0x20</load_address>
         <run_address>0x20</run_address>
         <size>0x2178</size>
         <input_file_ref idref="fl-6"/>
      </object_component>
      <object_component id="oc-1dd">
         <name>.text:__TI_printfi</name>
         <load_address>0x2198</load_address>
         <run_address>0x2198</run_address>
         <size>0xf9c</size>
         <input_file_ref idref="fl-dd"/>
      </object_component>
      <object_component id="oc-c8">
         <name>.text</name>
         <load_address>0x3134</load_address>
         <run_address>0x3134</run_address>
         <size>0x9d0</size>
         <input_file_ref idref="fl-9"/>
      </object_component>
      <object_component id="oc-73">
         <name>.text</name>
         <load_address>0x3b04</load_address>
         <run_address>0x3b04</run_address>
         <size>0x95c</size>
         <input_file_ref idref="fl-17"/>
      </object_component>
      <object_component id="oc-3a">
         <name>.text</name>
         <load_address>0x4460</load_address>
         <run_address>0x4460</run_address>
         <size>0x938</size>
         <input_file_ref idref="fl-16"/>
      </object_component>
      <object_component id="oc-119">
         <name>.text</name>
         <load_address>0x4d98</load_address>
         <run_address>0x4d98</run_address>
         <size>0x8f4</size>
         <input_file_ref idref="fl-2"/>
      </object_component>
      <object_component id="oc-10d">
         <name>.text</name>
         <load_address>0x568c</load_address>
         <run_address>0x568c</run_address>
         <size>0x870</size>
         <input_file_ref idref="fl-b"/>
      </object_component>
      <object_component id="oc-79">
         <name>.text</name>
         <load_address>0x5efc</load_address>
         <run_address>0x5efc</run_address>
         <size>0x78c</size>
         <input_file_ref idref="fl-5"/>
      </object_component>
      <object_component id="oc-68">
         <name>.text</name>
         <load_address>0x6688</load_address>
         <run_address>0x6688</run_address>
         <size>0x3c4</size>
         <input_file_ref idref="fl-c"/>
      </object_component>
      <object_component id="oc-7f">
         <name>.text</name>
         <load_address>0x6a4c</load_address>
         <run_address>0x6a4c</run_address>
         <size>0x36c</size>
         <input_file_ref idref="fl-10"/>
      </object_component>
      <object_component id="oc-39">
         <name>.text:retain</name>
         <load_address>0x6db8</load_address>
         <run_address>0x6db8</run_address>
         <size>0x33c</size>
         <input_file_ref idref="fl-16"/>
      </object_component>
      <object_component id="oc-85">
         <name>.text</name>
         <load_address>0x70f4</load_address>
         <run_address>0x70f4</run_address>
         <size>0x308</size>
         <input_file_ref idref="fl-f"/>
      </object_component>
      <object_component id="oc-25c">
         <name>.text:_pconv_a</name>
         <load_address>0x73fc</load_address>
         <run_address>0x73fc</run_address>
         <size>0x2dc</size>
         <input_file_ref idref="fl-dd"/>
      </object_component>
      <object_component id="oc-2b0">
         <name>.text</name>
         <load_address>0x76d8</load_address>
         <run_address>0x76d8</run_address>
         <size>0x2b8</size>
         <input_file_ref idref="fl-e9"/>
      </object_component>
      <object_component id="oc-24a">
         <name>.text:_pconv_g</name>
         <load_address>0x7990</load_address>
         <run_address>0x7990</run_address>
         <size>0x248</size>
         <input_file_ref idref="fl-dd"/>
      </object_component>
      <object_component id="oc-1f">
         <name>.text:retain</name>
         <load_address>0x7bd8</load_address>
         <run_address>0x7bd8</run_address>
         <size>0x220</size>
         <input_file_ref idref="fl-2"/>
      </object_component>
      <object_component id="oc-50">
         <name>.text</name>
         <load_address>0x7df8</load_address>
         <run_address>0x7df8</run_address>
         <size>0x180</size>
         <input_file_ref idref="fl-db"/>
      </object_component>
      <object_component id="oc-28">
         <name>.text:retain</name>
         <load_address>0x7f78</load_address>
         <run_address>0x7f78</run_address>
         <size>0x178</size>
         <input_file_ref idref="fl-5"/>
      </object_component>
      <object_component id="oc-256">
         <name>.text:_pconv_e</name>
         <load_address>0x80f0</load_address>
         <run_address>0x80f0</run_address>
         <size>0x15c</size>
         <input_file_ref idref="fl-dd"/>
      </object_component>
      <object_component id="oc-2ce">
         <name>.text:fcvt</name>
         <load_address>0x824c</load_address>
         <run_address>0x824c</run_address>
         <size>0x144</size>
         <input_file_ref idref="fl-dd"/>
      </object_component>
      <object_component id="oc-1c5">
         <name>.text:floor</name>
         <load_address>0x8390</load_address>
         <run_address>0x8390</run_address>
         <size>0x13c</size>
         <input_file_ref idref="fl-d1"/>
      </object_component>
      <object_component id="oc-2e2">
         <name>.text:scalbn</name>
         <load_address>0x84cc</load_address>
         <run_address>0x84cc</run_address>
         <size>0x120</size>
         <input_file_ref idref="fl-e5"/>
      </object_component>
      <object_component id="oc-244">
         <name>.text:_ltostr</name>
         <load_address>0x85ec</load_address>
         <run_address>0x85ec</run_address>
         <size>0x115</size>
         <input_file_ref idref="fl-dd"/>
      </object_component>
      <object_component id="oc-2c7">
         <name>.text:_mcpy</name>
         <load_address>0x8704</load_address>
         <run_address>0x8704</run_address>
         <size>0xc8</size>
         <input_file_ref idref="fl-dd"/>
      </object_component>
      <object_component id="oc-6d">
         <name>.text</name>
         <load_address>0x87cc</load_address>
         <run_address>0x87cc</run_address>
         <size>0xc0</size>
         <input_file_ref idref="fl-8"/>
      </object_component>
      <object_component id="oc-19">
         <name>.text:retain</name>
         <load_address>0x888c</load_address>
         <run_address>0x888c</run_address>
         <size>0xb4</size>
         <input_file_ref idref="fl-15"/>
      </object_component>
      <object_component id="oc-ba">
         <name>.text</name>
         <load_address>0x8940</load_address>
         <run_address>0x8940</run_address>
         <size>0xb0</size>
         <input_file_ref idref="fl-dc"/>
      </object_component>
      <object_component id="oc-2c1">
         <name>.text:_ecpy</name>
         <load_address>0x89f0</load_address>
         <run_address>0x89f0</run_address>
         <size>0x98</size>
         <input_file_ref idref="fl-dd"/>
      </object_component>
      <object_component id="oc-c">
         <name>.text:decompress:lzss:__TI_decompress_lzss</name>
         <load_address>0x8a88</load_address>
         <run_address>0x8a88</run_address>
         <size>0x90</size>
         <input_file_ref idref="fl-d6"/>
      </object_component>
      <object_component id="oc-2dc">
         <name>.text:frexp</name>
         <load_address>0x8b18</load_address>
         <run_address>0x8b18</run_address>
         <size>0x8c</size>
         <input_file_ref idref="fl-e4"/>
      </object_component>
      <object_component id="oc-23e">
         <name>.text:atoi</name>
         <load_address>0x8ba4</load_address>
         <run_address>0x8ba4</run_address>
         <size>0x84</size>
         <input_file_ref idref="fl-de"/>
      </object_component>
      <object_component id="oc-2bb">
         <name>.text:ltoa</name>
         <load_address>0x8c28</load_address>
         <run_address>0x8c28</run_address>
         <size>0x80</size>
         <input_file_ref idref="fl-e0"/>
      </object_component>
      <object_component id="oc-250">
         <name>.text:_pconv_f</name>
         <load_address>0x8ca8</load_address>
         <run_address>0x8ca8</run_address>
         <size>0x74</size>
         <input_file_ref idref="fl-dd"/>
      </object_component>
      <object_component id="oc-dd">
         <name>.text:__TI_auto_init_nobinit_nopinit:__TI_auto_init_nobinit_nopinit</name>
         <load_address>0x8d1c</load_address>
         <run_address>0x8d1c</run_address>
         <size>0x68</size>
         <input_file_ref idref="fl-d2"/>
      </object_component>
      <object_component id="oc-2d4">
         <name>.text:_fcpy</name>
         <load_address>0x8d84</load_address>
         <run_address>0x8d84</run_address>
         <size>0x64</size>
         <input_file_ref idref="fl-dd"/>
      </object_component>
      <object_component id="oc-11f">
         <name>.text:sprintf</name>
         <load_address>0x8de8</load_address>
         <run_address>0x8de8</run_address>
         <size>0x64</size>
         <input_file_ref idref="fl-d9"/>
      </object_component>
      <object_component id="oc-31d">
         <name>.text</name>
         <load_address>0x8e4c</load_address>
         <run_address>0x8e4c</run_address>
         <size>0x54</size>
         <input_file_ref idref="fl-e7"/>
      </object_component>
      <object_component id="oc-2b5">
         <name>.text</name>
         <load_address>0x8ea0</load_address>
         <run_address>0x8ea0</run_address>
         <size>0x50</size>
         <input_file_ref idref="fl-e8"/>
      </object_component>
      <object_component id="oc-1e3">
         <name>.text:_outs</name>
         <load_address>0x8ef0</load_address>
         <run_address>0x8ef0</run_address>
         <size>0x30</size>
         <input_file_ref idref="fl-d9"/>
      </object_component>
      <object_component id="oc-262">
         <name>.text:memccpy</name>
         <load_address>0x8f20</load_address>
         <run_address>0x8f20</run_address>
         <size>0x2c</size>
         <input_file_ref idref="fl-e1"/>
      </object_component>
      <object_component id="oc-2e8">
         <name>.text:strchr</name>
         <load_address>0x8f4c</load_address>
         <run_address>0x8f4c</run_address>
         <size>0x28</size>
         <input_file_ref idref="fl-e2"/>
      </object_component>
      <object_component id="oc-268">
         <name>.text:wcslen</name>
         <load_address>0x8f74</load_address>
         <run_address>0x8f74</run_address>
         <size>0x24</size>
         <input_file_ref idref="fl-e6"/>
      </object_component>
      <object_component id="oc-5c">
         <name>.text:decompress:ZI:__TI_zero_init_nomemset:__TI_zero_init_nomemset</name>
         <load_address>0x8f98</load_address>
         <run_address>0x8f98</run_address>
         <size>0x20</size>
         <input_file_ref idref="fl-d4"/>
      </object_component>
      <object_component id="oc-125">
         <name>.text:strlen</name>
         <load_address>0x8fb8</load_address>
         <run_address>0x8fb8</run_address>
         <size>0x20</size>
         <input_file_ref idref="fl-da"/>
      </object_component>
      <object_component id="oc-32f">
         <name>.text:copysign</name>
         <load_address>0x8fd8</load_address>
         <run_address>0x8fd8</run_address>
         <size>0x1c</size>
         <input_file_ref idref="fl-ea"/>
      </object_component>
      <object_component id="oc-1e9">
         <name>.text:_outc</name>
         <load_address>0x8ff4</load_address>
         <run_address>0x8ff4</run_address>
         <size>0x14</size>
         <input_file_ref idref="fl-d9"/>
      </object_component>
      <object_component id="oc-12">
         <name>.text:decompress:none:__TI_decompress_none</name>
         <load_address>0x9008</load_address>
         <run_address>0x9008</run_address>
         <size>0x14</size>
         <input_file_ref idref="fl-d5"/>
      </object_component>
      <object_component id="oc-26e">
         <name>.text:__aeabi_errno_addr</name>
         <load_address>0x901c</load_address>
         <run_address>0x901c</run_address>
         <size>0xc</size>
         <input_file_ref idref="fl-e3"/>
      </object_component>
      <object_component id="oc-137">
         <name>.text:abort:abort</name>
         <load_address>0x9028</load_address>
         <run_address>0x9028</run_address>
         <size>0x8</size>
         <input_file_ref idref="fl-d7"/>
      </object_component>
      <object_component id="oc-33">
         <name>.text:retain</name>
         <load_address>0x9030</load_address>
         <run_address>0x9030</run_address>
         <size>0x4</size>
         <input_file_ref idref="fl-12"/>
      </object_component>
      <object_component id="oc-317">
         <name>.text</name>
         <load_address>0x9034</load_address>
         <run_address>0x9034</run_address>
         <size>0x4</size>
         <input_file_ref idref="fl-eb"/>
      </object_component>
      <object_component id="oc-20">
         <name>.const:s_vim_init</name>
         <load_address>0x9040</load_address>
         <run_address>0x9040</run_address>
         <size>0x200</size>
         <input_file_ref idref="fl-16"/>
      </object_component>
      <object_component id="oc-2ab">
         <name>.const:.string:_ctypes_</name>
         <load_address>0x9240</load_address>
         <run_address>0x9240</run_address>
         <size>0x101</size>
         <input_file_ref idref="fl-df"/>
      </object_component>
      <object_component id="oc-37f">
         <name>__TI_handler_table</name>
         <load_address>0x9360</load_address>
         <run_address>0x9360</run_address>
         <size>0xc</size>
      </object_component>
      <object_component id="oc-382">
         <name>.cinit..data.load</name>
         <load_address>0x936c</load_address>
         <run_address>0x936c</run_address>
         <size>0x9</size>
      </object_component>
      <object_component id="oc-381">
         <name>.cinit..bss.load</name>
         <load_address>0x9378</load_address>
         <run_address>0x9378</run_address>
         <size>0x8</size>
      </object_component>
      <object_component id="oc-380">
         <name>__TI_cinit_table</name>
         <load_address>0x9380</load_address>
         <run_address>0x9380</run_address>
         <size>0x10</size>
      </object_component>
      <object_component id="oc-1cb">
         <name>.bss:g_sciTransfer_t</name>
         <uninitialized>true</uninitialized>
         <run_address>0x8001604</run_address>
         <size>0x50</size>
         <input_file_ref idref="fl-b"/>
      </object_component>
      <object_component id="oc-12e">
         <name>.common:buf_len</name>
         <uninitialized>true</uninitialized>
         <run_address>0x8001654</run_address>
         <size>0x4</size>
      </object_component>
      <object_component id="oc-12b">
         <name>.data:txt_buf</name>
         <load_address>0x8001500</load_address>
         <run_address>0x8001500</run_address>
         <size>0x100</size>
         <input_file_ref idref="fl-f"/>
      </object_component>
      <object_component id="oc-2f8">
         <name>.data</name>
         <load_address>0x8001600</load_address>
         <run_address>0x8001600</run_address>
         <size>0x4</size>
         <input_file_ref idref="fl-e3"/>
      </object_component>
      <object_component id="oc-177">
         <name>.debug_info</name>
         <load_address>0x0</load_address>
         <run_address>0x0</run_address>
         <size>0x2f9</size>
         <input_file_ref idref="fl-2"/>
      </object_component>
      <object_component id="oc-11a">
         <name>.debug_info</name>
         <load_address>0x2f9</load_address>
         <run_address>0x2f9</run_address>
         <size>0x17e5</size>
         <input_file_ref idref="fl-2"/>
      </object_component>
      <object_component id="oc-23">
         <name>.debug_info</name>
         <load_address>0x1ade</load_address>
         <run_address>0x1ade</run_address>
         <size>0x318</size>
         <input_file_ref idref="fl-2"/>
      </object_component>
      <object_component id="oc-1d8">
         <name>.debug_info</name>
         <load_address>0x1df6</load_address>
         <run_address>0x1df6</run_address>
         <size>0x359</size>
         <input_file_ref idref="fl-2"/>
      </object_component>
      <object_component id="oc-145">
         <name>.debug_info</name>
         <load_address>0x214f</load_address>
         <run_address>0x214f</run_address>
         <size>0x26b</size>
         <input_file_ref idref="fl-2"/>
      </object_component>
      <object_component id="oc-91">
         <name>.debug_info</name>
         <load_address>0x23ba</load_address>
         <run_address>0x23ba</run_address>
         <size>0x157</size>
         <input_file_ref idref="fl-2"/>
      </object_component>
      <object_component id="oc-132">
         <name>.debug_info</name>
         <load_address>0x2511</load_address>
         <run_address>0x2511</run_address>
         <size>0x8b</size>
         <input_file_ref idref="fl-2"/>
      </object_component>
      <object_component id="oc-9a">
         <name>.debug_info</name>
         <load_address>0x259c</load_address>
         <run_address>0x259c</run_address>
         <size>0x18c</size>
         <input_file_ref idref="fl-2"/>
      </object_component>
      <object_component id="oc-20b">
         <name>.debug_info</name>
         <load_address>0x2728</load_address>
         <run_address>0x2728</run_address>
         <size>0x297</size>
         <input_file_ref idref="fl-2"/>
      </object_component>
      <object_component id="oc-172">
         <name>.debug_info</name>
         <load_address>0x29bf</load_address>
         <run_address>0x29bf</run_address>
         <size>0xbb</size>
         <input_file_ref idref="fl-2"/>
      </object_component>
      <object_component id="oc-9f">
         <name>.debug_info</name>
         <load_address>0x2a7a</load_address>
         <run_address>0x2a7a</run_address>
         <size>0x86</size>
         <input_file_ref idref="fl-2"/>
      </object_component>
      <object_component id="oc-193">
         <name>.debug_info</name>
         <load_address>0x2b00</load_address>
         <run_address>0x2b00</run_address>
         <size>0x152</size>
         <input_file_ref idref="fl-2"/>
      </object_component>
      <object_component id="oc-168">
         <name>.debug_info</name>
         <load_address>0x2c52</load_address>
         <run_address>0x2c52</run_address>
         <size>0x36d</size>
         <input_file_ref idref="fl-2"/>
      </object_component>
      <object_component id="oc-210">
         <name>.debug_info</name>
         <load_address>0x2fbf</load_address>
         <run_address>0x2fbf</run_address>
         <size>0x379</size>
         <input_file_ref idref="fl-3"/>
      </object_component>
      <object_component id="oc-cf">
         <name>.debug_info</name>
         <load_address>0x3338</load_address>
         <run_address>0x3338</run_address>
         <size>0x429</size>
         <input_file_ref idref="fl-3"/>
      </object_component>
      <object_component id="oc-14a">
         <name>.debug_info</name>
         <load_address>0x3761</load_address>
         <run_address>0x3761</run_address>
         <size>0x102</size>
         <input_file_ref idref="fl-3"/>
      </object_component>
      <object_component id="oc-198">
         <name>.debug_info</name>
         <load_address>0x3863</load_address>
         <run_address>0x3863</run_address>
         <size>0x142</size>
         <input_file_ref idref="fl-3"/>
      </object_component>
      <object_component id="oc-14f">
         <name>.debug_info</name>
         <load_address>0x39a5</load_address>
         <run_address>0x39a5</run_address>
         <size>0x285</size>
         <input_file_ref idref="fl-3"/>
      </object_component>
      <object_component id="oc-154">
         <name>.debug_info</name>
         <load_address>0x3c2a</load_address>
         <run_address>0x3c2a</run_address>
         <size>0x44a</size>
         <input_file_ref idref="fl-3"/>
      </object_component>
      <object_component id="oc-159">
         <name>.debug_info</name>
         <load_address>0x4074</load_address>
         <run_address>0x4074</run_address>
         <size>0x1f9</size>
         <input_file_ref idref="fl-3"/>
      </object_component>
      <object_component id="oc-15e">
         <name>.debug_info</name>
         <load_address>0x426d</load_address>
         <run_address>0x426d</run_address>
         <size>0x152</size>
         <input_file_ref idref="fl-3"/>
      </object_component>
      <object_component id="oc-163">
         <name>.debug_info</name>
         <load_address>0x43bf</load_address>
         <run_address>0x43bf</run_address>
         <size>0x70a</size>
         <input_file_ref idref="fl-3"/>
      </object_component>
      <object_component id="oc-db">
         <name>.debug_info</name>
         <load_address>0x4ac9</load_address>
         <run_address>0x4ac9</run_address>
         <size>0x345</size>
         <input_file_ref idref="fl-5"/>
      </object_component>
      <object_component id="oc-7a">
         <name>.debug_info</name>
         <load_address>0x4e0e</load_address>
         <run_address>0x4e0e</run_address>
         <size>0x10ba</size>
         <input_file_ref idref="fl-5"/>
      </object_component>
      <object_component id="oc-29">
         <name>.debug_info</name>
         <load_address>0x5ec8</load_address>
         <run_address>0x5ec8</run_address>
         <size>0x1a2</size>
         <input_file_ref idref="fl-5"/>
      </object_component>
      <object_component id="oc-d6">
         <name>.debug_info</name>
         <load_address>0x606a</load_address>
         <run_address>0x606a</run_address>
         <size>0x168</size>
         <input_file_ref idref="fl-5"/>
      </object_component>
      <object_component id="oc-1d1">
         <name>.debug_info</name>
         <load_address>0x61d2</load_address>
         <run_address>0x61d2</run_address>
         <size>0x301</size>
         <input_file_ref idref="fl-6"/>
      </object_component>
      <object_component id="oc-114">
         <name>.debug_info</name>
         <load_address>0x64d3</load_address>
         <run_address>0x64d3</run_address>
         <size>0x285e</size>
         <input_file_ref idref="fl-6"/>
      </object_component>
      <object_component id="oc-1d2">
         <name>.debug_info</name>
         <load_address>0x8d31</load_address>
         <run_address>0x8d31</run_address>
         <size>0xc6d</size>
         <input_file_ref idref="fl-6"/>
      </object_component>
      <object_component id="oc-19d">
         <name>.debug_info</name>
         <load_address>0x999e</load_address>
         <run_address>0x999e</run_address>
         <size>0x396</size>
         <input_file_ref idref="fl-6"/>
      </object_component>
      <object_component id="oc-1af">
         <name>.debug_info</name>
         <load_address>0x9d34</load_address>
         <run_address>0x9d34</run_address>
         <size>0x199</size>
         <input_file_ref idref="fl-6"/>
      </object_component>
      <object_component id="oc-c2">
         <name>.debug_info</name>
         <load_address>0x9ecd</load_address>
         <run_address>0x9ecd</run_address>
         <size>0x3df</size>
         <input_file_ref idref="fl-8"/>
      </object_component>
      <object_component id="oc-6e">
         <name>.debug_info</name>
         <load_address>0xa2ac</load_address>
         <run_address>0xa2ac</run_address>
         <size>0x91d</size>
         <input_file_ref idref="fl-8"/>
      </object_component>
      <object_component id="oc-189">
         <name>.debug_info</name>
         <load_address>0xabc9</load_address>
         <run_address>0xabc9</run_address>
         <size>0x306</size>
         <input_file_ref idref="fl-8"/>
      </object_component>
      <object_component id="oc-18e">
         <name>.debug_info</name>
         <load_address>0xaecf</load_address>
         <run_address>0xaecf</run_address>
         <size>0xadd</size>
         <input_file_ref idref="fl-8"/>
      </object_component>
      <object_component id="oc-c3">
         <name>.debug_info</name>
         <load_address>0xb9ac</load_address>
         <run_address>0xb9ac</run_address>
         <size>0x6eb</size>
         <input_file_ref idref="fl-8"/>
      </object_component>
      <object_component id="oc-1a2">
         <name>.debug_info</name>
         <load_address>0xc097</load_address>
         <run_address>0xc097</run_address>
         <size>0x243</size>
         <input_file_ref idref="fl-8"/>
      </object_component>
      <object_component id="oc-237">
         <name>.debug_info</name>
         <load_address>0xc2da</load_address>
         <run_address>0xc2da</run_address>
         <size>0x18e</size>
         <input_file_ref idref="fl-8"/>
      </object_component>
      <object_component id="oc-c9">
         <name>.debug_info</name>
         <load_address>0xc468</load_address>
         <run_address>0xc468</run_address>
         <size>0x116</size>
         <input_file_ref idref="fl-9"/>
      </object_component>
      <object_component id="oc-1cf">
         <name>.debug_info</name>
         <load_address>0xc57e</load_address>
         <run_address>0xc57e</run_address>
         <size>0x2f7</size>
         <input_file_ref idref="fl-b"/>
      </object_component>
      <object_component id="oc-1cc">
         <name>.debug_info</name>
         <load_address>0xc875</load_address>
         <run_address>0xc875</run_address>
         <size>0xdf</size>
         <input_file_ref idref="fl-b"/>
      </object_component>
      <object_component id="oc-10e">
         <name>.debug_info</name>
         <load_address>0xc954</load_address>
         <run_address>0xc954</run_address>
         <size>0xc97</size>
         <input_file_ref idref="fl-b"/>
      </object_component>
      <object_component id="oc-232">
         <name>.debug_info</name>
         <load_address>0xd5eb</load_address>
         <run_address>0xd5eb</run_address>
         <size>0x91</size>
         <input_file_ref idref="fl-b"/>
      </object_component>
      <object_component id="oc-69">
         <name>.debug_info</name>
         <load_address>0xd67c</load_address>
         <run_address>0xd67c</run_address>
         <size>0x80c</size>
         <input_file_ref idref="fl-c"/>
      </object_component>
      <object_component id="oc-2f">
         <name>.debug_info</name>
         <load_address>0xde88</load_address>
         <run_address>0xde88</run_address>
         <size>0x102</size>
         <input_file_ref idref="fl-e"/>
      </object_component>
      <object_component id="oc-12f">
         <name>.debug_info</name>
         <load_address>0xdf8a</load_address>
         <run_address>0xdf8a</run_address>
         <size>0x581</size>
         <input_file_ref idref="fl-f"/>
      </object_component>
      <object_component id="oc-12c">
         <name>.debug_info</name>
         <load_address>0xe50b</load_address>
         <run_address>0xe50b</run_address>
         <size>0xd5</size>
         <input_file_ref idref="fl-f"/>
      </object_component>
      <object_component id="oc-86">
         <name>.debug_info</name>
         <load_address>0xe5e0</load_address>
         <run_address>0xe5e0</run_address>
         <size>0x4e7</size>
         <input_file_ref idref="fl-f"/>
      </object_component>
      <object_component id="oc-1fc">
         <name>.debug_info</name>
         <load_address>0xeac7</load_address>
         <run_address>0xeac7</run_address>
         <size>0xcc</size>
         <input_file_ref idref="fl-f"/>
      </object_component>
      <object_component id="oc-1f1">
         <name>.debug_info</name>
         <load_address>0xeb93</load_address>
         <run_address>0xeb93</run_address>
         <size>0x2c</size>
         <input_file_ref idref="fl-f"/>
      </object_component>
      <object_component id="oc-80">
         <name>.debug_info</name>
         <load_address>0xebbf</load_address>
         <run_address>0xebbf</run_address>
         <size>0x439</size>
         <input_file_ref idref="fl-10"/>
      </object_component>
      <object_component id="oc-213">
         <name>.debug_info</name>
         <load_address>0xeff8</load_address>
         <run_address>0xeff8</run_address>
         <size>0x2ed</size>
         <input_file_ref idref="fl-11"/>
      </object_component>
      <object_component id="oc-1aa">
         <name>.debug_info</name>
         <load_address>0xf2e5</load_address>
         <run_address>0xf2e5</run_address>
         <size>0x457</size>
         <input_file_ref idref="fl-11"/>
      </object_component>
      <object_component id="oc-34">
         <name>.debug_info</name>
         <load_address>0xf73c</load_address>
         <run_address>0xf73c</run_address>
         <size>0x137</size>
         <input_file_ref idref="fl-12"/>
      </object_component>
      <object_component id="oc-1a">
         <name>.debug_info</name>
         <load_address>0xf873</load_address>
         <run_address>0xf873</run_address>
         <size>0x276</size>
         <input_file_ref idref="fl-15"/>
      </object_component>
      <object_component id="oc-8f">
         <name>.debug_info</name>
         <load_address>0xfae9</load_address>
         <run_address>0xfae9</run_address>
         <size>0x4d6</size>
         <input_file_ref idref="fl-16"/>
      </object_component>
      <object_component id="oc-21">
         <name>.debug_info</name>
         <load_address>0xffbf</load_address>
         <run_address>0xffbf</run_address>
         <size>0xd9</size>
         <input_file_ref idref="fl-16"/>
      </object_component>
      <object_component id="oc-3b">
         <name>.debug_info</name>
         <load_address>0x10098</load_address>
         <run_address>0x10098</run_address>
         <size>0x489</size>
         <input_file_ref idref="fl-16"/>
      </object_component>
      <object_component id="oc-40">
         <name>.debug_info</name>
         <load_address>0x10521</load_address>
         <run_address>0x10521</run_address>
         <size>0x1f4</size>
         <input_file_ref idref="fl-16"/>
      </object_component>
      <object_component id="oc-16d">
         <name>.debug_info</name>
         <load_address>0x10715</load_address>
         <run_address>0x10715</run_address>
         <size>0x4f</size>
         <input_file_ref idref="fl-16"/>
      </object_component>
      <object_component id="oc-d4">
         <name>.debug_info</name>
         <load_address>0x10764</load_address>
         <run_address>0x10764</run_address>
         <size>0x3db</size>
         <input_file_ref idref="fl-17"/>
      </object_component>
      <object_component id="oc-74">
         <name>.debug_info</name>
         <load_address>0x10b3f</load_address>
         <run_address>0x10b3f</run_address>
         <size>0x589</size>
         <input_file_ref idref="fl-17"/>
      </object_component>
      <object_component id="oc-22d">
         <name>.debug_info</name>
         <load_address>0x110c8</load_address>
         <run_address>0x110c8</run_address>
         <size>0x254</size>
         <input_file_ref idref="fl-d1"/>
      </object_component>
      <object_component id="oc-1c8">
         <name>.debug_info</name>
         <load_address>0x1131c</load_address>
         <run_address>0x1131c</run_address>
         <size>0x165</size>
         <input_file_ref idref="fl-d1"/>
      </object_component>
      <object_component id="oc-4b">
         <name>.debug_info</name>
         <load_address>0x11481</load_address>
         <run_address>0x11481</run_address>
         <size>0x84</size>
         <input_file_ref idref="fl-d1"/>
      </object_component>
      <object_component id="oc-2a4">
         <name>.debug_info</name>
         <load_address>0x11505</load_address>
         <run_address>0x11505</run_address>
         <size>0x46</size>
         <input_file_ref idref="fl-d1"/>
      </object_component>
      <object_component id="oc-228">
         <name>.debug_info</name>
         <load_address>0x1154b</load_address>
         <run_address>0x1154b</run_address>
         <size>0x39</size>
         <input_file_ref idref="fl-d1"/>
      </object_component>
      <object_component id="oc-1b7">
         <name>.debug_info</name>
         <load_address>0x11584</load_address>
         <run_address>0x11584</run_address>
         <size>0x517</size>
         <input_file_ref idref="fl-d2"/>
      </object_component>
      <object_component id="oc-e0">
         <name>.debug_info</name>
         <load_address>0x11a9b</load_address>
         <run_address>0x11a9b</run_address>
         <size>0x16b</size>
         <input_file_ref idref="fl-d2"/>
      </object_component>
      <object_component id="oc-216">
         <name>.debug_info</name>
         <load_address>0x11c06</load_address>
         <run_address>0x11c06</run_address>
         <size>0x39</size>
         <input_file_ref idref="fl-d2"/>
      </object_component>
      <object_component id="oc-298">
         <name>.debug_info</name>
         <load_address>0x11c3f</load_address>
         <run_address>0x11c3f</run_address>
         <size>0x39</size>
         <input_file_ref idref="fl-d2"/>
      </object_component>
      <object_component id="oc-21b">
         <name>.debug_info</name>
         <load_address>0x11c78</load_address>
         <run_address>0x11c78</run_address>
         <size>0x39</size>
         <input_file_ref idref="fl-d2"/>
      </object_component>
      <object_component id="oc-220">
         <name>.debug_info</name>
         <load_address>0x11cb1</load_address>
         <run_address>0x11cb1</run_address>
         <size>0xcd</size>
         <input_file_ref idref="fl-d2"/>
      </object_component>
      <object_component id="oc-b9">
         <name>.debug_info</name>
         <load_address>0x11d7e</load_address>
         <run_address>0x11d7e</run_address>
         <size>0x2de</size>
         <input_file_ref idref="fl-d4"/>
      </object_component>
      <object_component id="oc-60">
         <name>.debug_info</name>
         <load_address>0x1205c</load_address>
         <run_address>0x1205c</run_address>
         <size>0x184</size>
         <input_file_ref idref="fl-d4"/>
      </object_component>
      <object_component id="oc-b4">
         <name>.debug_info</name>
         <load_address>0x121e0</load_address>
         <run_address>0x121e0</run_address>
         <size>0x46</size>
         <input_file_ref idref="fl-d4"/>
      </object_component>
      <object_component id="oc-17f">
         <name>.debug_info</name>
         <load_address>0x12226</load_address>
         <run_address>0x12226</run_address>
         <size>0x2c</size>
         <input_file_ref idref="fl-d4"/>
      </object_component>
      <object_component id="oc-5b">
         <name>.debug_info</name>
         <load_address>0x12252</load_address>
         <run_address>0x12252</run_address>
         <size>0x268</size>
         <input_file_ref idref="fl-d5"/>
      </object_component>
      <object_component id="oc-15">
         <name>.debug_info</name>
         <load_address>0x124ba</load_address>
         <run_address>0x124ba</run_address>
         <size>0x19a</size>
         <input_file_ref idref="fl-d5"/>
      </object_component>
      <object_component id="oc-56">
         <name>.debug_info</name>
         <load_address>0x12654</load_address>
         <run_address>0x12654</run_address>
         <size>0x46</size>
         <input_file_ref idref="fl-d5"/>
      </object_component>
      <object_component id="oc-ac">
         <name>.debug_info</name>
         <load_address>0x1269a</load_address>
         <run_address>0x1269a</run_address>
         <size>0x2c</size>
         <input_file_ref idref="fl-d5"/>
      </object_component>
      <object_component id="oc-aa">
         <name>.debug_info</name>
         <load_address>0x126c6</load_address>
         <run_address>0x126c6</run_address>
         <size>0x263</size>
         <input_file_ref idref="fl-d6"/>
      </object_component>
      <object_component id="oc-d">
         <name>.debug_info</name>
         <load_address>0x12929</load_address>
         <run_address>0x12929</run_address>
         <size>0x215</size>
         <input_file_ref idref="fl-d6"/>
      </object_component>
      <object_component id="oc-46">
         <name>.debug_info</name>
         <load_address>0x12b3e</load_address>
         <run_address>0x12b3e</run_address>
         <size>0x60</size>
         <input_file_ref idref="fl-d6"/>
      </object_component>
      <object_component id="oc-178">
         <name>.debug_info</name>
         <load_address>0x12b9e</load_address>
         <run_address>0x12b9e</run_address>
         <size>0x46</size>
         <input_file_ref idref="fl-d6"/>
      </object_component>
      <object_component id="oc-a5">
         <name>.debug_info</name>
         <load_address>0x12be4</load_address>
         <run_address>0x12be4</run_address>
         <size>0x39</size>
         <input_file_ref idref="fl-d6"/>
      </object_component>
      <object_component id="oc-13b">
         <name>.debug_info</name>
         <load_address>0x12c1d</load_address>
         <run_address>0x12c1d</run_address>
         <size>0xe7</size>
         <input_file_ref idref="fl-d7"/>
      </object_component>
      <object_component id="oc-1f0">
         <name>.debug_info</name>
         <load_address>0x12d04</load_address>
         <run_address>0x12d04</run_address>
         <size>0x2f8</size>
         <input_file_ref idref="fl-d9"/>
      </object_component>
      <object_component id="oc-123">
         <name>.debug_info</name>
         <load_address>0x12ffc</load_address>
         <run_address>0x12ffc</run_address>
         <size>0x196</size>
         <input_file_ref idref="fl-d9"/>
      </object_component>
      <object_component id="oc-1e5">
         <name>.debug_info</name>
         <load_address>0x13192</load_address>
         <run_address>0x13192</run_address>
         <size>0x15d</size>
         <input_file_ref idref="fl-d9"/>
      </object_component>
      <object_component id="oc-1eb">
         <name>.debug_info</name>
         <load_address>0x132ef</load_address>
         <run_address>0x132ef</run_address>
         <size>0x132</size>
         <input_file_ref idref="fl-d9"/>
      </object_component>
      <object_component id="oc-304">
         <name>.debug_info</name>
         <load_address>0x13421</load_address>
         <run_address>0x13421</run_address>
         <size>0x2c</size>
         <input_file_ref idref="fl-d9"/>
      </object_component>
      <object_component id="oc-1f7">
         <name>.debug_info</name>
         <load_address>0x1344d</load_address>
         <run_address>0x1344d</run_address>
         <size>0x254</size>
         <input_file_ref idref="fl-da"/>
      </object_component>
      <object_component id="oc-129">
         <name>.debug_info</name>
         <load_address>0x136a1</load_address>
         <run_address>0x136a1</run_address>
         <size>0x19e</size>
         <input_file_ref idref="fl-da"/>
      </object_component>
      <object_component id="oc-53">
         <name>.debug_info</name>
         <load_address>0x1383f</load_address>
         <run_address>0x1383f</run_address>
         <size>0x14c</size>
         <input_file_ref idref="fl-db"/>
      </object_component>
      <object_component id="oc-bd">
         <name>.debug_info</name>
         <load_address>0x1398b</load_address>
         <run_address>0x1398b</run_address>
         <size>0x114</size>
         <input_file_ref idref="fl-dc"/>
      </object_component>
      <object_component id="oc-275">
         <name>.debug_info</name>
         <load_address>0x13a9f</load_address>
         <run_address>0x13a9f</run_address>
         <size>0x876</size>
         <input_file_ref idref="fl-dd"/>
      </object_component>
      <object_component id="oc-248">
         <name>.debug_info</name>
         <load_address>0x14315</load_address>
         <run_address>0x14315</run_address>
         <size>0x1e3</size>
         <input_file_ref idref="fl-dd"/>
      </object_component>
      <object_component id="oc-2c5">
         <name>.debug_info</name>
         <load_address>0x144f8</load_address>
         <run_address>0x144f8</run_address>
         <size>0x178</size>
         <input_file_ref idref="fl-dd"/>
      </object_component>
      <object_component id="oc-2cb">
         <name>.debug_info</name>
         <load_address>0x14670</load_address>
         <run_address>0x14670</run_address>
         <size>0x1e0</size>
         <input_file_ref idref="fl-dd"/>
      </object_component>
      <object_component id="oc-24d">
         <name>.debug_info</name>
         <load_address>0x14850</load_address>
         <run_address>0x14850</run_address>
         <size>0x299</size>
         <input_file_ref idref="fl-dd"/>
      </object_component>
      <object_component id="oc-2d2">
         <name>.debug_info</name>
         <load_address>0x14ae9</load_address>
         <run_address>0x14ae9</run_address>
         <size>0x1e9</size>
         <input_file_ref idref="fl-dd"/>
      </object_component>
      <object_component id="oc-2d8">
         <name>.debug_info</name>
         <load_address>0x14cd2</load_address>
         <run_address>0x14cd2</run_address>
         <size>0x1da</size>
         <input_file_ref idref="fl-dd"/>
      </object_component>
      <object_component id="oc-254">
         <name>.debug_info</name>
         <load_address>0x14eac</load_address>
         <run_address>0x14eac</run_address>
         <size>0x1da</size>
         <input_file_ref idref="fl-dd"/>
      </object_component>
      <object_component id="oc-25a">
         <name>.debug_info</name>
         <load_address>0x15086</load_address>
         <run_address>0x15086</run_address>
         <size>0x205</size>
         <input_file_ref idref="fl-dd"/>
      </object_component>
      <object_component id="oc-260">
         <name>.debug_info</name>
         <load_address>0x1528b</load_address>
         <run_address>0x1528b</run_address>
         <size>0x31e</size>
         <input_file_ref idref="fl-dd"/>
      </object_component>
      <object_component id="oc-1e1">
         <name>.debug_info</name>
         <load_address>0x155a9</load_address>
         <run_address>0x155a9</run_address>
         <size>0x577</size>
         <input_file_ref idref="fl-dd"/>
      </object_component>
      <object_component id="oc-276">
         <name>.debug_info</name>
         <load_address>0x15b20</load_address>
         <run_address>0x15b20</run_address>
         <size>0x86</size>
         <input_file_ref idref="fl-dd"/>
      </object_component>
      <object_component id="oc-2ff">
         <name>.debug_info</name>
         <load_address>0x15ba6</load_address>
         <run_address>0x15ba6</run_address>
         <size>0x39</size>
         <input_file_ref idref="fl-dd"/>
      </object_component>
      <object_component id="oc-346">
         <name>.debug_info</name>
         <load_address>0x15bdf</load_address>
         <run_address>0x15bdf</run_address>
         <size>0xb6</size>
         <input_file_ref idref="fl-dd"/>
      </object_component>
      <object_component id="oc-309">
         <name>.debug_info</name>
         <load_address>0x15c95</load_address>
         <run_address>0x15c95</run_address>
         <size>0x46</size>
         <input_file_ref idref="fl-dd"/>
      </object_component>
      <object_component id="oc-27b">
         <name>.debug_info</name>
         <load_address>0x15cdb</load_address>
         <run_address>0x15cdb</run_address>
         <size>0x46</size>
         <input_file_ref idref="fl-dd"/>
      </object_component>
      <object_component id="oc-2af">
         <name>.debug_info</name>
         <load_address>0x15d21</load_address>
         <run_address>0x15d21</run_address>
         <size>0x27e</size>
         <input_file_ref idref="fl-de"/>
      </object_component>
      <object_component id="oc-241">
         <name>.debug_info</name>
         <load_address>0x15f9f</load_address>
         <run_address>0x15f9f</run_address>
         <size>0x141</size>
         <input_file_ref idref="fl-de"/>
      </object_component>
      <object_component id="oc-313">
         <name>.debug_info</name>
         <load_address>0x160e0</load_address>
         <run_address>0x160e0</run_address>
         <size>0xbe</size>
         <input_file_ref idref="fl-df"/>
      </object_component>
      <object_component id="oc-2ac">
         <name>.debug_info</name>
         <load_address>0x1619e</load_address>
         <run_address>0x1619e</run_address>
         <size>0xca</size>
         <input_file_ref idref="fl-df"/>
      </object_component>
      <object_component id="oc-323">
         <name>.debug_info</name>
         <load_address>0x16268</load_address>
         <run_address>0x16268</run_address>
         <size>0x260</size>
         <input_file_ref idref="fl-e0"/>
      </object_component>
      <object_component id="oc-2bf">
         <name>.debug_info</name>
         <load_address>0x164c8</load_address>
         <run_address>0x164c8</run_address>
         <size>0x1aa</size>
         <input_file_ref idref="fl-e0"/>
      </object_component>
      <object_component id="oc-2f0">
         <name>.debug_info</name>
         <load_address>0x16672</load_address>
         <run_address>0x16672</run_address>
         <size>0x25b</size>
         <input_file_ref idref="fl-e1"/>
      </object_component>
      <object_component id="oc-266">
         <name>.debug_info</name>
         <load_address>0x168cd</load_address>
         <run_address>0x168cd</run_address>
         <size>0x17b</size>
         <input_file_ref idref="fl-e1"/>
      </object_component>
      <object_component id="oc-338">
         <name>.debug_info</name>
         <load_address>0x16a48</load_address>
         <run_address>0x16a48</run_address>
         <size>0x25f</size>
         <input_file_ref idref="fl-e2"/>
      </object_component>
      <object_component id="oc-2eb">
         <name>.debug_info</name>
         <load_address>0x16ca7</load_address>
         <run_address>0x16ca7</run_address>
         <size>0x1bb</size>
         <input_file_ref idref="fl-e2"/>
      </object_component>
      <object_component id="oc-2fc">
         <name>.debug_info</name>
         <load_address>0x16e62</load_address>
         <run_address>0x16e62</run_address>
         <size>0x24e</size>
         <input_file_ref idref="fl-e3"/>
      </object_component>
      <object_component id="oc-2f9">
         <name>.debug_info</name>
         <load_address>0x170b0</load_address>
         <run_address>0x170b0</run_address>
         <size>0xd3</size>
         <input_file_ref idref="fl-e3"/>
      </object_component>
      <object_component id="oc-271">
         <name>.debug_info</name>
         <load_address>0x17183</load_address>
         <run_address>0x17183</run_address>
         <size>0x113</size>
         <input_file_ref idref="fl-e3"/>
      </object_component>
      <object_component id="oc-329">
         <name>.debug_info</name>
         <load_address>0x17296</load_address>
         <run_address>0x17296</run_address>
         <size>0x25f</size>
         <input_file_ref idref="fl-e4"/>
      </object_component>
      <object_component id="oc-2de">
         <name>.debug_info</name>
         <load_address>0x174f5</load_address>
         <run_address>0x174f5</run_address>
         <size>0x153</size>
         <input_file_ref idref="fl-e4"/>
      </object_component>
      <object_component id="oc-353">
         <name>.debug_info</name>
         <load_address>0x17648</load_address>
         <run_address>0x17648</run_address>
         <size>0x39</size>
         <input_file_ref idref="fl-e4"/>
      </object_component>
      <object_component id="oc-32a">
         <name>.debug_info</name>
         <load_address>0x17681</load_address>
         <run_address>0x17681</run_address>
         <size>0x2c</size>
         <input_file_ref idref="fl-e4"/>
      </object_component>
      <object_component id="oc-336">
         <name>.debug_info</name>
         <load_address>0x176ad</load_address>
         <run_address>0x176ad</run_address>
         <size>0x2c2</size>
         <input_file_ref idref="fl-e5"/>
      </object_component>
      <object_component id="oc-2e6">
         <name>.debug_info</name>
         <load_address>0x1796f</load_address>
         <run_address>0x1796f</run_address>
         <size>0x172</size>
         <input_file_ref idref="fl-e5"/>
      </object_component>
      <object_component id="oc-2f7">
         <name>.debug_info</name>
         <load_address>0x17ae1</load_address>
         <run_address>0x17ae1</run_address>
         <size>0x254</size>
         <input_file_ref idref="fl-e6"/>
      </object_component>
      <object_component id="oc-269">
         <name>.debug_info</name>
         <load_address>0x17d35</load_address>
         <run_address>0x17d35</run_address>
         <size>0x11f</size>
         <input_file_ref idref="fl-e6"/>
      </object_component>
      <object_component id="oc-33b">
         <name>.debug_info</name>
         <load_address>0x17e54</load_address>
         <run_address>0x17e54</run_address>
         <size>0x46</size>
         <input_file_ref idref="fl-e6"/>
      </object_component>
      <object_component id="oc-2f2">
         <name>.debug_info</name>
         <load_address>0x17e9a</load_address>
         <run_address>0x17e9a</run_address>
         <size>0x39</size>
         <input_file_ref idref="fl-e6"/>
      </object_component>
      <object_component id="oc-31e">
         <name>.debug_info</name>
         <load_address>0x17ed3</load_address>
         <run_address>0x17ed3</run_address>
         <size>0x117</size>
         <input_file_ref idref="fl-e7"/>
      </object_component>
      <object_component id="oc-2b7">
         <name>.debug_info</name>
         <load_address>0x17fea</load_address>
         <run_address>0x17fea</run_address>
         <size>0x119</size>
         <input_file_ref idref="fl-e8"/>
      </object_component>
      <object_component id="oc-2b3">
         <name>.debug_info</name>
         <load_address>0x18103</load_address>
         <run_address>0x18103</run_address>
         <size>0x152</size>
         <input_file_ref idref="fl-e9"/>
      </object_component>
      <object_component id="oc-331">
         <name>.debug_info</name>
         <load_address>0x18255</load_address>
         <run_address>0x18255</run_address>
         <size>0x126</size>
         <input_file_ref idref="fl-ea"/>
      </object_component>
      <object_component id="oc-318">
         <name>.debug_info</name>
         <load_address>0x1837b</load_address>
         <run_address>0x1837b</run_address>
         <size>0xdd</size>
         <input_file_ref idref="fl-eb"/>
      </object_component>
      <object_component id="oc-383">
         <name>.debug_info</name>
         <load_address>0x18458</load_address>
         <run_address>0x18458</run_address>
         <size>0x9b</size>
      </object_component>
      <object_component id="oc-212">
         <name>.debug_line</name>
         <load_address>0x0</load_address>
         <run_address>0x0</run_address>
         <size>0x5c</size>
         <input_file_ref idref="fl-2"/>
      </object_component>
      <object_component id="oc-11d">
         <name>.debug_line</name>
         <load_address>0x5c</load_address>
         <run_address>0x5c</run_address>
         <size>0x3f7</size>
         <input_file_ref idref="fl-2"/>
      </object_component>
      <object_component id="oc-26">
         <name>.debug_line</name>
         <load_address>0x453</load_address>
         <run_address>0x453</run_address>
         <size>0xb4</size>
         <input_file_ref idref="fl-2"/>
      </object_component>
      <object_component id="oc-1db">
         <name>.debug_line</name>
         <load_address>0x507</load_address>
         <run_address>0x507</run_address>
         <size>0x5c</size>
         <input_file_ref idref="fl-2"/>
      </object_component>
      <object_component id="oc-148">
         <name>.debug_line</name>
         <load_address>0x563</load_address>
         <run_address>0x563</run_address>
         <size>0x69</size>
         <input_file_ref idref="fl-2"/>
      </object_component>
      <object_component id="oc-94">
         <name>.debug_line</name>
         <load_address>0x5cc</load_address>
         <run_address>0x5cc</run_address>
         <size>0x64</size>
         <input_file_ref idref="fl-2"/>
      </object_component>
      <object_component id="oc-135">
         <name>.debug_line</name>
         <load_address>0x630</load_address>
         <run_address>0x630</run_address>
         <size>0x20</size>
         <input_file_ref idref="fl-2"/>
      </object_component>
      <object_component id="oc-9d">
         <name>.debug_line</name>
         <load_address>0x650</load_address>
         <run_address>0x650</run_address>
         <size>0x5f</size>
         <input_file_ref idref="fl-2"/>
      </object_component>
      <object_component id="oc-20e">
         <name>.debug_line</name>
         <load_address>0x6af</load_address>
         <run_address>0x6af</run_address>
         <size>0x6d</size>
         <input_file_ref idref="fl-2"/>
      </object_component>
      <object_component id="oc-175">
         <name>.debug_line</name>
         <load_address>0x71c</load_address>
         <run_address>0x71c</run_address>
         <size>0x6a</size>
         <input_file_ref idref="fl-2"/>
      </object_component>
      <object_component id="oc-a2">
         <name>.debug_line</name>
         <load_address>0x786</load_address>
         <run_address>0x786</run_address>
         <size>0x62</size>
         <input_file_ref idref="fl-2"/>
      </object_component>
      <object_component id="oc-196">
         <name>.debug_line</name>
         <load_address>0x7e8</load_address>
         <run_address>0x7e8</run_address>
         <size>0x60</size>
         <input_file_ref idref="fl-2"/>
      </object_component>
      <object_component id="oc-16b">
         <name>.debug_line</name>
         <load_address>0x848</load_address>
         <run_address>0x848</run_address>
         <size>0x5f</size>
         <input_file_ref idref="fl-2"/>
      </object_component>
      <object_component id="oc-295">
         <name>.debug_line</name>
         <load_address>0x8a7</load_address>
         <run_address>0x8a7</run_address>
         <size>0x20</size>
         <input_file_ref idref="fl-3"/>
      </object_component>
      <object_component id="oc-d2">
         <name>.debug_line</name>
         <load_address>0x8c7</load_address>
         <run_address>0x8c7</run_address>
         <size>0x5e</size>
         <input_file_ref idref="fl-3"/>
      </object_component>
      <object_component id="oc-14d">
         <name>.debug_line</name>
         <load_address>0x925</load_address>
         <run_address>0x925</run_address>
         <size>0x61</size>
         <input_file_ref idref="fl-3"/>
      </object_component>
      <object_component id="oc-19b">
         <name>.debug_line</name>
         <load_address>0x986</load_address>
         <run_address>0x986</run_address>
         <size>0x5f</size>
         <input_file_ref idref="fl-3"/>
      </object_component>
      <object_component id="oc-152">
         <name>.debug_line</name>
         <load_address>0x9e5</load_address>
         <run_address>0x9e5</run_address>
         <size>0x5f</size>
         <input_file_ref idref="fl-3"/>
      </object_component>
      <object_component id="oc-157">
         <name>.debug_line</name>
         <load_address>0xa44</load_address>
         <run_address>0xa44</run_address>
         <size>0x61</size>
         <input_file_ref idref="fl-3"/>
      </object_component>
      <object_component id="oc-15c">
         <name>.debug_line</name>
         <load_address>0xaa5</load_address>
         <run_address>0xaa5</run_address>
         <size>0x5f</size>
         <input_file_ref idref="fl-3"/>
      </object_component>
      <object_component id="oc-161">
         <name>.debug_line</name>
         <load_address>0xb04</load_address>
         <run_address>0xb04</run_address>
         <size>0x62</size>
         <input_file_ref idref="fl-3"/>
      </object_component>
      <object_component id="oc-166">
         <name>.debug_line</name>
         <load_address>0xb66</load_address>
         <run_address>0xb66</run_address>
         <size>0x62</size>
         <input_file_ref idref="fl-3"/>
      </object_component>
      <object_component id="oc-1b5">
         <name>.debug_line</name>
         <load_address>0xbc8</load_address>
         <run_address>0xbc8</run_address>
         <size>0x5b</size>
         <input_file_ref idref="fl-5"/>
      </object_component>
      <object_component id="oc-7d">
         <name>.debug_line</name>
         <load_address>0xc23</load_address>
         <run_address>0xc23</run_address>
         <size>0x365</size>
         <input_file_ref idref="fl-5"/>
      </object_component>
      <object_component id="oc-2c">
         <name>.debug_line</name>
         <load_address>0xf88</load_address>
         <run_address>0xf88</run_address>
         <size>0x7c</size>
         <input_file_ref idref="fl-5"/>
      </object_component>
      <object_component id="oc-d9">
         <name>.debug_line</name>
         <load_address>0x1004</load_address>
         <run_address>0x1004</run_address>
         <size>0x5b</size>
         <input_file_ref idref="fl-5"/>
      </object_component>
      <object_component id="oc-23d">
         <name>.debug_line</name>
         <load_address>0x105f</load_address>
         <run_address>0x105f</run_address>
         <size>0x20</size>
         <input_file_ref idref="fl-6"/>
      </object_component>
      <object_component id="oc-117">
         <name>.debug_line</name>
         <load_address>0x107f</load_address>
         <run_address>0x107f</run_address>
         <size>0x7a3</size>
         <input_file_ref idref="fl-6"/>
      </object_component>
      <object_component id="oc-1d5">
         <name>.debug_line</name>
         <load_address>0x1822</load_address>
         <run_address>0x1822</run_address>
         <size>0x5d</size>
         <input_file_ref idref="fl-6"/>
      </object_component>
      <object_component id="oc-1a0">
         <name>.debug_line</name>
         <load_address>0x187f</load_address>
         <run_address>0x187f</run_address>
         <size>0x61</size>
         <input_file_ref idref="fl-6"/>
      </object_component>
      <object_component id="oc-1b2">
         <name>.debug_line</name>
         <load_address>0x18e0</load_address>
         <run_address>0x18e0</run_address>
         <size>0x62</size>
         <input_file_ref idref="fl-6"/>
      </object_component>
      <object_component id="oc-188">
         <name>.debug_line</name>
         <load_address>0x1942</load_address>
         <run_address>0x1942</run_address>
         <size>0x20</size>
         <input_file_ref idref="fl-8"/>
      </object_component>
      <object_component id="oc-71">
         <name>.debug_line</name>
         <load_address>0x1962</load_address>
         <run_address>0x1962</run_address>
         <size>0x12f</size>
         <input_file_ref idref="fl-8"/>
      </object_component>
      <object_component id="oc-18c">
         <name>.debug_line</name>
         <load_address>0x1a91</load_address>
         <run_address>0x1a91</run_address>
         <size>0x5f</size>
         <input_file_ref idref="fl-8"/>
      </object_component>
      <object_component id="oc-191">
         <name>.debug_line</name>
         <load_address>0x1af0</load_address>
         <run_address>0x1af0</run_address>
         <size>0x5f</size>
         <input_file_ref idref="fl-8"/>
      </object_component>
      <object_component id="oc-c6">
         <name>.debug_line</name>
         <load_address>0x1b4f</load_address>
         <run_address>0x1b4f</run_address>
         <size>0x5f</size>
         <input_file_ref idref="fl-8"/>
      </object_component>
      <object_component id="oc-1a5">
         <name>.debug_line</name>
         <load_address>0x1bae</load_address>
         <run_address>0x1bae</run_address>
         <size>0x5f</size>
         <input_file_ref idref="fl-8"/>
      </object_component>
      <object_component id="oc-23a">
         <name>.debug_line</name>
         <load_address>0x1c0d</load_address>
         <run_address>0x1c0d</run_address>
         <size>0x5b</size>
         <input_file_ref idref="fl-8"/>
      </object_component>
      <object_component id="oc-cc">
         <name>.debug_line</name>
         <load_address>0x1c68</load_address>
         <run_address>0x1c68</run_address>
         <size>0xdc</size>
         <input_file_ref idref="fl-9"/>
      </object_component>
      <object_component id="oc-231">
         <name>.debug_line</name>
         <load_address>0x1d44</load_address>
         <run_address>0x1d44</run_address>
         <size>0x63</size>
         <input_file_ref idref="fl-b"/>
      </object_component>
      <object_component id="oc-22f">
         <name>.debug_line</name>
         <load_address>0x1da7</load_address>
         <run_address>0x1da7</run_address>
         <size>0x36</size>
         <input_file_ref idref="fl-b"/>
      </object_component>
      <object_component id="oc-111">
         <name>.debug_line</name>
         <load_address>0x1ddd</load_address>
         <run_address>0x1ddd</run_address>
         <size>0x2c0</size>
         <input_file_ref idref="fl-b"/>
      </object_component>
      <object_component id="oc-235">
         <name>.debug_line</name>
         <load_address>0x209d</load_address>
         <run_address>0x209d</run_address>
         <size>0x36</size>
         <input_file_ref idref="fl-b"/>
      </object_component>
      <object_component id="oc-6c">
         <name>.debug_line</name>
         <load_address>0x20d3</load_address>
         <run_address>0x20d3</run_address>
         <size>0x2f2</size>
         <input_file_ref idref="fl-c"/>
      </object_component>
      <object_component id="oc-32">
         <name>.debug_line</name>
         <load_address>0x23c5</load_address>
         <run_address>0x23c5</run_address>
         <size>0x52</size>
         <input_file_ref idref="fl-e"/>
      </object_component>
      <object_component id="oc-1fb">
         <name>.debug_line</name>
         <load_address>0x2417</load_address>
         <run_address>0x2417</run_address>
         <size>0x1b8</size>
         <input_file_ref idref="fl-f"/>
      </object_component>
      <object_component id="oc-1f9">
         <name>.debug_line</name>
         <load_address>0x25cf</load_address>
         <run_address>0x25cf</run_address>
         <size>0x3b</size>
         <input_file_ref idref="fl-f"/>
      </object_component>
      <object_component id="oc-89">
         <name>.debug_line</name>
         <load_address>0x260a</load_address>
         <run_address>0x260a</run_address>
         <size>0xb8</size>
         <input_file_ref idref="fl-f"/>
      </object_component>
      <object_component id="oc-1ff">
         <name>.debug_line</name>
         <load_address>0x26c2</load_address>
         <run_address>0x26c2</run_address>
         <size>0x64</size>
         <input_file_ref idref="fl-f"/>
      </object_component>
      <object_component id="oc-1f4">
         <name>.debug_line</name>
         <load_address>0x2726</load_address>
         <run_address>0x2726</run_address>
         <size>0x65</size>
         <input_file_ref idref="fl-f"/>
      </object_component>
      <object_component id="oc-83">
         <name>.debug_line</name>
         <load_address>0x278b</load_address>
         <run_address>0x278b</run_address>
         <size>0x1f3</size>
         <input_file_ref idref="fl-10"/>
      </object_component>
      <object_component id="oc-297">
         <name>.debug_line</name>
         <load_address>0x297e</load_address>
         <run_address>0x297e</run_address>
         <size>0x20</size>
         <input_file_ref idref="fl-11"/>
      </object_component>
      <object_component id="oc-1ad">
         <name>.debug_line</name>
         <load_address>0x299e</load_address>
         <run_address>0x299e</run_address>
         <size>0x5f</size>
         <input_file_ref idref="fl-11"/>
      </object_component>
      <object_component id="oc-37">
         <name>.debug_line</name>
         <load_address>0x29fd</load_address>
         <run_address>0x29fd</run_address>
         <size>0x4e</size>
         <input_file_ref idref="fl-12"/>
      </object_component>
      <object_component id="oc-1d">
         <name>.debug_line</name>
         <load_address>0x2a4b</load_address>
         <run_address>0x2a4b</run_address>
         <size>0x7b</size>
         <input_file_ref idref="fl-15"/>
      </object_component>
      <object_component id="oc-144">
         <name>.debug_line</name>
         <load_address>0x2ac6</load_address>
         <run_address>0x2ac6</run_address>
         <size>0x9a</size>
         <input_file_ref idref="fl-16"/>
      </object_component>
      <object_component id="oc-8e">
         <name>.debug_line</name>
         <load_address>0x2b60</load_address>
         <run_address>0x2b60</run_address>
         <size>0x3a</size>
         <input_file_ref idref="fl-16"/>
      </object_component>
      <object_component id="oc-3e">
         <name>.debug_line</name>
         <load_address>0x2b9a</load_address>
         <run_address>0x2b9a</run_address>
         <size>0x1b2</size>
         <input_file_ref idref="fl-16"/>
      </object_component>
      <object_component id="oc-43">
         <name>.debug_line</name>
         <load_address>0x2d4c</load_address>
         <run_address>0x2d4c</run_address>
         <size>0xbc</size>
         <input_file_ref idref="fl-16"/>
      </object_component>
      <object_component id="oc-170">
         <name>.debug_line</name>
         <load_address>0x2e08</load_address>
         <run_address>0x2e08</run_address>
         <size>0x3a</size>
         <input_file_ref idref="fl-16"/>
      </object_component>
      <object_component id="oc-1a9">
         <name>.debug_line</name>
         <load_address>0x2e42</load_address>
         <run_address>0x2e42</run_address>
         <size>0x9e</size>
         <input_file_ref idref="fl-17"/>
      </object_component>
      <object_component id="oc-77">
         <name>.debug_line</name>
         <load_address>0x2ee0</load_address>
         <run_address>0x2ee0</run_address>
         <size>0x21e</size>
         <input_file_ref idref="fl-17"/>
      </object_component>
      <object_component id="oc-2aa">
         <name>.debug_line</name>
         <load_address>0x30fe</load_address>
         <run_address>0x30fe</run_address>
         <size>0x20</size>
         <input_file_ref idref="fl-d1"/>
      </object_component>
      <object_component id="oc-1c7">
         <name>.debug_line</name>
         <load_address>0x311e</load_address>
         <run_address>0x311e</run_address>
         <size>0xc0</size>
         <input_file_ref idref="fl-d1"/>
      </object_component>
      <object_component id="oc-4e">
         <name>.debug_line</name>
         <load_address>0x31de</load_address>
         <run_address>0x31de</run_address>
         <size>0x20</size>
         <input_file_ref idref="fl-d1"/>
      </object_component>
      <object_component id="oc-2a7">
         <name>.debug_line</name>
         <load_address>0x31fe</load_address>
         <run_address>0x31fe</run_address>
         <size>0x64</size>
         <input_file_ref idref="fl-d1"/>
      </object_component>
      <object_component id="oc-22b">
         <name>.debug_line</name>
         <load_address>0x3262</load_address>
         <run_address>0x3262</run_address>
         <size>0x61</size>
         <input_file_ref idref="fl-d1"/>
      </object_component>
      <object_component id="oc-215">
         <name>.debug_line</name>
         <load_address>0x32c3</load_address>
         <run_address>0x32c3</run_address>
         <size>0x89</size>
         <input_file_ref idref="fl-d2"/>
      </object_component>
      <object_component id="oc-e2">
         <name>.debug_line</name>
         <load_address>0x334c</load_address>
         <run_address>0x334c</run_address>
         <size>0x7c</size>
         <input_file_ref idref="fl-d2"/>
[...]
      </symbol>
      <symbol id="sm-3e3">
         <name>sciSend</name>
         <value>0x5880</value>
         <object_component_ref idref="oc-10d"/>
      </symbol>
      <symbol id="sm-3e4">
         <name>sciRxError</name>
         <value>0x5a1c</value>
         <object_component_ref idref="oc-10d"/>
      </symbol>
      <symbol id="sm-3e5">
         <name>sciReceiveByte</name>
         <value>0x5a4c</value>
         <object_component_ref idref="oc-10d"/>
      </symbol>
      <symbol id="sm-3e6">
         <name>sciSendByte</name>
         <value>0x5850</value>
         <object_component_ref idref="oc-10d"/>
      </symbol>
      <symbol id="sm-3e7">
         <name>sciEnableLoopback</name>
         <value>0x5b88</value>
         <object_component_ref idref="oc-10d"/>
      </symbol>
      <symbol id="sm-3e8">
         <name>sciIsIdleDetected</name>
         <value>0x5a00</value>
         <object_component_ref idref="oc-10d"/>
      </symbol>
      <symbol id="sm-3e9">
         <name>sciEnterResetState</name>
         <value>0x5d08</value>
         <object_component_ref idref="oc-10d"/>
      </symbol>
      <symbol id="sm-415">
         <name>_iCacheInvalidate_</name>
         <value>0x6a30</value>
         <object_component_ref idref="oc-68"/>
      </symbol>
      <symbol id="sm-416">
         <name>_disable_IRQ_interrupt_</name>
         <value>0x68c0</value>
         <object_component_ref idref="oc-68"/>
      </symbol>
      <symbol id="sm-417">
         <name>_coreGetInstructionFaultAddress_</name>
         <value>0x6884</value>
         <object_component_ref idref="oc-68"/>
      </symbol>
      <symbol id="sm-418">
         <name>_coreGetDataFault_</name>
         <value>0x6848</value>
         <object_component_ref idref="oc-68"/>
      </symbol>
      <symbol id="sm-419">
         <name>_coreDisableEventBusExport_</name>
         <value>0x6828</value>
         <object_component_ref idref="oc-68"/>
      </symbol>
      <symbol id="sm-41a">
         <name>_coreClearDataFaultAddress_</name>
         <value>0x6878</value>
         <object_component_ref idref="oc-68"/>
      </symbol>
      <symbol id="sm-41b">
         <name>__TI_PINIT_Base</name>
         <value>0x6a44</value>
         <object_component_ref idref="oc-68"/>
      </symbol>
      <symbol id="sm-41c">
         <name>_coreInitRegisters_</name>
         <value>0x6688</value>
         <object_component_ref idref="oc-68"/>
      </symbol>
      <symbol id="sm-41d">
         <name>_coreClearInstructionFaultAddress_</name>
         <value>0x688c</value>
         <object_component_ref idref="oc-68"/>
      </symbol>
      <symbol id="sm-41e">
         <name>_coreClearDataFault_</name>
         <value>0x6850</value>
         <object_component_ref idref="oc-68"/>
      </symbol>
      <symbol id="sm-41f">
         <name>_coreGetAuxiliaryDataFault_</name>
         <value>0x6898</value>
         <object_component_ref idref="oc-68"/>
      </symbol>
      <symbol id="sm-420">
         <name>_enable_interrupt_</name>
         <value>0x68d0</value>
         <object_component_ref idref="oc-68"/>
      </symbol>
      <symbol id="sm-421">
         <name>_coreClearAuxiliaryInstructionFault_</name>
         <value>0x68b4</value>
         <object_component_ref idref="oc-68"/>
      </symbol>
      <symbol id="sm-422">
         <name>_memInit_</name>
         <value>0x6960</value>
         <object_component_ref idref="oc-68"/>
      </symbol>
      <symbol id="sm-423">
         <name>_dCacheInvalidate_</name>
         <value>0x6a1c</value>
         <object_component_ref idref="oc-68"/>
      </symbol>
      <symbol id="sm-424">
         <name>_coreGetDataFaultAddress_</name>
         <value>0x6870</value>
         <object_component_ref idref="oc-68"/>
      </symbol>
      <symbol id="sm-425">
         <name>_coreClearInstructionFault_</name>
         <value>0x6864</value>
         <object_component_ref idref="oc-68"/>
      </symbol>
      <symbol id="sm-426">
         <name>_getCPSRValue_</name>
         <value>0x67e0</value>
         <object_component_ref idref="oc-68"/>
      </symbol>
      <symbol id="sm-427">
         <name>_cacheDisable_</name>
         <value>0x69f8</value>
         <object_component_ref idref="oc-68"/>
      </symbol>
      <symbol id="sm-428">
         <name>_enable_IRQ_interrupt_</name>
         <value>0x68c8</value>
         <object_component_ref idref="oc-68"/>
      </symbol>
      <symbol id="sm-429">
         <name>__TI_PINIT_Limit</name>
         <value>0x6a48</value>
         <object_component_ref idref="oc-68"/>
      </symbol>
      <symbol id="sm-42a">
         <name>_coreGetAuxiliaryInstructionFault_</name>
         <value>0x68ac</value>
         <object_component_ref idref="oc-68"/>
      </symbol>
      <symbol id="sm-42b">
         <name>_coreInitStackPointer_</name>
         <value>0x6794</value>
         <object_component_ref idref="oc-68"/>
      </symbol>
      <symbol id="sm-42c">
         <name>_esmCcmErrorsClear_</name>
         <value>0x68d8</value>
         <object_component_ref idref="oc-68"/>
      </symbol>
      <symbol id="sm-42d">
         <name>_gotoCPUIdle_</name>
         <value>0x67e8</value>
         <object_component_ref idref="oc-68"/>
      </symbol>
      <symbol id="sm-42e">
         <name>_coreEnableIrqVicOffset_</name>
         <value>0x6838</value>
         <object_component_ref idref="oc-68"/>
      </symbol>
      <symbol id="sm-42f">
         <name>_coreGetInstructionFault_</name>
         <value>0x685c</value>
         <object_component_ref idref="oc-68"/>
      </symbol>
      <symbol id="sm-430">
         <name>_cacheEnable_</name>
         <value>0x69b4</value>
         <object_component_ref idref="oc-68"/>
      </symbol>
      <symbol id="sm-431">
         <name>_coreEnableVfp_</name>
         <value>0x6800</value>
         <object_component_ref idref="oc-68"/>
      </symbol>
      <symbol id="sm-432">
         <name>_coreClearAuxiliaryDataFault_</name>
         <value>0x68a0</value>
         <object_component_ref idref="oc-68"/>
      </symbol>
      <symbol id="sm-433">
         <name>_coreEnableEventBusExport_</name>
         <value>0x6818</value>
         <object_component_ref idref="oc-68"/>
      </symbol>
      <symbol id="sm-434">
         <name>_checkMemInitOn_</name>
         <value>0x6994</value>
         <object_component_ref idref="oc-68"/>
      </symbol>
      <symbol id="sm-442">
         <name>resetEntry</name>
         <value>0x0</value>
         <object_component_ref idref="oc-2e"/>
      </symbol>
      <symbol id="sm-475">
         <name>buf_len</name>
         <value>0x8001654</value>
      </symbol>
      <symbol id="sm-476">
         <name>sciDisplayText</name>
         <value>0x70f4</value>
         <object_component_ref idref="oc-85"/>
      </symbol>
      <symbol id="sm-477">
         <name>ecapNotification</name>
         <value>0x71b0</value>
         <object_component_ref idref="oc-85"/>
      </symbol>
      <symbol id="sm-478">
         <name>main</name>
         <value>0x7154</value>
         <object_component_ref idref="oc-85"/>
      </symbol>
      <symbol id="sm-479">
         <name>txt_buf</name>
         <value>0x8001500</value>
         <object_component_ref idref="oc-12b"/>
      </symbol>
      <symbol id="sm-494">
         <name>_mpuSetRegionBaseAddress_</name>
         <value>0x6d7c</value>
         <object_component_ref idref="oc-7f"/>
      </symbol>
      <symbol id="sm-495">
         <name>_mpuInit_</name>
         <value>0x6a4c</value>
         <object_component_ref idref="oc-7f"/>
      </symbol>
      <symbol id="sm-496">
         <name>_mpuSetRegionSizeRegister_</name>
         <value>0x6db0</value>
         <object_component_ref idref="oc-7f"/>
      </symbol>
      <symbol id="sm-497">
         <name>_mpuDisableBackgroundRegion_</name>
         <value>0x6d44</value>
         <object_component_ref idref="oc-7f"/>
      </symbol>
      <symbol id="sm-498">
         <name>_mpuSetRegionTypeAndPermission_</name>
         <value>0x6d8c</value>
         <object_component_ref idref="oc-7f"/>
      </symbol>
      <symbol id="sm-499">
         <name>_mpuGetRegionPermission_</name>
         <value>0x6da4</value>
         <object_component_ref idref="oc-7f"/>
      </symbol>
      <symbol id="sm-49a">
         <name>_mpuEnable_</name>
         <value>0x6d04</value>
         <object_component_ref idref="oc-7f"/>
      </symbol>
      <symbol id="sm-49b">
         <name>_mpuGetNumberOfRegions_</name>
         <value>0x6d54</value>
         <object_component_ref idref="oc-7f"/>
      </symbol>
      <symbol id="sm-49c">
         <name>_mpuAreRegionsSeparate_</name>
         <value>0x6d60</value>
         <object_component_ref idref="oc-7f"/>
      </symbol>
      <symbol id="sm-49d">
         <name>_mpuEnableBackgroundRegion_</name>
         <value>0x6d34</value>
         <object_component_ref idref="oc-7f"/>
      </symbol>
      <symbol id="sm-49e">
         <name>_mpuGetRegionType_</name>
         <value>0x6d98</value>
         <object_component_ref idref="oc-7f"/>
      </symbol>
      <symbol id="sm-49f">
         <name>_mpuDisable_</name>
         <value>0x6d1c</value>
         <object_component_ref idref="oc-7f"/>
      </symbol>
      <symbol id="sm-4a0">
         <name>_mpuGetRegionBaseAddress_</name>
         <value>0x6d84</value>
         <object_component_ref idref="oc-7f"/>
      </symbol>
      <symbol id="sm-4a1">
         <name>_mpuSetRegion_</name>
         <value>0x6d6c</value>
         <object_component_ref idref="oc-7f"/>
      </symbol>
      <symbol id="sm-4a2">
         <name>_mpuGetRegion_</name>
         <value>0x6d74</value>
         <object_component_ref idref="oc-7f"/>
      </symbol>
      <symbol id="sm-4b5">
         <name>phantomInterrupt</name>
         <value>0x9030</value>
         <object_component_ref idref="oc-33"/>
      </symbol>
      <symbol id="sm-4c9">
         <name>_c_int00</name>
         <value>0x888c</value>
         <object_component_ref idref="oc-19"/>
      </symbol>
      <symbol id="sm-56c">
         <name>vimChannelMap</name>
         <value>0x4534</value>
         <object_component_ref idref="oc-3a"/>
      </symbol>
      <symbol id="sm-56d">
         <name>vimInit</name>
         <value>0x4460</value>
         <object_component_ref idref="oc-3a"/>
      </symbol>
      <symbol id="sm-56e">
         <name>vimEnableInterrupt</name>
         <value>0x45d8</value>
         <object_component_ref idref="oc-3a"/>
      </symbol>
      <symbol id="sm-56f">
         <name>vimDisableInterrupt</name>
         <value>0x47a0</value>
         <object_component_ref idref="oc-3a"/>
      </symbol>
      <symbol id="sm-570">
         <name>vimGetConfigValue</name>
         <value>0x484c</value>
         <object_component_ref idref="oc-3a"/>
      </symbol>
      <symbol id="sm-571">
         <name>vimECCErrorHandler</name>
         <value>0x6db8</value>
         <object_component_ref idref="oc-39"/>
      </symbol>
      <symbol id="sm-5bf">
         <name>systemGetConfigValue</name>
         <value>0x3f98</value>
         <object_component_ref idref="oc-73"/>
      </symbol>
      <symbol id="sm-5c0">
         <name>trimLPO</name>
         <value>0x3b64</value>
         <object_component_ref idref="oc-73"/>
      </symbol>
      <symbol id="sm-5c1">
         <name>systemInit</name>
         <value>0x3dcc</value>
         <object_component_ref idref="oc-73"/>
      </symbol>
      <symbol id="sm-5c2">
         <name>periphInit</name>
         <value>0x3bec</value>
         <object_component_ref idref="oc-73"/>
      </symbol>
      <symbol id="sm-5c3">
         <name>setupFlash</name>
         <value>0x3bac</value>
         <object_component_ref idref="oc-73"/>
      </symbol>
      <symbol id="sm-5c4">
         <name>setupPLL</name>
         <value>0x3b04</value>
         <object_component_ref idref="oc-73"/>
      </symbol>
      <symbol id="sm-5c5">
         <name>getResetSource</name>
         <value>0x3e70</value>
         <object_component_ref idref="oc-73"/>
      </symbol>
      <symbol id="sm-5c6">
         <name>mapClocks</name>
         <value>0x3ca0</value>
         <object_component_ref idref="oc-73"/>
      </symbol>
      <symbol id="sm-5c7">
         <name>systemPowerDown</name>
         <value>0x3e40</value>
         <object_component_ref idref="oc-73"/>
      </symbol>
      <symbol id="sm-5f0">
         <name>floorl</name>
         <value>0x8390</value>
         <object_component_ref idref="oc-1c5"/>
      </symbol>
      <symbol id="sm-5f1">
         <name>floor</name>
         <value>0x8390</value>
         <object_component_ref idref="oc-1c5"/>
      </symbol>
      <symbol id="sm-619">
         <name>__TI_auto_init_nobinit_nopinit</name>
         <value>0x8d1c</value>
         <object_component_ref idref="oc-dd"/>
      </symbol>
      <symbol id="sm-632">
         <name>__TI_zero_init_nomemset</name>
         <value>0x8f98</value>
         <object_component_ref idref="oc-5c"/>
      </symbol>
      <symbol id="sm-649">
         <name>__TI_decompress_none</name>
         <value>0x9008</value>
         <object_component_ref idref="oc-12"/>
      </symbol>
      <symbol id="sm-66c">
         <name>__TI_decompress_lzss</name>
         <value>0x8a88</value>
         <object_component_ref idref="oc-c"/>
      </symbol>
      <symbol id="sm-677">
         <name>C$$EXIT</name>
         <value>0x9028</value>
         <object_component_ref idref="oc-137"/>
      </symbol>
      <symbol id="sm-678">
         <name>abort</name>
         <value>0x9028</value>
         <object_component_ref idref="oc-137"/>
      </symbol>
      <symbol id="sm-6a0">
         <name>sprintf</name>
         <value>0x8de8</value>
         <object_component_ref idref="oc-11f"/>
      </symbol>
      <symbol id="sm-6ae">
         <name>strlen</name>
         <value>0x8fb8</value>
         <object_component_ref idref="oc-125"/>
      </symbol>
      <symbol id="sm-6c7">
         <name>memcpy</name>
         <value>0x7df8</value>
         <object_component_ref idref="oc-50"/>
      </symbol>
      <symbol id="sm-6c8">
         <name>__aeabi_memcpy</name>
         <value>0x7df8</value>
         <object_component_ref idref="oc-50"/>
      </symbol>
      <symbol id="sm-6c9">
         <name>__aeabi_memcpy8</name>
         <value>0x7df8</value>
         <object_component_ref idref="oc-50"/>
      </symbol>
      <symbol id="sm-6ca">
         <name>__aeabi_memcpy4</name>
         <value>0x7df8</value>
         <object_component_ref idref="oc-50"/>
      </symbol>
      <symbol id="sm-6d9">
         <name>__aeabi_memset</name>
         <value>0x8944</value>
         <object_component_ref idref="oc-ba"/>
      </symbol>
      <symbol id="sm-6da">
         <name>memset</name>
         <value>0x8950</value>
         <object_component_ref idref="oc-ba"/>
      </symbol>
      <symbol id="sm-6db">
         <name>__aeabi_memset8</name>
         <value>0x8944</value>
         <object_component_ref idref="oc-ba"/>
      </symbol>
      <symbol id="sm-6dc">
         <name>__aeabi_memset4</name>
         <value>0x8944</value>
         <object_component_ref idref="oc-ba"/>
      </symbol>
      <symbol id="sm-6dd">
         <name>__aeabi_memclr8</name>
         <value>0x8940</value>
         <object_component_ref idref="oc-ba"/>
      </symbol>
      <symbol id="sm-6de">
         <name>__aeabi_memclr4</name>
         <value>0x8940</value>
         <object_component_ref idref="oc-ba"/>
      </symbol>
      <symbol id="sm-6df">
         <name>__aeabi_memclr</name>
         <value>0x8940</value>
         <object_component_ref idref="oc-ba"/>
      </symbol>
      <symbol id="sm-824">
         <name>__TI_printfi</name>
         <value>0x2198</value>
         <object_component_ref idref="oc-1dd"/>
      </symbol>
      <symbol id="sm-837">
         <name>atoi</name>
         <value>0x8ba4</value>
         <object_component_ref idref="oc-23e"/>
      </symbol>
      <symbol id="sm-842">
         <name>_ctypes_</name>
         <value>0x9240</value>
         <object_component_ref idref="oc-2ab"/>
      </symbol>
      <symbol id="sm-850">
         <name>ltoa</name>
         <value>0x8c28</value>
         <object_component_ref idref="oc-2bb"/>
      </symbol>
      <symbol id="sm-85f">
         <name>memccpy</name>
         <value>0x8f20</value>
         <object_component_ref idref="oc-262"/>
      </symbol>
      <symbol id="sm-86d">
         <name>strchr</name>
         <value>0x8f4c</value>
         <object_component_ref idref="oc-2e8"/>
      </symbol>
      <symbol id="sm-883">
         <name>__aeabi_errno_addr</name>
         <value>0x901c</value>
         <object_component_ref idref="oc-26e"/>
      </symbol>
      <symbol id="sm-884">
         <name>errno</name>
         <value>0x8001600</value>
         <object_component_ref idref="oc-2f8"/>
      </symbol>
      <symbol id="sm-8a1">
         <name>frexpl</name>
         <value>0x8b18</value>
         <object_component_ref idref="oc-2dc"/>
      </symbol>
      <symbol id="sm-8a2">
         <name>frexp</name>
         <value>0x8b18</value>
         <object_component_ref idref="oc-2dc"/>
      </symbol>
      <symbol id="sm-8bc">
         <name>scalbn</name>
         <value>0x84cc</value>
         <object_component_ref idref="oc-2e2"/>
      </symbol>
      <symbol id="sm-8bd">
         <name>scalbnl</name>
         <value>0x84cc</value>
         <object_component_ref idref="oc-2e2"/>
      </symbol>
      <symbol id="sm-8be">
         <name>ldexpl</name>
         <value>0x84cc</value>
         <object_component_ref idref="oc-2e2"/>
      </symbol>
      <symbol id="sm-8bf">
         <name>ldexp</name>
         <value>0x84cc</value>
         <object_component_ref idref="oc-2e2"/>
      </symbol>
      <symbol id="sm-8d7">
         <name>wcslen</name>
         <value>0x8f74</value>
         <object_component_ref idref="oc-268"/>
      </symbol>
      <symbol id="sm-8e3">
         <name>__aeabi_idivmod</name>
         <value>0x8e4c</value>
         <object_component_ref idref="oc-31d"/>
      </symbol>
      <symbol id="sm-8e4">
         <name>__aeabi_idiv</name>
         <value>0x8e4c</value>
         <object_component_ref idref="oc-31d"/>
      </symbol>
      <symbol id="sm-8f0">
         <name>__aeabi_uidivmod</name>
         <value>0x8ea0</value>
         <object_component_ref idref="oc-2b5"/>
      </symbol>
      <symbol id="sm-8f1">
         <name>__aeabi_uidiv</name>
         <value>0x8ea0</value>
         <object_component_ref idref="oc-2b5"/>
      </symbol>
      <symbol id="sm-90d">
         <name>__aeabi_uldivmod</name>
         <value>0x76d8</value>
         <object_component_ref idref="oc-2b0"/>
      </symbol>
      <symbol id="sm-917">
         <name>copysign</name>
         <value>0x8fd8</value>
         <object_component_ref idref="oc-32f"/>
      </symbol>
      <symbol id="sm-918">
         <name>copysignl</name>
         <value>0x8fd8</value>
         <object_component_ref idref="oc-32f"/>
      </symbol>
      <symbol id="sm-922">
         <name>__aeabi_idiv0</name>
         <value>0x9034</value>
         <object_component_ref idref="oc-317"/>
      </symbol>
      <symbol id="sm-923">
         <name>__aeabi_ldiv0</name>
         <value>0x9034</value>
         <object_component_ref idref="oc-317"/>
      </symbol>
      <symbol id="sm-924">
         <name>__TI_static_base__</name>
         <value>0x0</value>
      </symbol>
      <symbol id="sm-927">
         <name>SHT$$INIT_ARRAY$$Base</name>
         <value>0x0</value>
      </symbol>
      <symbol id="sm-928">
         <name>SHT$$INIT_ARRAY$$Limit</name>
         <value>0x0</value>
      </symbol>
      <symbol id="sm-929">
         <name>_system_post_cinit</name>
         <value>0x0</value>
      </symbol>
   </symbol_table>
   <title>Link successful</title>
</link_info>
